Archive member included to satisfy reference by file (symbol)

build/cooja/mtype606.a(simEnvChange.o)
                              build/cooja/mtype606.o (simDontFallAsleep)
build/cooja/mtype606.a(cooja_mt.o)
                              build/cooja/mtype606.o (cooja_mt_start)
build/cooja/mtype606.a(cooja_mtarch.o)
                              build/cooja/mtype606.a(cooja_mt.o) (cooja_mtarch_start)
build/cooja/mtype606.a(rtimer-arch.o)
                              build/cooja/mtype606.o (rtimer_arch_check)
build/cooja/mtype606.a(beep.o)
                              build/cooja/mtype606.o (beep_interface)
build/cooja/mtype606.a(leds-arch.o)
                              build/cooja/mtype606.o (leds_interface)
build/cooja/mtype606.a(moteid.o)
                              build/cooja/mtype606.o (moteid_interface)
build/cooja/mtype606.a(pir-sensor.o)
                              build/cooja/mtype606.o (pir_interface)
build/cooja/mtype606.a(rs232.o)
                              build/cooja/mtype606.o (rs232_interface)
build/cooja/mtype606.a(vib-sensor.o)
                              build/cooja/mtype606.o (vib_interface)
build/cooja/mtype606.a(clock.o)
                              build/cooja/mtype606.o (clock_interface)
build/cooja/mtype606.a(cooja-log.o)
                              build/cooja/mtype606.o (simlog_interface)
build/cooja/mtype606.a(cfs-cooja.o)
                              build/cooja/mtype606.o (cfs_interface)
build/cooja/mtype606.a(cooja-radio.o)
                              build/cooja/mtype606.o (radio_interface)
build/cooja/mtype606.a(eeprom.o)
                              build/cooja/mtype606.o (eeprom_interface)
build/cooja/mtype606.a(random.o)
                              build/cooja/mtype606.a(moteid.o) (random_init)
build/cooja/mtype606.a(sensors.o)
                              build/cooja/mtype606.a(pir-sensor.o) (sensors_changed)
build/cooja/mtype606.a(leds.o)
                              build/cooja/mtype606.a(leds-arch.o) (leds_get)
build/cooja/mtype606.a(gpio-hal-arch.o)
                              build/cooja/mtype606.a(leds-arch.o) (gpio_hal_arch_register_pin_callback)
build/cooja/mtype606.a(buttons.o)
                              build/cooja/mtype606.o (button_interface)
build/cooja/mtype606.a(res_flag.o)
                              flag.o (res_flag)
build/cooja/mtype606.a(coap-engine.o)
                              flag.o (coap_activate_resource)
build/cooja/mtype606.a(coap-res-well-k)
                              build/cooja/mtype606.a(coap-engine.o) (res_well_known_core)
build/cooja/mtype606.a(coap-observe.o)
                              build/cooja/mtype606.a(coap-engine.o) (coap_remove_observer_by_mid)
build/cooja/mtype606.a(coap-uip.o)
                              build/cooja/mtype606.a(coap-observe.o) (coap_endpoint_copy)
build/cooja/mtype606.a(coap-timer.o)
                              build/cooja/mtype606.a(coap-engine.o) (coap_timer_set)
build/cooja/mtype606.a(coap-transactio)
                              build/cooja/mtype606.a(coap-engine.o) (coap_send_transaction)
build/cooja/mtype606.a(coap.o)
                              build/cooja/mtype606.a(coap-engine.o) (coap_status_code)
build/cooja/mtype606.a(contiki-main.o)
                              build/cooja/mtype606.o (main)
build/cooja/mtype606.a(autostart.o)
                              build/cooja/mtype606.a(contiki-main.o) (autostart_start)
build/cooja/mtype606.a(ctimer.o)
                              build/cooja/mtype606.a(contiki-main.o) (ctimer_init)
build/cooja/mtype606.a(log.o)
                              build/cooja/mtype606.a(contiki-main.o) (curr_log_level_main)
build/cooja/mtype606.a(energest.o)
                              build/cooja/mtype606.a(contiki-main.o) (energest_init)
build/cooja/mtype606.a(etimer.o)
                              build/cooja/mtype606.a(contiki-main.o) (etimer_process)
build/cooja/mtype606.a(node-id.o)
                              build/cooja/mtype606.a(contiki-main.o) (node_id)
build/cooja/mtype606.a(rtimer.o)
                              build/cooja/mtype606.a(contiki-main.o) (rtimer_init)
build/cooja/mtype606.a(process.o)
                              build/cooja/mtype606.a(ctimer.o) (process_current)
build/cooja/mtype606.a(timer.o)
                              build/cooja/mtype606.a(etimer.o) (timer_set)
build/cooja/mtype606.a(list.o)
                              build/cooja/mtype606.a(coap-engine.o) (list_init)
build/cooja/mtype606.a(memb.o)
                              build/cooja/mtype606.a(coap-observe.o) (memb_alloc)
build/cooja/mtype606.a(button-hal.o)
                              build/cooja/mtype606.o (button_hal_init)
build/cooja/mtype606.a(serial-line.o)
                              build/cooja/mtype606.a(rs232.o) (serial_line_input_byte)
build/cooja/mtype606.a(gpio-hal.o)
                              build/cooja/mtype606.a(button-hal.o) (gpio_hal_register_handler)
build/cooja/mtype606.a(queuebuf.o)
[...]
Memory Configuration

Name             Origin             Length             Attributes
*default*        0x0000000000000000 0xffffffffffffffff

Linker script and memory map

LOAD /usr/lib/gcc/i686-linux-gnu/5/../../../i386-linux-gnu/crti.o
LOAD /usr/lib/gcc/i686-linux-gnu/5/crtbeginS.o
LOAD flag.o
LOAD build/cooja/mtype606.o
LOAD build/cooja/mtype606.a
LOAD /usr/lib/gcc/i686-linux-gnu/5/libgcc.a
LOAD /usr/lib/gcc/i686-linux-gnu/5/libgcc_s.so
LOAD /usr/lib/gcc/i686-linux-gnu/5/../../../i386-linux-gnu/libc.so
START GROUP
LOAD /lib/i386-linux-gnu/libc.so.6
LOAD /usr/lib/i386-linux-gnu/libc_nonshared.a
LOAD /lib/i386-linux-gnu/ld-linux.so.2
END GROUP
LOAD /usr/lib/gcc/i686-linux-gnu/5/libgcc.a
LOAD /usr/lib/gcc/i686-linux-gnu/5/libgcc_s.so
LOAD /usr/lib/gcc/i686-linux-gnu/5/crtendS.o
LOAD /usr/lib/gcc/i686-linux-gnu/5/../../../i386-linux-gnu/crtn.o
                0x0000000000000114                . = (0x0 + SIZEOF_HEADERS)

.note.gnu.build-id
                0x0000000000000114       0x24
 *(.note.gnu.build-id)
 .note.gnu.build-id
                0x0000000000000114       0x24 /usr/lib/gcc/i686-linux-gnu/5/../../../i386-linux-gnu/crti.o

.hash
 *(.hash)

.gnu.hash       0x0000000000000138     0x1584
 *(.gnu.hash)
 .gnu.hash      0x0000000000000138     0x1584 /usr/lib/gcc/i686-linux-gnu/5/../../../i386-linux-gnu/crti.o

.dynsym         0x00000000000016bc     0x2e90
 *(.dynsym)
 .dynsym        0x00000000000016bc     0x2e90 /usr/lib/gcc/i686-linux-gnu/5/../../../i386-linux-gnu/crti.o

.dynstr         0x000000000000454c     0x3639
 *(.dynstr)
 .dynstr        0x000000000000454c     0x3639 /usr/lib/gcc/i686-linux-gnu/5/../../../i386-linux-gnu/crti.o

.gnu.version    0x0000000000007b86      0x5d2
 *(.gnu.version)
 .gnu.version   0x0000000000007b86      0x5d2 /usr/lib/gcc/i686-linux-gnu/5/../../../i386-linux-gnu/crti.o

.gnu.version_d  0x0000000000008158        0x0
 *(.gnu.version_d)
 .gnu.version_d
                0x0000000000008158        0x0 /usr/lib/gcc/i686-linux-gnu/5/../../../i386-linux-gnu/crti.o

.gnu.version_r  0x0000000000008158       0x40
 *(.gnu.version_r)
 .gnu.version_r
                0x0000000000008158       0x40 /usr/lib/gcc/i686-linux-gnu/5/../../../i386-linux-gnu/crti.o

.rel.dyn        0x0000000000008198     0x8e30
 *(.rel.init)
 .rel.init      0x0000000000008198        0x0 /usr/lib/gcc/i686-linux-gnu/5/../../../i386-linux-gnu/crti.o
 *(.rel.text .rel.text.* .rel.gnu.linkonce.t.*)
 .rel.text      0x0000000000008198     0x8480 /usr/lib/gcc/i686-linux-gnu/5/../../../i386-linux-gnu/crti.o
 *(.rel.fini)
 .rel.fini      0x0000000000010618        0x0 /usr/lib/gcc/i686-linux-gnu/5/../../../i386-linux-gnu/crti.o
 *(.rel.rodata .rel.rodata.* .rel.gnu.linkonce.r.*)
 .rel.rodata    0x0000000000010618      0x588 /usr/lib/gcc/i686-linux-gnu/5/../../../i386-linux-gnu/crti.o
 *(.rel.data.rel.ro .rel.data.rel.ro.* .rel.gnu.linkonce.d.rel.ro.*)
 *(.rel.data .rel.data.* .rel.gnu.linkonce.d.*)
 .rel.data.rel.local
                0x0000000000010ba0        0x8 /usr/lib/gcc/i686-linux-gnu/5/../../../i386-linux-gnu/crti.o
 .rel.data      0x0000000000010ba8      0x3e8 /usr/lib/gcc/i686-linux-gnu/5/../../../i386-linux-gnu/crti.o
 *(.rel.tdata .rel.tdata.* .rel.gnu.linkonce.td.*)
 *(.rel.tbss .rel.tbss.* .rel.gnu.linkonce.tb.*)
 *(.rel.ctors)
 *(.rel.dtors)
 *(.rel.got)
 .rel.got       0x0000000000010f90       0x28 /usr/lib/gcc/i686-linux-gnu/5/../../../i386-linux-gnu/crti.o
 *(.rel.bss .rel.bss.* .rel.gnu.linkonce.b.*)
 *(.rel.ifunc)
 .rel.ifunc     0x0000000000010fb8        0x0 /usr/lib/gcc/i686-linux-gnu/5/../../../i386-linux-gnu/crti.o
 .rel.fini_array
                0x0000000000010fb8        0x8 /usr/lib/gcc/i686-linux-gnu/5/../../../i386-linux-gnu/crti.o
 .rel.init_array
                0x0000000000010fc0        0x8 /usr/lib/gcc/i686-linux-gnu/5/../../../i386-linux-gnu/crti.o

.rel.plt        0x0000000000010fc8        0x0
 *(.rel.plt)
 .rel.plt       0x0000000000010fc8        0x0 /usr/lib/gcc/i686-linux-gnu/5/../../../i386-linux-gnu/crti.o
 *(.rel.iplt)

.init           0x0000000000010fc8       0x23
 *(SORT(.init))
 .init          0x0000000000010fc8       0x1e /usr/lib/gcc/i686-linux-gnu/5/../../../i386-linux-gnu/crti.o
                0x0000000000010fc8                _init
 .init          0x0000000000010fe6        0x5 /usr/lib/gcc/i686-linux-gnu/5/../../../i386-linux-gnu/crtn.o

.plt            0x0000000000010ff0       0x10
 *(.plt)
 .plt           0x0000000000010ff0       0x10 /usr/lib/gcc/i686-linux-gnu/5/../../../i386-linux-gnu/crti.o
 *(.iplt)

.plt.got        0x0000000000011000       0x10
 *(.plt.got)
 .plt.got       0x0000000000011000       0x10 /usr/lib/gcc/i686-linux-gnu/5/../../../i386-linux-gnu/crti.o

.text           0x0000000000011010    0x17ff2
 *(.text.unlikely .text.*_unlikely .text.unlikely.*)
 .text.unlikely
                0x0000000000011010        0x0 /usr/lib/gcc/i686-linux-gnu/5/crtbeginS.o
 .text.unlikely
                0x0000000000011010        0x0 /usr/lib/gcc/i686-linux-gnu/5/libgcc.a(_udivdi3.o)
 *(.text.exit .text.exit.*)
 *(.text.startup .text.startup.*)
 *(.text.hot .text.hot.*)
 *(.text .stub .text.* .gnu.linkonce.t.*)
 .text          0x0000000000011010        0x0 /usr/lib/gcc/i686-linux-gnu/5/../../../i386-linux-gnu/crti.o
 .gnu.linkonce.t.__x86.get_pc_thunk.bx
                0x0000000000011010        0x4 /usr/lib/gcc/i686-linux-gnu/5/../../../i386-linux-gnu/crti.o
                0x0000000000011010                __x86.get_pc_thunk.bx
 *fill*         0x0000000000011014        0xc 
 .text          0x0000000000011020      0x11c /usr/lib/gcc/i686-linux-gnu/5/crtbeginS.o
 .text.__x86.get_pc_thunk.dx
                0x000000000001113c        0x4 /usr/lib/gcc/i686-linux-gnu/5/crtbeginS.o
                0x000000000001113c                __x86.get_pc_thunk.dx
 .text          0x0000000000011140       0x45 flag.o
 .text          0x0000000000011185      0x283 build/cooja/mtype606.o
                0x0000000000011217                platform_init_stage_one
                0x000000000001122a                platform_init_stage_two
                0x000000000001123d                platform_init_stage_three
                0x0000000000011250                platform_main_loop
                0x00000000000112c3                Java_org_contikios_cooja_corecomm_Lib9_init
                0x00000000000112fa                Java_org_contikios_cooja_corecomm_Lib9_getMemory
                0x000000000001132d                Java_org_contikios_cooja_corecomm_Lib9_setMemory
                0x000000000001138d                Java_org_contikios_cooja_corecomm_Lib9_tick
                0x00000000000113f5                Java_org_contikios_cooja_corecomm_Lib9_setReferenceAddress
 .text          0x0000000000011408       0x65 build/cooja/mtype606.a(simEnvChange.o)
                0x0000000000011408                doActionsBeforeTick
                0x000000000001143a                doActionsAfterTick
 .text          0x000000000001146d       0x83 build/cooja/mtype606.a(cooja_mt.o)
                0x000000000001146d                cooja_mt_start
                0x0000000000011497                cooja_mt_exec
                0x00000000000114cd                cooja_mt_yield
 .text          0x00000000000114f0       0xbe build/cooja/mtype606.a(cooja_mtarch.o)
                0x00000000000114f0                cooja_mtarch_start
                0x0000000000011563                cooja_sw
                0x0000000000011586                cooja_mtarch_exec
                0x00000000000115a3                cooja_mtarch_yield
 .text          0x00000000000115ae       0xc5 build/cooja/mtype606.a(rtimer-arch.o)
                0x00000000000115ae                rtimer_arch_init
                0x00000000000115d2                rtimer_arch_schedule
                0x0000000000011602                rtimer_arch_next
                0x0000000000011612                rtimer_arch_pending
                0x000000000001161c                rtimer_arch_check
                0x0000000000011663                rtimer_arch_now
 .text          0x0000000000011673       0x81 build/cooja/mtype606.a(beep.o)
                0x0000000000011673                beep_alarm
                0x0000000000011680                beep_beep
                0x000000000001168d                beep
                0x000000000001169a                beep_down
                0x00000000000116a7                beep_on
                0x00000000000116b4                beep_off
                0x00000000000116c1                beep_spinup
                0x00000000000116ce                beep_quick
                0x00000000000116db                beep_long
 .text          0x00000000000116f4       0x65 build/cooja/mtype606.a(leds-arch.o)
                0x0000000000011707                leds_arch_init
 .text          0x0000000000011759       0x35 build/cooja/mtype606.a(moteid.o)
 .text          0x000000000001178e       0xb7 build/cooja/mtype606.a(pir-sensor.o)
 .text          0x0000000000011845      0x148 build/cooja/mtype606.a(rs232.o)
                0x0000000000011845                rs232_init
                0x000000000001184b                rs232_set_speed
                0x000000000001185a                rs232_set_input
                0x0000000000011868                rs232_send
                0x000000000001188c                rs232_print
                0x00000000000118a8                slip_arch_writeb
 .text          0x000000000001198d       0xb7 build/cooja/mtype606.a(vib-sensor.o)
 .text          0x0000000000011a44       0x38 build/cooja/mtype606.a(clock.o)
                0x0000000000011a44                clock_init
                0x0000000000011a4a                clock_time
                0x0000000000011a54                clock_seconds
                0x0000000000011a6a                clock_delay
 .text          0x0000000000011a7c      0x219 build/cooja/mtype606.a(cooja-log.o)
                0x0000000000011a7c                simlog_char
                0x0000000000011abf                simlog
                0x0000000000011b35                log_message
                0x0000000000011b66                log_set_putchar_with_slip
                0x0000000000011b74                log_putchar
                0x0000000000011bef                log_puts
                0x0000000000011c17                log_printf
 .text          0x0000000000011c95      0x2b9 build/cooja/mtype606.a(cfs-cooja.o)
                0x0000000000011c95                cfs_open
                0x0000000000011cfe                cfs_close
                0x0000000000011d0b                cfs_read
                0x0000000000011da0                cfs_write
                0x0000000000011e7c                cfs_seek
                0x0000000000011f04                cfs_remove
                0x0000000000011f28                cfs_opendir
                0x0000000000011f32                cfs_readdir
                0x0000000000011f3c                cfs_closedir
 .text          0x0000000000011f4e      0x620 build/cooja/mtype606.a(cooja-radio.o)
                0x0000000000011f90                radio_set_channel
                0x0000000000011f9e                radio_set_txpower
                0x0000000000011fb6                radio_signal_strength_last
                0x0000000000011fc0                radio_signal_strength_current
                0x0000000000011fca                radio_LQI
 .text          0x000000000001256e       0xee build/cooja/mtype606.a(eeprom.o)
                0x000000000001256e                eeprom_init
                0x0000000000012574                eeprom_read
                0x00000000000125e2                eeprom_write
 .text          0x000000000001265c       0x2d build/cooja/mtype606.a(random.o)
                0x000000000001265c                random_init
                0x000000000001267c                random_rand
 .text          0x0000000000012689      0x29c build/cooja/mtype606.a(sensors.o)
                0x00000000000126c4                sensors_first
                0x00000000000126ce                sensors_next
                0x00000000000126e8                sensors_changed
                0x000000000001271c                sensors_find
 .text          0x0000000000012925      0x349 build/cooja/mtype606.a(leds.o)
                0x0000000000012925                leds_init
                0x000000000001296c                leds_single_on
                0x00000000000129cb                leds_single_off
                0x0000000000012a2a                leds_single_toggle
                0x0000000000012a5c                leds_on
                0x0000000000012ade                leds_off
                0x0000000000012b60                leds_toggle
                0x0000000000012bb5                leds_set
                0x0000000000012be1                leds_get
 .text          0x0000000000012c6e      0x343 build/cooja/mtype606.a(gpio-hal-arch.o)
                0x0000000000012c6e                gpio_hal_arch_register_pin_callback
                0x0000000000012cda                gpio_hal_arch_init
                0x0000000000012d1f                gpio_hal_arch_no_port_interrupt_enable
                0x0000000000012d4f                gpio_hal_arch_no_port_interrupt_disable
                0x0000000000012d7f                gpio_hal_arch_no_port_pin_cfg_set
                0x0000000000012da4                gpio_hal_arch_no_port_pin_cfg_get
                0x0000000000012dca                gpio_hal_arch_no_port_pin_set_input
                0x0000000000012ddc                gpio_hal_arch_no_port_pin_set_output
                0x0000000000012dee                gpio_hal_arch_no_port_set_pin
                0x0000000000012e0f                gpio_hal_arch_no_port_clear_pin
                0x0000000000012e30                gpio_hal_arch_no_port_read_pin
                0x0000000000012e56                gpio_hal_arch_no_port_write_pin
                0x0000000000012e80                gpio_hal_arch_no_port_set_pins
                0x0000000000012ec7                gpio_hal_arch_no_port_clear_pins
                0x0000000000012f0e                gpio_hal_arch_no_port_read_pins
                0x0000000000012f51                gpio_hal_arch_no_port_write_pins
 .text          0x0000000000012fb1       0x89 build/cooja/mtype606.a(buttons.o)
 .text          0x000000000001303a      0x166 build/cooja/mtype606.a(res_flag.o)
 .text          0x00000000000131a0      0xbea build/cooja/mtype606.a(coap-engine.o)
                0x0000000000013235                coap_add_handler
                0x0000000000013252                coap_remove_handler
                0x000000000001326f                coap_call_handlers
                0x0000000000013377                coap_receive
                0x0000000000013972                coap_engine_init
                0x00000000000139d0                coap_activate_resource
                0x0000000000013a7b                coap_get_first_resource
                0x0000000000013a94                coap_get_next_resource
 .text          0x0000000000013d8a      0x2d9 build/cooja/mtype606.a(coap-res-well-k)
 .text          0x0000000000014063      0x96a build/cooja/mtype606.a(coap-observe.o)
                0x0000000000014178                coap_remove_observer
                0x00000000000141a8                coap_remove_observer_by_client
                0x0000000000014210                coap_remove_observer_by_token
                0x00000000000142a3                coap_remove_observer_by_uri
                0x000000000001434a                coap_remove_observer_by_mid
                0x00000000000143c6                coap_notify_observers
                0x00000000000143df                coap_notify_observers_sub
                0x0000000000014849                coap_observe_handler
                0x0000000000014964                coap_has_observers
 .text          0x00000000000149cd      0x733 build/cooja/mtype606.a(coap-uip.o)
                0x00000000000149cd                coap_endpoint_log
                0x0000000000014a53                coap_endpoint_print
                0x0000000000014ad9                coap_endpoint_snprint
                0x0000000000014c0c                coap_endpoint_copy
                0x0000000000014c49                coap_endpoint_cmp
                0x0000000000014d57                coap_endpoint_parse
                0x0000000000014f42                coap_endpoint_is_secure
                0x0000000000014f51                coap_endpoint_is_connected
                0x0000000000014f85                coap_endpoint_connect
                0x0000000000014fa1                coap_endpoint_disconnect
                0x0000000000014fa7                coap_databuf
                0x0000000000014fb1                coap_transport_init
                0x0000000000015001                coap_sendto
 .text          0x0000000000015100      0x324 build/cooja/mtype606.a(coap-timer.o)
                0x00000000000151fd                coap_timer_stop
                0x0000000000015228                coap_timer_set
                0x000000000001526b                coap_timer_reset
                0x00000000000152ae                coap_timer_time_to_next_expiration
                0x000000000001531a                coap_timer_run
                0x00000000000153e6                coap_timer_init
 .text          0x0000000000015424      0x2c6 build/cooja/mtype606.a(coap-transactio)
                0x000000000001548a                coap_new_transaction
                0x00000000000154f0                coap_send_transaction
                0x0000000000015651                coap_clear_transaction
                0x0000000000015699                coap_get_transaction_by_mid
 .text          0x00000000000156ea     0x1c53 build/cooja/mtype606.a(coap.o)
                0x0000000000015c57                coap_init_connection
                0x0000000000015c6b                coap_get_mid
                0x0000000000015c87                coap_init_message
                0x0000000000015cd0                coap_serialize_message
                0x0000000000016352                coap_parse_message
                0x00000000000169b9                coap_get_query_variable
                0x00000000000169fb                coap_get_post_variable
                0x0000000000016a3f                coap_set_status_code
                0x0000000000016a64                coap_set_token
                0x0000000000016aab                coap_get_header_content_format
                0x0000000000016adc                coap_set_header_content_format
                0x0000000000016aff                coap_get_header_accept
                0x0000000000016b30                coap_set_header_accept
                0x0000000000016b53                coap_get_header_max_age
                0x0000000000016b84                coap_set_header_max_age
                0x0000000000016ba4                coap_get_header_etag
                0x0000000000016bd6                coap_set_header_etag
                0x0000000000016c2d                coap_get_header_if_match
                0x0000000000016c5f                coap_set_header_if_match
                0x0000000000016cb6                coap_get_header_if_none_match
                0x0000000000016cd0                coap_set_header_if_none_match
                0x0000000000016ce7                coap_get_header_proxy_uri
                0x0000000000016d15                coap_set_header_proxy_uri
                0x0000000000016d52                coap_get_header_uri_host
                0x0000000000016d80                coap_set_header_uri_host
                0x0000000000016dbd                coap_get_header_uri_path
                0x0000000000016deb                coap_set_header_uri_path
                0x0000000000016e38                coap_get_header_uri_query
                0x0000000000016e6c                coap_set_header_uri_query
                0x0000000000016ec2                coap_get_header_location_path
                0x0000000000016ef0                coap_set_header_location_path
                0x0000000000016f89                coap_get_header_location_query
                0x0000000000016fb7                coap_set_header_location_query
                0x0000000000017004                coap_get_header_observe
                0x0000000000017033                coap_set_header_observe
                0x0000000000017053                coap_get_header_block2
                0x00000000000170bf                coap_set_header_block2
                0x0000000000017136                coap_get_header_block1
                0x00000000000171ab                coap_set_header_block1
                0x0000000000017226                coap_get_header_size2
                0x0000000000017256                coap_set_header_size2
                0x0000000000017279                coap_get_header_size1
                0x00000000000172a9                coap_set_header_size1
                0x00000000000172cc                coap_get_payload
                0x0000000000017306                coap_set_payload
 .text          0x000000000001733d      0x332 build/cooja/mtype606.a(contiki-main.o)
                0x000000000001733d                main
 .text          0x000000000001766f       0x92 build/cooja/mtype606.a(autostart.o)
                0x000000000001766f                autostart_start
                0x00000000000176b9                autostart_exit
 .text          0x0000000000017701      0x355 build/cooja/mtype606.a(ctimer.o)
                0x0000000000017829                ctimer_init
                0x000000000001785c                ctimer_set
                0x0000000000017882                ctimer_set_with_process
                0x00000000000178ff                ctimer_reset
                0x0000000000017953                ctimer_restart
                0x00000000000179a7                ctimer_stop
                0x00000000000179f7                ctimer_expired
 .text          0x0000000000017a56      0x394 build/cooja/mtype606.a(log.o)
                0x0000000000017a56                log_6addr
                0x0000000000017aa9                log_6addr_compact_snprint
                0x0000000000017b47                log_6addr_compact
                0x0000000000017b9a                log_lladdr
                0x0000000000017c0c                log_lladdr_compact
                0x0000000000017c74                log_set_level
                0x0000000000017d2f                log_get_level
                0x0000000000017da8                log_level_to_str
 .text          0x0000000000017dea       0x1b build/cooja/mtype606.a(energest.o)
                0x0000000000017dea                energest_init
                0x0000000000017df0                energest_flush
                0x0000000000017df6                energest_get_total_time
 .text          0x0000000000017e05      0x43f build/cooja/mtype606.a(etimer.o)
                0x0000000000018029                etimer_request_poll
                0x00000000000180b2                etimer_set
                0x00000000000180db                etimer_reset_with_new_interval
                0x000000000001810a                etimer_reset
                0x0000000000018130                etimer_restart
                0x0000000000018156                etimer_adjust
                0x0000000000018173                etimer_expired
                0x0000000000018186                etimer_expiration_time
                0x0000000000018198                etimer_start_time
                0x00000000000181a2                etimer_pending
                0x00000000000181b4                etimer_next_expiration_time
                0x00000000000181ce                etimer_stop
 .text          0x0000000000018244       0x25 build/cooja/mtype606.a(node-id.o)
                0x0000000000018244                node_id_init
 .text          0x0000000000018269       0xeb build/cooja/mtype606.a(rtimer.o)
                0x0000000000018269                rtimer_init
                0x0000000000018277                rtimer_set
                0x00000000000182f2                rtimer_run_next
 .text          0x0000000000018354      0x4fb build/cooja/mtype606.a(process.o)
                0x0000000000018354                process_alloc_event
                0x0000000000018369                process_start
                0x0000000000018543                process_exit
                0x0000000000018560                process_init
                0x00000000000186f5                process_run
                0x0000000000018728                process_nevents
                0x0000000000018743                process_post
                0x00000000000187d6                process_post_synch
                0x000000000001880b                process_poll
                0x000000000001883b                process_is_running
 .text          0x000000000001884f       0xb1 build/cooja/mtype606.a(timer.o)
                0x000000000001884f                timer_set
                0x000000000001886d                timer_reset
                0x000000000001889a                timer_restart
                0x00000000000188af                timer_expired
                0x00000000000188dc                timer_remaining
 .text          0x0000000000018900      0x28f build/cooja/mtype606.a(list.o)
                0x0000000000018900                list_init
                0x000000000001890f                list_head
                0x0000000000018919                list_copy
                0x0000000000018929                list_tail
                0x000000000001895f                list_add
                0x00000000000189ab                list_push
                0x00000000000189d7                list_chop
                0x0000000000018a41                list_pop
                0x0000000000018a69                list_remove
                0x0000000000018ad1                list_length
                0x0000000000018aff                list_insert
                0x0000000000018b44                list_item_next
                0x0000000000018b5b                list_contains
 .text          0x0000000000018b8f      0x1b5 build/cooja/mtype606.a(memb.o)
                0x0000000000018b8f                memb_init
                0x0000000000018be4                memb_alloc
                0x0000000000018c47                memb_free
                0x0000000000018cbe                memb_inmemb
                0x0000000000018cfd                memb_numfree
 .text          0x0000000000018d44      0x41c build/cooja/mtype606.a(button-hal.o)
                0x0000000000018ebd                button_hal_get_by_id
                0x0000000000018efb                button_hal_get_by_index
                0x0000000000018f27                button_hal_get_state
                0x0000000000018f79                button_hal_init
 .text          0x0000000000019160      0x1f3 build/cooja/mtype606.a(serial-line.o)
                0x0000000000019160                serial_line_input_byte
                0x000000000001931e                serial_line_init
 .text          0x0000000000019353      0x168 build/cooja/mtype606.a(gpio-hal.o)
                0x0000000000019353                gpio_hal_register_handler
                0x0000000000019370                gpio_hal_event_handler
                0x00000000000193cc                gpio_hal_init
                0x00000000000193eb                gpio_hal_arch_port_toggle_pin
                0x0000000000019427                gpio_hal_arch_port_toggle_pins
                0x0000000000019455                gpio_hal_arch_no_port_toggle_pin
                0x0000000000019493                gpio_hal_arch_no_port_toggle_pins
 .text          0x00000000000194bb      0x2e7 build/cooja/mtype606.a(queuebuf.o)
                0x00000000000194c5                queuebuf_init
                0x00000000000194ee                queuebuf_numfree
                0x0000000000019506                queuebuf_new_from_packetbuf
                0x00000000000195a5                queuebuf_update_attr_from_packetbuf
                0x00000000000195da                queuebuf_update_from_packetbuf
                0x000000000001962a                queuebuf_free
                0x0000000000019673                queuebuf_to_packetbuf
                0x00000000000196df                queuebuf_dataptr
                0x0000000000019719                queuebuf_datalen
                0x000000000001973c                queuebuf_addr
                0x0000000000019771                queuebuf_attr
                0x000000000001979c                queuebuf_debug_print
 .text          0x00000000000197a2      0x407 build/cooja/mtype606.a(packetbuf.o)
                0x00000000000197a2                packetbuf_clear
                0x00000000000197cd                packetbuf_copyfrom
                0x000000000001981c                packetbuf_copyto
                0x00000000000198af                packetbuf_hdralloc
                0x000000000001992b                packetbuf_hdrreduce
                0x0000000000019971                packetbuf_set_datalen
                0x000000000001998b                packetbuf_dataptr
                0x00000000000199a8                packetbuf_hdrptr
                0x00000000000199b2                packetbuf_datalen
                0x00000000000199be                packetbuf_hdrlen
                0x00000000000199d5                packetbuf_totlen
                0x00000000000199eb                packetbuf_remaininglen
                0x00000000000199fe                packetbuf_attr_clear
                0x0000000000019a4a                packetbuf_attr_copyto
                0x0000000000019aa2                packetbuf_attr_copyfrom
                0x0000000000019afa                packetbuf_set_attr
                0x0000000000019b24                packetbuf_attr
                0x0000000000019b3e                packetbuf_set_addr
                0x0000000000019b6f                packetbuf_addr
                0x0000000000019b8c                packetbuf_holds_broadcast
 .text          0x0000000000019ba9       0xef build/cooja/mtype606.a(netstack.o)
                0x0000000000019ba9                netstack_process_ip_callback
                0x0000000000019c3a                netstack_ip_packet_processor_add
                0x0000000000019c5d                uip_ds6_ip_packet_processor_rm
                0x0000000000019c7a                netstack_init
 .text          0x0000000000019c98       0x4f build/cooja/mtype606.a(linkaddr.o)
                0x0000000000019c98                linkaddr_copy
                0x0000000000019cae                linkaddr_cmp
                0x0000000000019cd1                linkaddr_set_node_addr
 .text          0x0000000000019ce7      0x1f6 build/cooja/mtype606.a(csma.o)
 .text          0x0000000000019edd      0x95d build/cooja/mtype606.a(csma-output.o)
                0x000000000001a574                csma_output_packet
                0x000000000001a801                csma_output_init
 .text          0x000000000001a83a      0xc11 build/cooja/mtype606.a(uip-ds6.o)
                0x000000000001a83a                uip_ds6_default_prefix
                0x000000000001a844                uip_ds6_set_default_prefix
                0x000000000001a86f                uip_ds6_init
                0x000000000001aad1                uip_ds6_periodic
                0x000000000001ab58                uip_ds6_list_loop
                0x000000000001ac18                uip_ds6_prefix_add
                0x000000000001acc4                uip_ds6_prefix_rm
                0x000000000001acd7                uip_ds6_prefix_lookup
                0x000000000001ad16                uip_ds6_is_addr_onlink
                0x000000000001ad89                uip_ds6_addr_add
                0x000000000001aea9                uip_ds6_addr_rm
                0x000000000001af52                uip_ds6_addr_lookup
                0x000000000001af8b                uip_ds6_get_link_local
                0x000000000001b00c                uip_ds6_get_global
                0x000000000001b08d                uip_ds6_maddr_add
                0x000000000001b0ed                uip_ds6_maddr_rm
                0x000000000001b100                uip_ds6_maddr_lookup
                0x000000000001b139                uip_ds6_aaddr_add
                0x000000000001b199                uip_ds6_aaddr_rm
                0x000000000001b1ac                uip_ds6_aaddr_lookup
                0x000000000001b1e5                uip_ds6_select_src
                0x000000000001b32e                uip_ds6_set_addr_iid
                0x000000000001b359                uip_ds6_set_lladdr_from_iid
                0x000000000001b382                get_match_length
                0x000000000001b413                uip_ds6_compute_reachable_time
 .text          0x000000000001b44b      0x128 build/cooja/mtype606.a(uip-udp-packet.)
                0x000000000001b44b                uip_udp_packet_send
                0x000000000001b4a6                uip_udp_packet_sendto
 .text          0x000000000001b573      0x35b build/cooja/mtype606.a(uip-ds6-route.o)
                0x000000000001b5c4                uip_ds6_route_init
                0x000000000001b5ee                uip_ds6_route_nexthop
                0x000000000001b5f8                uip_ds6_route_head
                0x000000000001b602                uip_ds6_route_next
                0x000000000001b60c                uip_ds6_route_is_nexthop
                0x000000000001b616                uip_ds6_route_num_routes
                0x000000000001b620                uip_ds6_route_lookup
                0x000000000001b62a                uip_ds6_route_add
                0x000000000001b63d                uip_ds6_route_rm
                0x000000000001b643                uip_ds6_route_rm_by_nexthop
                0x000000000001b649                uip_ds6_defrt_head
                0x000000000001b662                uip_ds6_defrt_add
                0x000000000001b710                uip_ds6_defrt_rm
                0x000000000001b776                uip_ds6_defrt_lookup
                0x000000000001b7dd                uip_ds6_defrt_choose
                0x000000000001b853                uip_ds6_defrt_periodic
 .text          0x000000000001b8ce      0x6f7 build/cooja/mtype606.a(tcpip.o)
                0x000000000001b8e8                tcpip_output
                0x000000000001b967                udp_attach
                0x000000000001b97f                udp_new
                0x000000000001b9c9                udp_broadcast_new
                0x000000000001bb3b                tcpip_input
                0x000000000001bccb                tcpip_ipv6_output
                0x000000000001bebf                tcpip_poll_udp
                0x000000000001bedd                tcpip_uipcall
 .text          0x000000000001bfc5     0x1205 build/cooja/mtype606.a(uip6.o)
                0x000000000001c074                uip_chksum
                0x000000000001c14b                uip_icmp6chksum
                0x000000000001c160                uip_udpchksum
                0x000000000001c175                uip_init
                0x000000000001c1be                uip_remove_ext_hdr
                0x000000000001c298                uip_udp_new
                0x000000000001c5ac                uip_process
                0x000000000001d0a4                uip_htons
                0x000000000001d0c6                uip_htonl
                0x000000000001d104                uip_send
 .text          0x000000000001d1ca      0x369 build/cooja/mtype606.a(uip-ds6-nbr.o)
                0x000000000001d1ca                uip_ds6_neighbors_init
                0x000000000001d1ee                uip_ds6_nbr_add
                0x000000000001d274                uip_ds6_nbr_rm
                0x000000000001d2bf                uip_ds6_nbr_update_ll
                0x000000000001d3ad                uip_ds6_nbr_get_ipaddr
                0x000000000001d3c2                uip_ds6_nbr_get_ll
                0x000000000001d3de                uip_ds6_nbr_num
                0x000000000001d427                uip_ds6_nbr_head
                0x000000000001d440                uip_ds6_nbr_next
                0x000000000001d45c                uip_ds6_nbr_lookup
                0x000000000001d4b4                uip_ds6_nbr_ll_lookup
                0x000000000001d4d0                uip_ds6_nbr_ipaddr_from_lladdr
                0x000000000001d4f9                uip_ds6_nbr_lladdr_from_ipaddr
                0x000000000001d52d                uip_ds6_link_callback
 .text          0x000000000001d533      0x6a7 build/cooja/mtype606.a(uip-nd6.o)
                0x000000000001dbc1                uip_nd6_init
 .text          0x000000000001dbda     0x2c17 build/cooja/mtype606.a(sicslowpan.o)
                0x000000000001e1e1                netstack_sniffer_add
                0x000000000001e1ef                netstack_sniffer_remove
                0x00000000000207c5                sicslowpan_init
                0x00000000000207e7                sicslowpan_get_last_rssi
 .text          0x00000000000207f1      0x4d1 build/cooja/mtype606.a(uiplib.o)
                0x00000000000207f1                uiplib_ip6addrconv
                0x00000000000209a9                uiplib_ip4addrconv
                0x0000000000020a6c                uiplib_ipaddr_print
                0x0000000000020abf                uiplib_ipaddr_snprint
 .text          0x0000000000020cc2      0x4c9 build/cooja/mtype606.a(rpl.o)
                0x0000000000020cc2                rpl_lollipop_greater_than
                0x0000000000020d1c                rpl_get_global_address
                0x0000000000020e14                rpl_link_callback
                0x0000000000020e58                rpl_has_joined
                0x0000000000020e7d                rpl_is_reachable
                0x0000000000020efe                rpl_reset_prefix
                0x0000000000020f68                rpl_set_prefix_from_addr
                0x000000000002104d                rpl_set_prefix
                0x0000000000021167                rpl_set_leaf_only
                0x000000000002117f                rpl_get_leaf_only
 .text          0x000000000002118b     0x138c build/cooja/mtype606.a(rpl-icmp6.o)
                0x00000000000212b0                rpl_icmp6_update_nbr_table
                0x0000000000021339                rpl_icmp6_dis_output
                0x000000000002197f                rpl_icmp6_dio_output
                0x000000000002217d                rpl_icmp6_dao_output
                0x000000000002245e                rpl_icmp6_dao_ack_output
                0x00000000000224ce                rpl_icmp6_init
 .text          0x0000000000022517      0x264 build/cooja/mtype606.a(rpl-dag-root.o)
                0x0000000000022517                rpl_dag_root_print_links
                0x0000000000022643                rpl_dag_root_set_prefix
                0x000000000002266f                rpl_dag_root_start
                0x000000000002274c                rpl_dag_root_is_root
 .text          0x000000000002277b       0x30 build/cooja/mtype606.a(watchdog.o)
                0x000000000002277b                watchdog_init
                0x0000000000022781                watchdog_start
                0x0000000000022787                watchdog_periodic
                0x000000000002279f                watchdog_stop
                0x00000000000227a5                watchdog_reboot
 .text          0x00000000000227ab       0x4a build/cooja/mtype606.a(int-master.o)
                0x00000000000227ab                int_master_enable
                0x00000000000227bb                int_master_read_and_disable
                0x00000000000227d8                int_master_status_set
                0x00000000000227e6                int_master_is_enabled
 .text          0x00000000000227f5      0x226 build/cooja/mtype606.a(coap-timer-defa)
 .text          0x0000000000022a1b       0xc7 build/cooja/mtype606.a(stimer.o)
                0x0000000000022a1b                stimer_set
                0x0000000000022a39                stimer_reset
                0x0000000000022a66                stimer_restart
                0x0000000000022a7b                stimer_expired
                0x0000000000022aa6                stimer_remaining
                0x0000000000022aca                stimer_elapsed
 .text          0x0000000000022ae2      0x156 build/cooja/mtype606.a(ringbuf.o)
                0x0000000000022ae2                ringbuf_init
                0x0000000000022b14                ringbuf_put
                0x0000000000022b92                ringbuf_get
                0x0000000000022bff                ringbuf_size
                0x0000000000022c11                ringbuf_elements
 .text          0x0000000000022c38       0x1f build/cooja/mtype606.a(assert.o)
                0x0000000000022c38                _xassert
 .text          0x0000000000022c57      0x79b build/cooja/mtype606.a(nbr-table.o)
                0x00000000000230d0                nbr_table_register
                0x000000000002313d                nbr_table_is_registered
                0x0000000000023178                nbr_table_head
                0x00000000000231d3                nbr_table_next
                0x0000000000023234                nbr_table_add_lladdr
                0x000000000002330e                nbr_table_get_from_lladdr
                0x000000000002335a                nbr_table_remove
                0x0000000000023392                nbr_table_lock
                0x00000000000233ac                nbr_table_unlock
                0x00000000000233c6                nbr_table_get_lladdr
 .text          0x00000000000233f2      0x3a5 build/cooja/mtype606.a(link-stats.o)
                0x00000000000233f2                link_stats_from_lladdr
                0x000000000002340e                link_stats_get_lladdr
                0x000000000002342a                link_stats_is_fresh
                0x0000000000023466                guess_etx_from_rssi
                0x00000000000234e2                link_stats_packet_sent
                0x0000000000023602                link_stats_input_callback
                0x0000000000023712                link_stats_reset
                0x0000000000023762                link_stats_init
 .text          0x0000000000023797      0x187 build/cooja/mtype606.a(mac-sequence.o)
                0x0000000000023797                mac_sequence_is_duplicate
                0x0000000000023837                mac_sequence_register_seqno
 .text          0x000000000002391e       0x23 build/cooja/mtype606.a(mac.o)
                0x000000000002391e                mac_call_sent_callback
 .text          0x0000000000023941      0x432 build/cooja/mtype606.a(framer-802154.o)
                0x0000000000023ad0                framer_802154_setup_params
 .text          0x0000000000023d73      0xb6f build/cooja/mtype606.a(frame802154.o)
                0x0000000000023da4                frame802154_get_pan_id
                0x0000000000023db0                frame802154_set_pan_id
                0x0000000000023dca                frame802154_has_panid
                0x0000000000023f79                frame802154_check_dest_panid
                0x0000000000024001                frame802154_is_broadcast_addr
                0x000000000002404e                frame802154_extract_linkaddr
                0x00000000000242b3                frame802154_hdrlen
                0x0000000000024326                frame802154_create_fcf
                0x00000000000243de                frame802154_create
                0x0000000000024553                frame802154_parse_fcf
                0x0000000000024635                frame802154_parse
 .text          0x00000000000248e2       0x2d build/cooja/mtype606.a(csma-security.o)
                0x00000000000248e2                csma_security_create_frame
                0x0000000000024900                csma_security_parse_frame
 .text          0x000000000002490f      0x4e4 build/cooja/mtype606.a(uipbuf.o)
                0x000000000002490f                uipbuf_clear
                0x0000000000024936                uipbuf_add_ext_hdr
                0x00000000000249b6                uipbuf_set_len
                0x00000000000249e3                uipbuf_set_len_field
                0x0000000000024a0f                uipbuf_get_len_field
                0x0000000000024a2f                uipbuf_get_next_header
                0x0000000000024b61                uipbuf_get_last_header
                0x0000000000024bda                uipbuf_search_header
                0x0000000000024c90                uipbuf_get_attr
                0x0000000000024cb7                uipbuf_set_attr
                0x0000000000024cee                uipbuf_set_default_attr
                0x0000000000024d25                uipbuf_clear_attr
                0x0000000000024d49                uipbuf_set_attr_flag
                0x0000000000024d6a                uipbuf_clr_attr_flag
                0x0000000000024d91                uipbuf_is_attr_flag
                0x0000000000024db5                uipbuf_init
 .text          0x0000000000024df3      0x73f build/cooja/mtype606.a(uip-icmp6.o)
                0x0000000000024e68                uip_icmp6_input
                0x0000000000024ebf                uip_icmp6_register_input_handler
                0x0000000000025012                uip_icmp6_error_output
                0x00000000000252c3                uip_icmp6_send
                0x00000000000254ba                uip_icmp6_echo_reply_callback_add
                0x00000000000254ec                uip_icmp6_echo_reply_callback_rm
                0x0000000000025509                uip_icmp6_init
 .text          0x0000000000025532      0x69b build/cooja/mtype606.a(uip-sr.o)
                0x0000000000025532                uip_sr_num_nodes
                0x00000000000255c0                uip_sr_get_node
                0x0000000000025617                uip_sr_is_addr_reachable
                0x00000000000256c5                uip_sr_expire_parent
                0x000000000002570e                uip_sr_update_node
                0x000000000002583e                uip_sr_init
                0x0000000000025872                uip_sr_node_head
                0x000000000002588b                uip_sr_node_next
                0x00000000000258a1                uip_sr_periodic
                0x00000000000259a7                uip_sr_free_all
                0x0000000000025a17                uip_sr_link_snprint
 .text          0x0000000000025bcd      0x146 build/cooja/mtype606.a(uip-packetqueue)
                0x0000000000025bfb                uip_packetqueue_new
                0x0000000000025c0a                uip_packetqueue_alloc
                0x0000000000025c65                uip_packetqueue_free
                0x0000000000025cac                uip_packetqueue_buf
                0x0000000000025cc9                uip_packetqueue_buflen
                0x0000000000025cea                uip_packetqueue_set_buflen
 .text          0x0000000000025d13      0x1b0 build/cooja/mtype606.a(rpl-nbr-policy.)
                0x0000000000025e80                rpl_nbr_policy_find_removable
 .text          0x0000000000025ec3      0x915 build/cooja/mtype606.a(rpl-neighbor.o)
                0x0000000000025f3f                rpl_neighbor_snprint
                0x00000000000261f2                rpl_neighbor_print_list
                0x00000000000262a7                rpl_neighbor_count
                0x000000000002634e                rpl_neighbor_get_from_lladdr
                0x000000000002636a                rpl_neighbor_is_acceptable_parent
                0x000000000002639e                rpl_neighbor_get_link_metric
                0x00000000000263d2                rpl_neighbor_rank_via_nbr
                0x0000000000026406                rpl_neighbor_get_lladdr
                0x0000000000026422                rpl_neighbor_get_ipaddr
                0x0000000000026449                rpl_neighbor_get_link_stats
                0x0000000000026470                rpl_neighbor_is_fresh
                0x0000000000026497                rpl_neighbor_is_reachable
                0x00000000000264e2                rpl_neighbor_is_parent
                0x000000000002650c                rpl_neighbor_set_preferred_parent
                0x00000000000265a3                rpl_neighbor_remove_all
                0x00000000000265ff                rpl_neighbor_get_from_ipaddr
                0x000000000002670d                rpl_neighbor_select_best
                0x00000000000267b9                rpl_neighbor_init
 .text          0x00000000000267d8      0xe69 build/cooja/mtype606.a(rpl-dag.o)
                0x00000000000267d8                rpl_dag_state_to_str
                0x0000000000026817                rpl_dag_get_root_ipaddr
                0x000000000002685f                rpl_dag_leave
                0x00000000000268e8                rpl_dag_poison_and_leave
                0x0000000000026900                rpl_dag_periodic
                0x0000000000026988                rpl_is_addr_in_our_dag
                0x00000000000269cc                rpl_get_default_instance
                0x00000000000269e8                rpl_get_any_dag
                0x0000000000026a41                rpl_refresh_routes
                0x0000000000026a81                rpl_global_repair
                0x0000000000026b1a                rpl_local_repair
                0x0000000000026b64                rpl_dag_ready_to_advertise
                0x0000000000026ba7                rpl_dag_update_state
                0x00000000000272d4                rpl_process_dio
                0x0000000000027352                rpl_process_dis
                0x0000000000027397                rpl_process_dao
                0x0000000000027426                rpl_process_dao_ack
                0x00000000000274bd                rpl_process_hbh
                0x000000000002750d                rpl_dag_init_root
                0x0000000000027621                rpl_dag_init
 .text          0x0000000000027641      0x9e7 build/cooja/mtype606.a(rpl-timers.o)
                0x0000000000027641                rpl_timers_schedule_periodic_dis
                0x000000000002778f                rpl_timers_dio_reset
                0x000000000002789d                rpl_timers_schedule_unicast_dio
                0x00000000000279f1                rpl_timers_schedule_dao
                0x0000000000027ab0                rpl_timers_schedule_dao_ack
                0x0000000000027b36                rpl_timers_notify_dao_ack
                0x0000000000027b94                get_probing_delay
                0x0000000000027bc8                get_probing_target
                0x0000000000027db2                rpl_schedule_probing
                0x0000000000027de0                rpl_schedule_probing_now
                0x0000000000027e4a                rpl_timers_unschedule_leaving
                0x0000000000027e82                rpl_timers_schedule_leaving
                0x0000000000027ec3                rpl_timers_init
                0x0000000000027f53                rpl_timers_stop_dag_timers
                0x0000000000027fcc                rpl_timers_unschedule_state_update
                0x0000000000027ff0                rpl_timers_schedule_state_update
 .text          0x0000000000028028      0xb8e build/cooja/mtype606.a(rpl-ext-header.)
                0x0000000000028028                rpl_ext_header_srh_get_next_hop
                0x000000000002810f                rpl_ext_header_srh_update
                0x000000000002867b                rpl_ext_header_hbh_update
                0x000000000002897b                rpl_ext_header_update
                0x0000000000028a04                rpl_ext_header_remove
 .text          0x0000000000028bb6      0x31b build/cooja/mtype606.a(rpl-mrhof.o)
 *fill*         0x0000000000028ed1        0xf 
 .text          0x0000000000028ee0      0x122 /usr/lib/gcc/i686-linux-gnu/5/libgcc.a(_udivdi3.o)
                0x0000000000028ee0                __udivdi3
 .text          0x0000000000029002        0x0 /usr/lib/gcc/i686-linux-gnu/5/crtendS.o
 .text          0x0000000000029002        0x0 /usr/lib/gcc/i686-linux-gnu/5/../../../i386-linux-gnu/crtn.o
 *(.gnu.warning)

.fini           0x0000000000029004       0x14
 *(SORT(.fini))
 .fini          0x0000000000029004        0xf /usr/lib/gcc/i686-linux-gnu/5/../../../i386-linux-gnu/crti.o
                0x0000000000029004                _fini
 .fini          0x0000000000029013        0x5 /usr/lib/gcc/i686-linux-gnu/5/../../../i386-linux-gnu/crtn.o
                [!provide]                        PROVIDE (__etext, .)
                [!provide]                        PROVIDE (_etext, .)
                [!provide]                        PROVIDE (etext, .)

.rodata         0x0000000000029020      0xa0b
 *(.rodata .rodata.* .gnu.linkonce.r.*)
 .rodata        0x0000000000029020       0x21 flag.o
                0x0000000000029030                autostart_processes
 *fill*         0x0000000000029041        0x3 
 .rodata        0x0000000000029044        0x8 build/cooja/mtype606.a(beep.o)
                0x0000000000029044                beep_interface
 .rodata        0x000000000002904c        0xe build/cooja/mtype606.a(leds-arch.o)
                0x000000000002904c                leds_interface
                0x0000000000029054                leds_arch_leds
 *fill*         0x000000000002905a        0x2 
 .rodata        0x000000000002905c        0x8 build/cooja/mtype606.a(moteid.o)
                0x000000000002905c                moteid_interface
 .rodata        0x0000000000029064       0x1c build/cooja/mtype606.a(pir-sensor.o)
                0x0000000000029064                pir_interface
                0x0000000000029070                pir_sensor
 .rodata        0x0000000000029080        0xe build/cooja/mtype606.a(rs232.o)
                0x0000000000029080                rs232_interface
 *fill*         0x000000000002908e        0x2 
 .rodata        0x0000000000029090       0x24 build/cooja/mtype606.a(vib-sensor.o)
                0x0000000000029090                vib_interface
                0x00000000000290a4                vib_sensor
 .rodata        0x00000000000290b4        0x8 build/cooja/mtype606.a(clock.o)
                0x00000000000290b4                clock_interface
 .rodata        0x00000000000290bc        0x8 build/cooja/mtype606.a(cooja-log.o)
                0x00000000000290bc                simlog_interface
 .rodata        0x00000000000290c4       0x2f build/cooja/mtype606.a(cfs-cooja.o)
                0x00000000000290c4                cfs_interface
 *fill*         0x00000000000290f3        0xd 
 .rodata        0x0000000000029100       0xb8 build/cooja/mtype606.a(cooja-radio.o)
                0x0000000000029100                radio_interface
                0x0000000000029180                cooja_radio_driver
 .rodata        0x00000000000291b8        0x8 build/cooja/mtype606.a(eeprom.o)
                0x00000000000291b8                eeprom_interface
 .rodata        0x00000000000291c0        0x8 build/cooja/mtype606.a(sensors.o)
 .rodata        0x00000000000291c8       0x2c build/cooja/mtype606.a(buttons.o)
                0x00000000000291c8                button_interface
                0x00000000000291dc                button_hal_button_count
                0x00000000000291e4                button_sensor
 .rodata        0x00000000000291f4       0x85 build/cooja/mtype606.a(res_flag.o)
 .rodata        0x0000000000029279       0x41 build/cooja/mtype606.a(coap-engine.o)
 .rodata        0x00000000000292ba       0x19 build/cooja/mtype606.a(coap-res-well-k)
 .rodata        0x00000000000292d3       0x11 build/cooja/mtype606.a(coap-observe.o)
 .rodata        0x00000000000292e4       0x35 build/cooja/mtype606.a(coap-uip.o)
 *fill*         0x0000000000029319        0x3 
 .rodata        0x000000000002931c      0x1ac build/cooja/mtype606.a(coap.o)
 .rodata        0x00000000000294c8       0xf4 build/cooja/mtype606.a(contiki-main.o)
 .rodata        0x00000000000295bc        0xf build/cooja/mtype606.a(ctimer.o)
 *fill*         0x00000000000295cb        0x1 
 .rodata        0x00000000000295cc       0xc4 build/cooja/mtype606.a(log.o)
 .rodata        0x0000000000029690        0xc build/cooja/mtype606.a(etimer.o)
 .rodata        0x000000000002969c       0x13 build/cooja/mtype606.a(button-hal.o)
 .rodata        0x00000000000296af        0xe build/cooja/mtype606.a(serial-line.o)
 *fill*         0x00000000000296bd        0x3 
 .rodata        0x00000000000296c0        0x8 build/cooja/mtype606.a(linkaddr.o)
                0x00000000000296c0                linkaddr_null
 .rodata        0x00000000000296c8       0x24 build/cooja/mtype606.a(csma.o)
                0x00000000000296d0                csma_driver
 .rodata        0x00000000000296ec       0x32 build/cooja/mtype606.a(csma-output.o)
 *fill*         0x000000000002971e        0x2 
 .rodata        0x0000000000029720       0x4d build/cooja/mtype606.a(uip-ds6-route.o)
 .rodata        0x000000000002976d        0xd build/cooja/mtype606.a(tcpip.o)
 *fill*         0x000000000002977a        0x2 
 .rodata        0x000000000002977c       0x30 build/cooja/mtype606.a(sicslowpan.o)
                0x000000000002977c                unc_llconf
                0x0000000000029780                unc_ctxconf
                0x0000000000029784                unc_mxconf
                0x0000000000029788                llprefix
                0x000000000002979c                sicslowpan_driver
 .rodata        0x00000000000297ac       0x2d build/cooja/mtype606.a(uiplib.o)
 *fill*         0x00000000000297d9        0x7 
 .rodata        0x00000000000297e0       0x74 build/cooja/mtype606.a(rpl.o)
                0x0000000000029800                rpl_lite_driver
 .rodata        0x0000000000029854       0x20 build/cooja/mtype606.a(coap-timer-defa)
                0x0000000000029868                coap_timer_default_driver
 .rodata        0x0000000000029874       0x25 build/cooja/mtype606.a(assert.o)
 *fill*         0x0000000000029899        0x3 
 .rodata        0x000000000002989c        0xc build/cooja/mtype606.a(framer-802154.o)
                0x000000000002989c                framer_802154
 .rodata        0x00000000000298a8       0x44 build/cooja/mtype606.a(uip-sr.o)
 .rodata        0x00000000000298ec       0x58 build/cooja/mtype606.a(rpl-neighbor.o)
 .rodata        0x0000000000029944       0xdb build/cooja/mtype606.a(rpl-dag.o)
 .rodata        0x0000000000029a1f        0xc build/cooja/mtype606.a(rpl-timers.o)

.rodata1
 *(.rodata1)

.eh_frame_hdr   0x0000000000029a2c     0x19bc
 *(.eh_frame_hdr)
 .eh_frame_hdr  0x0000000000029a2c     0x19bc flag.o
                0x0000000000029a2c                __GNU_EH_FRAME_HDR
 *(.eh_frame_entry .eh_frame_entry.*)

.eh_frame       0x000000000002b3e8     0x6864
 *(.eh_frame)
 .eh_frame      0x000000000002b3e8       0x3c /usr/lib/gcc/i686-linux-gnu/5/../../../i386-linux-gnu/crti.o
                                         0x40 (size before relaxing)
 .eh_frame      0x000000000002b424       0x20 flag.o
                                         0x38 (size before relaxing)
 .eh_frame      0x000000000002b444      0x178 build/cooja/mtype606.o
                                        0x190 (size before relaxing)
 .eh_frame      0x000000000002b5bc       0x40 build/cooja/mtype606.a(simEnvChange.o)
                                         0x58 (size before relaxing)
 .eh_frame      0x000000000002b5fc       0x60 build/cooja/mtype606.a(cooja_mt.o)
                                         0x78 (size before relaxing)
 .eh_frame      0x000000000002b65c       0x80 build/cooja/mtype606.a(cooja_mtarch.o)
                                         0x98 (size before relaxing)
 .eh_frame      0x000000000002b6dc       0xc8 build/cooja/mtype606.a(rtimer-arch.o)
                                         0xe0 (size before relaxing)
 .eh_frame      0x000000000002b7a4      0x160 build/cooja/mtype606.a(beep.o)
                                        0x178 (size before relaxing)
 .eh_frame      0x000000000002b904       0x80 build/cooja/mtype606.a(leds-arch.o)
                                         0x98 (size before relaxing)
 .eh_frame      0x000000000002b984       0x40 build/cooja/mtype606.a(moteid.o)
                                         0x58 (size before relaxing)
 .eh_frame      0x000000000002b9c4       0xa0 build/cooja/mtype606.a(pir-sensor.o)
                                         0xb8 (size before relaxing)
 .eh_frame      0x000000000002ba64      0x100 build/cooja/mtype606.a(rs232.o)
                                        0x118 (size before relaxing)
 .eh_frame      0x000000000002bb64       0xa0 build/cooja/mtype606.a(vib-sensor.o)
                                         0xb8 (size before relaxing)
 .eh_frame      0x000000000002bc04       0xc0 build/cooja/mtype606.a(clock.o)
                                         0xd8 (size before relaxing)
 .eh_frame      0x000000000002bcc4      0x120 build/cooja/mtype606.a(cooja-log.o)
                                        0x138 (size before relaxing)
 .eh_frame      0x000000000002bde4      0x160 build/cooja/mtype606.a(cfs-cooja.o)
                                        0x178 (size before relaxing)
 .eh_frame      0x000000000002bf44      0x340 build/cooja/mtype606.a(cooja-radio.o)
                                        0x358 (size before relaxing)
 .eh_frame      0x000000000002c284       0xa0 build/cooja/mtype606.a(eeprom.o)
                                         0xb8 (size before relaxing)
 .eh_frame      0x000000000002c324       0x40 build/cooja/mtype606.a(random.o)
                                         0x58 (size before relaxing)
 .eh_frame      0x000000000002c364       0xc0 build/cooja/mtype606.a(sensors.o)
                                         0xd8 (size before relaxing)
 .eh_frame      0x000000000002c424      0x120 build/cooja/mtype606.a(leds.o)
                                        0x138 (size before relaxing)
 .eh_frame      0x000000000002c544      0x220 build/cooja/mtype606.a(gpio-hal-arch.o)
                                        0x238 (size before relaxing)
 .eh_frame      0x000000000002c764       0xa0 build/cooja/mtype606.a(buttons.o)
                                         0xb8 (size before relaxing)
 .eh_frame      0x000000000002c804       0x40 build/cooja/mtype606.a(res_flag.o)
                                         0x58 (size before relaxing)
 .eh_frame      0x000000000002c844      0x220 build/cooja/mtype606.a(coap-engine.o)
                                        0x238 (size before relaxing)
 .eh_frame      0x000000000002ca64       0x24 build/cooja/mtype606.a(coap-res-well-k)
                                         0x3c (size before relaxing)
 .eh_frame      0x000000000002ca88      0x188 build/cooja/mtype606.a(coap-observe.o)
                                        0x1a0 (size before relaxing)
 .eh_frame      0x000000000002cc10      0x250 build/cooja/mtype606.a(coap-uip.o)
                                        0x268 (size before relaxing)
 .eh_frame      0x000000000002ce60      0x114 build/cooja/mtype606.a(coap-timer.o)
                                        0x12c (size before relaxing)
 .eh_frame      0x000000000002cf74      0x100 build/cooja/mtype606.a(coap-transactio)
                                        0x118 (size before relaxing)
 .eh_frame      0x000000000002d074      0x6ec build/cooja/mtype606.a(coap.o)
                                        0x704 (size before relaxing)
 .eh_frame      0x000000000002d760       0x30 build/cooja/mtype606.a(contiki-main.o)
                                         0x48 (size before relaxing)
 .eh_frame      0x000000000002d790       0x40 build/cooja/mtype606.a(autostart.o)
                                         0x58 (size before relaxing)
 .eh_frame      0x000000000002d7d0      0x100 build/cooja/mtype606.a(ctimer.o)
                                        0x118 (size before relaxing)
 .eh_frame      0x000000000002d8d0      0x100 build/cooja/mtype606.a(log.o)
                                        0x118 (size before relaxing)
 .eh_frame      0x000000000002d9d0       0x60 build/cooja/mtype606.a(energest.o)
                                         0x78 (size before relaxing)
 .eh_frame      0x000000000002da30      0x1e0 build/cooja/mtype606.a(etimer.o)
                                        0x1f8 (size before relaxing)
 .eh_frame      0x000000000002dc10       0x20 build/cooja/mtype606.a(node-id.o)
                                         0x38 (size before relaxing)
 .eh_frame      0x000000000002dc30       0x60 build/cooja/mtype606.a(rtimer.o)
                                         0x78 (size before relaxing)
 .eh_frame      0x000000000002dc90      0x1c4 build/cooja/mtype606.a(process.o)
                                        0x1dc (size before relaxing)
 .eh_frame      0x000000000002de54       0xa4 build/cooja/mtype606.a(timer.o)
                                         0xbc (size before relaxing)
 .eh_frame      0x000000000002def8      0x1a0 build/cooja/mtype606.a(list.o)
                                        0x1b8 (size before relaxing)
 .eh_frame      0x000000000002e098       0xa0 build/cooja/mtype606.a(memb.o)
                                         0xb8 (size before relaxing)
 .eh_frame      0x000000000002e138      0x144 build/cooja/mtype606.a(button-hal.o)
                                        0x15c (size before relaxing)
 .eh_frame      0x000000000002e27c       0x60 build/cooja/mtype606.a(serial-line.o)
                                         0x78 (size before relaxing)
 .eh_frame      0x000000000002e2dc       0xe0 build/cooja/mtype606.a(gpio-hal.o)
                                         0xf8 (size before relaxing)
 .eh_frame      0x000000000002e3bc      0x1a0 build/cooja/mtype606.a(queuebuf.o)
                                        0x1b8 (size before relaxing)
 .eh_frame      0x000000000002e55c      0x28c build/cooja/mtype606.a(packetbuf.o)
                                        0x2a4 (size before relaxing)
 .eh_frame      0x000000000002e7e8       0x80 build/cooja/mtype606.a(netstack.o)
                                         0x98 (size before relaxing)
 .eh_frame      0x000000000002e868       0x60 build/cooja/mtype606.a(linkaddr.o)
                                         0x78 (size before relaxing)
 .eh_frame      0x000000000002e8c8       0xe0 build/cooja/mtype606.a(csma.o)
                                         0xf8 (size before relaxing)
 .eh_frame      0x000000000002e9a8      0x1d0 build/cooja/mtype606.a(csma-output.o)
                                        0x1e8 (size before relaxing)
 .eh_frame      0x000000000002eb78      0x328 build/cooja/mtype606.a(uip-ds6.o)
                                        0x340 (size before relaxing)
 .eh_frame      0x000000000002eea0       0x40 build/cooja/mtype606.a(uip-udp-packet.)
                                         0x58 (size before relaxing)
 .eh_frame      0x000000000002eee0      0x220 build/cooja/mtype606.a(uip-ds6-route.o)
                                        0x238 (size before relaxing)
 .eh_frame      0x000000000002f100      0x244 build/cooja/mtype606.a(tcpip.o)
                                        0x25c (size before relaxing)
 .eh_frame      0x000000000002f344      0x1e8 build/cooja/mtype606.a(uip6.o)
                                        0x200 (size before relaxing)
 .eh_frame      0x000000000002f52c      0x1c0 build/cooja/mtype606.a(uip-ds6-nbr.o)
                                        0x1d8 (size before relaxing)
 .eh_frame      0x000000000002f6ec       0x84 build/cooja/mtype606.a(uip-nd6.o)
                                         0x9c (size before relaxing)
 .eh_frame      0x000000000002f770      0x2f8 build/cooja/mtype606.a(sicslowpan.o)
                                        0x310 (size before relaxing)
 .eh_frame      0x000000000002fa68       0x88 build/cooja/mtype606.a(uiplib.o)
                                         0xa0 (size before relaxing)
 .eh_frame      0x000000000002faf0      0x1e0 build/cooja/mtype606.a(rpl.o)
                                        0x1f8 (size before relaxing)
 .eh_frame      0x000000000002fcd0      0x1c4 build/cooja/mtype606.a(rpl-icmp6.o)
                                        0x1dc (size before relaxing)
 .eh_frame      0x000000000002fe94       0xa0 build/cooja/mtype606.a(rpl-dag-root.o)
                                         0xb8 (size before relaxing)
 .eh_frame      0x000000000002ff34       0xa0 build/cooja/mtype606.a(watchdog.o)
                                         0xb8 (size before relaxing)
 .eh_frame      0x000000000002ffd4       0x80 build/cooja/mtype606.a(int-master.o)
                                         0x98 (size before relaxing)
 .eh_frame      0x0000000000030054       0xa4 build/cooja/mtype606.a(coap-timer-defa)
                                         0xbc (size before relaxing)
 .eh_frame      0x00000000000300f8       0xc4 build/cooja/mtype606.a(stimer.o)
                                         0xdc (size before relaxing)
 .eh_frame      0x00000000000301bc       0xa0 build/cooja/mtype606.a(ringbuf.o)
                                         0xb8 (size before relaxing)
 .eh_frame      0x000000000003025c       0x20 build/cooja/mtype606.a(assert.o)
                                         0x38 (size before relaxing)
 .eh_frame      0x000000000003027c      0x2ac build/cooja/mtype606.a(nbr-table.o)
                                        0x2c4 (size before relaxing)
 .eh_frame      0x0000000000030528      0x120 build/cooja/mtype606.a(link-stats.o)
                                        0x138 (size before relaxing)
 .eh_frame      0x0000000000030648       0x48 build/cooja/mtype606.a(mac-sequence.o)
                                         0x60 (size before relaxing)
 .eh_frame      0x0000000000030690       0x20 build/cooja/mtype606.a(mac.o)
                                         0x38 (size before relaxing)
 .eh_frame      0x00000000000306b0       0xa4 build/cooja/mtype606.a(framer-802154.o)
                                         0xbc (size before relaxing)
 .eh_frame      0x0000000000030754      0x1a4 build/cooja/mtype606.a(frame802154.o)
                                        0x1bc (size before relaxing)
 .eh_frame      0x00000000000308f8       0x40 build/cooja/mtype606.a(csma-security.o)
                                         0x58 (size before relaxing)
 .eh_frame      0x0000000000030938      0x200 build/cooja/mtype606.a(uipbuf.o)
                                        0x218 (size before relaxing)
 .eh_frame      0x0000000000030b38      0x150 build/cooja/mtype606.a(uip-icmp6.o)
                                        0x168 (size before relaxing)
 .eh_frame      0x0000000000030c88      0x184 build/cooja/mtype606.a(uip-sr.o)
                                        0x19c (size before relaxing)
 .eh_frame      0x0000000000030e0c       0xe0 build/cooja/mtype606.a(uip-packetqueue)
                                         0xf8 (size before relaxing)
 .eh_frame      0x0000000000030eec       0x80 build/cooja/mtype606.a(rpl-nbr-policy.)
                                         0x98 (size before relaxing)
 .eh_frame      0x0000000000030f6c      0x2d4 build/cooja/mtype606.a(rpl-neighbor.o)
                                        0x2ec (size before relaxing)
 .eh_frame      0x0000000000031240      0x370 build/cooja/mtype606.a(rpl-dag.o)
                                        0x388 (size before relaxing)
 .eh_frame      0x00000000000315b0      0x3a8 build/cooja/mtype606.a(rpl-timers.o)
                                        0x3c0 (size before relaxing)
 .eh_frame      0x0000000000031958      0x124 build/cooja/mtype606.a(rpl-ext-header.)
                                        0x13c (size before relaxing)
 .eh_frame      0x0000000000031a7c      0x148 build/cooja/mtype606.a(rpl-mrhof.o)
                                        0x160 (size before relaxing)
 .eh_frame      0x0000000000031bc4       0x84 /usr/lib/gcc/i686-linux-gnu/5/libgcc.a(_udivdi3.o)
                                         0x9c (size before relaxing)
 .eh_frame      0x0000000000031c48        0x4 /usr/lib/gcc/i686-linux-gnu/5/crtendS.o
 *(.eh_frame.*)

.gcc_except_table
 *(.gcc_except_table .gcc_except_table.*)

.gnu_extab
 *(.gnu_extab*)

.exception_ranges
 *(.exception_ranges .exception_ranges*)
                0x0000000000032f10                . = DATA_SEGMENT_ALIGN (0x1000, 0x1000)

.eh_frame
 *(.eh_frame)
 *(.eh_frame.*)

.gnu_extab
 *(.gnu_extab)

.gcc_except_table
 *(.gcc_except_table .gcc_except_table.*)

.exception_ranges
 *(.exception_ranges .exception_ranges*)

.tdata
 *(.tdata .tdata.* .gnu.linkonce.td.*)

.tbss
 *(.tbss .tbss.* .gnu.linkonce.tb.*)
 *(.tcommon)

.preinit_array
 *(.preinit_array)

.init_array     0x0000000000032f10        0x4
 *(SORT(.init_array.*) SORT(.ctors.*))
 *(.init_array EXCLUDE_FILE(*crtend?.o *crtend.o *crtbegin?.o *crtbegin.o) .ctors)
 .init_array    0x0000000000032f10        0x4 /usr/lib/gcc/i686-linux-gnu/5/crtbeginS.o

.fini_array     0x0000000000032f14        0x4
 *(SORT(.fini_array.*) SORT(.dtors.*))
 *(.fini_array EXCLUDE_FILE(*crtend?.o *crtend.o *crtbegin?.o *crtbegin.o) .dtors)
 .fini_array    0x0000000000032f14        0x4 /usr/lib/gcc/i686-linux-gnu/5/crtbeginS.o

.ctors
 *crtbegin.o(.ctors)
 *crtbegin?.o(.ctors)
 *(EXCLUDE_FILE(*crtend?.o *crtend.o) .ctors)
 *(SORT(.ctors.*))
 *(.ctors)

.dtors
 *crtbegin.o(.dtors)
 *crtbegin?.o(.dtors)
 *(EXCLUDE_FILE(*crtend?.o *crtend.o) .dtors)
 *(SORT(.dtors.*))
 *(.dtors)

.jcr            0x0000000000032f18        0x4
 *(.jcr)
 .jcr           0x0000000000032f18        0x0 /usr/lib/gcc/i686-linux-gnu/5/crtbeginS.o
 .jcr           0x0000000000032f18        0x4 /usr/lib/gcc/i686-linux-gnu/5/crtendS.o

.data.rel.ro
 *(.data.rel.ro.local* .gnu.linkonce.d.rel.ro.local.*)
 *(.data.rel.ro .data.rel.ro.* .gnu.linkonce.d.rel.ro.*)

.dynamic        0x0000000000032f1c       0xd0
 *(.dynamic)
 .dynamic       0x0000000000032f1c       0xd0 /usr/lib/gcc/i686-linux-gnu/5/../../../i386-linux-gnu/crti.o
                0x0000000000032f1c                _DYNAMIC

.got            0x0000000000032fec       0x14
 *(.got)
 .got           0x0000000000032fec       0x14 /usr/lib/gcc/i686-linux-gnu/5/../../../i386-linux-gnu/crti.o
 *(.igot)
                0x0000000000033ff4                . = DATA_SEGMENT_RELRO_END (., (SIZEOF (.got.plt) >= 0xc)?0xc:0x0)

.got.plt        0x0000000000033000        0xc
 *(.got.plt)
 .got.plt       0x0000000000033000        0xc /usr/lib/gcc/i686-linux-gnu/5/../../../i386-linux-gnu/crti.o
                0x0000000000033000                _GLOBAL_OFFSET_TABLE_
 *(.igot.plt)

.data           0x0000000000033020      0x444
 *(.data .data.* .gnu.linkonce.d.*)
 .data          0x0000000000033020        0x0 /usr/lib/gcc/i686-linux-gnu/5/../../../i386-linux-gnu/crti.o
 .data          0x0000000000033020        0x0 /usr/lib/gcc/i686-linux-gnu/5/crtbeginS.o
 .data.rel.local
                0x0000000000033020        0x4 /usr/lib/gcc/i686-linux-gnu/5/crtbeginS.o
                0x0000000000033020                __dso_handle
 .data          0x0000000000033024       0x10 flag.o
                0x0000000000033024                flag_process
 *fill*         0x0000000000033034        0xc 
 .data          0x0000000000033040       0x44 build/cooja/mtype606.o
                0x0000000000033040                simInterfaces
                0x0000000000033074                sensors
 .data          0x0000000000033084        0x0 build/cooja/mtype606.a(simEnvChange.o)
 .data          0x0000000000033084        0x0 build/cooja/mtype606.a(cooja_mt.o)
 .data          0x0000000000033084        0x0 build/cooja/mtype606.a(cooja_mtarch.o)
 .data          0x0000000000033084        0x0 build/cooja/mtype606.a(rtimer-arch.o)
 .data          0x0000000000033084        0x0 build/cooja/mtype606.a(beep.o)
 .data          0x0000000000033084        0x0 build/cooja/mtype606.a(leds-arch.o)
 .data          0x0000000000033084        0x0 build/cooja/mtype606.a(moteid.o)
 .data          0x0000000000033084        0x0 build/cooja/mtype606.a(pir-sensor.o)
 .data          0x0000000000033084        0x0 build/cooja/mtype606.a(rs232.o)
 .data          0x0000000000033084        0x0 build/cooja/mtype606.a(vib-sensor.o)
 .data          0x0000000000033084        0x0 build/cooja/mtype606.a(clock.o)
 .data          0x0000000000033084        0x0 build/cooja/mtype606.a(cooja-log.o)
 .data          0x0000000000033084        0x0 build/cooja/mtype606.a(cfs-cooja.o)
 .data          0x0000000000033084       0x2c build/cooja/mtype606.a(cooja-radio.o)
                0x0000000000033084                simRadioHWOn
                0x0000000000033088                simSignalStrength
                0x000000000003308c                simLastSignalStrength
                0x0000000000033090                simPower
                0x0000000000033094                simRadioChannel
                0x0000000000033098                simLQI
                0x00000000000330a0                cooja_radio_process
 .data          0x00000000000330b0        0x0 build/cooja/mtype606.a(eeprom.o)
 .data          0x00000000000330b0        0x0 build/cooja/mtype606.a(random.o)
 .data          0x00000000000330b0       0x10 build/cooja/mtype606.a(sensors.o)
                0x00000000000330b0                sensors_process
 .data          0x00000000000330c0        0x0 build/cooja/mtype606.a(leds.o)
 .data          0x00000000000330c0        0x0 build/cooja/mtype606.a(gpio-hal-arch.o)
 .data          0x00000000000330c0       0x78 build/cooja/mtype606.a(buttons.o)
                0x00000000000330c0                simButtonIsActive
                0x0000000000033130                button_hal_buttons
 *fill*         0x0000000000033138        0x8 
 .data          0x0000000000033140       0x24 build/cooja/mtype606.a(res_flag.o)
                0x0000000000033140                res_flag
 .data          0x0000000000033164        0x8 build/cooja/mtype606.a(coap-engine.o)
 *fill*         0x000000000003316c       0x14 
 .data          0x0000000000033180       0x24 build/cooja/mtype606.a(coap-res-well-k)
                0x0000000000033180                res_well_known_core
 .data          0x00000000000331a4       0x10 build/cooja/mtype606.a(coap-observe.o)
 .data          0x00000000000331b4       0x10 build/cooja/mtype606.a(coap-uip.o)
                0x00000000000331b4                coap_engine
 .data          0x00000000000331c4        0x4 build/cooja/mtype606.a(coap-timer.o)
 .data          0x00000000000331c8       0x10 build/cooja/mtype606.a(coap-transactio)
 .data          0x00000000000331d8        0x4 build/cooja/mtype606.a(coap.o)
                0x00000000000331d8                coap_error_message
 .data          0x00000000000331dc        0x0 build/cooja/mtype606.a(contiki-main.o)
 .data          0x00000000000331dc        0x0 build/cooja/mtype606.a(autostart.o)
 .data          0x00000000000331dc       0x14 build/cooja/mtype606.a(ctimer.o)
                0x00000000000331e0                ctimer_process
 *fill*         0x00000000000331f0       0x10 
 .data          0x0000000000033200       0xbc build/cooja/mtype606.a(log.o)
                0x0000000000033200                curr_log_level_main
                0x0000000000033220                all_modules
 .data          0x00000000000332bc        0x0 build/cooja/mtype606.a(energest.o)
 .data          0x00000000000332bc       0x10 build/cooja/mtype606.a(etimer.o)
                0x00000000000332bc                etimer_process
 .data          0x00000000000332cc        0x0 build/cooja/mtype606.a(node-id.o)
 .data          0x00000000000332cc        0x0 build/cooja/mtype606.a(rtimer.o)
 .data          0x00000000000332cc        0x0 build/cooja/mtype606.a(process.o)
 .data          0x00000000000332cc        0x0 build/cooja/mtype606.a(timer.o)
 .data          0x00000000000332cc        0x0 build/cooja/mtype606.a(list.o)
 .data          0x00000000000332cc        0x0 build/cooja/mtype606.a(memb.o)
 .data          0x00000000000332cc       0x10 build/cooja/mtype606.a(button-hal.o)
                0x00000000000332cc                button_hal_process
 .data          0x00000000000332dc       0x10 build/cooja/mtype606.a(serial-line.o)
                0x00000000000332dc                serial_line_process
 .data          0x00000000000332ec        0x4 build/cooja/mtype606.a(gpio-hal.o)
 .data          0x00000000000332f0       0x18 build/cooja/mtype606.a(queuebuf.o)
 .data          0x0000000000033308        0x4 build/cooja/mtype606.a(packetbuf.o)
 .data          0x000000000003330c        0x4 build/cooja/mtype606.a(netstack.o)
 .data          0x0000000000033310        0x0 build/cooja/mtype606.a(linkaddr.o)
 .data          0x0000000000033310        0x0 build/cooja/mtype606.a(csma.o)
 .data          0x0000000000033310       0x28 build/cooja/mtype606.a(csma-output.o)
 .data          0x0000000000033338        0x0 build/cooja/mtype606.a(uip-ds6.o)
 .data          0x0000000000033338        0x0 build/cooja/mtype606.a(uip-udp-packet.)
 .data          0x0000000000033338       0x10 build/cooja/mtype606.a(uip-ds6-route.o)
 .data          0x0000000000033348       0x10 build/cooja/mtype606.a(tcpip.o)
                0x0000000000033348                tcpip_process
 .data          0x0000000000033358        0x0 build/cooja/mtype606.a(uip6.o)
 .data          0x0000000000033358       0x14 build/cooja/mtype606.a(uip-ds6-nbr.o)
 .data          0x000000000003336c        0xc build/cooja/mtype606.a(uip-nd6.o)
 .data          0x0000000000033378        0x0 build/cooja/mtype606.a(sicslowpan.o)
 .data          0x0000000000033378        0x0 build/cooja/mtype606.a(uiplib.o)
 .data          0x0000000000033378        0x0 build/cooja/mtype606.a(rpl.o)
 .data          0x0000000000033378       0x30 build/cooja/mtype606.a(rpl-icmp6.o)
 .data          0x00000000000333a8        0x0 build/cooja/mtype606.a(rpl-dag-root.o)
 .data          0x00000000000333a8        0x0 build/cooja/mtype606.a(watchdog.o)
 .data          0x00000000000333a8        0x0 build/cooja/mtype606.a(int-master.o)
 .data          0x00000000000333a8       0x10 build/cooja/mtype606.a(coap-timer-defa)
                0x00000000000333a8                coap_timer_process
 .data          0x00000000000333b8        0x0 build/cooja/mtype606.a(stimer.o)
 .data          0x00000000000333b8        0x0 build/cooja/mtype606.a(ringbuf.o)
 .data          0x00000000000333b8        0x0 build/cooja/mtype606.a(assert.o)
 .data          0x00000000000333b8       0x10 build/cooja/mtype606.a(nbr-table.o)
 .data          0x00000000000333c8       0x14 build/cooja/mtype606.a(link-stats.o)
 .data          0x00000000000333dc        0x0 build/cooja/mtype606.a(mac-sequence.o)
 .data          0x00000000000333dc        0x0 build/cooja/mtype606.a(mac.o)
 .data          0x00000000000333dc        0x0 build/cooja/mtype606.a(framer-802154.o)
 .data          0x00000000000333dc        0x2 build/cooja/mtype606.a(frame802154.o)
 .data          0x00000000000333de        0x0 build/cooja/mtype606.a(csma-security.o)
 .data          0x00000000000333de        0x0 build/cooja/mtype606.a(uipbuf.o)
 *fill*         0x00000000000333de        0x2 
 .data          0x00000000000333e0       0x20 build/cooja/mtype606.a(uip-icmp6.o)
 .data          0x0000000000033400       0x10 build/cooja/mtype606.a(uip-sr.o)
 .data          0x0000000000033410        0xc build/cooja/mtype606.a(uip-packetqueue)
 .data          0x000000000003341c        0x0 build/cooja/mtype606.a(rpl-nbr-policy.)
 .data          0x000000000003341c       0x14 build/cooja/mtype606.a(rpl-neighbor.o)
                0x000000000003342c                rpl_neighbors
 .data          0x0000000000033430        0x0 build/cooja/mtype606.a(rpl-dag.o)
 .data          0x0000000000033430        0x0 build/cooja/mtype606.a(rpl-timers.o)
 .data          0x0000000000033430        0x0 build/cooja/mtype606.a(rpl-ext-header.)
 *fill*         0x0000000000033430       0x10 
 .data          0x0000000000033440       0x24 build/cooja/mtype606.a(rpl-mrhof.o)
                0x0000000000033440                rpl_mrhof
 .data          0x0000000000033464        0x0 /usr/lib/gcc/i686-linux-gnu/5/libgcc.a(_udivdi3.o)
 .data          0x0000000000033464        0x0 /usr/lib/gcc/i686-linux-gnu/5/crtendS.o
 .data          0x0000000000033464        0x0 /usr/lib/gcc/i686-linux-gnu/5/../../../i386-linux-gnu/crtn.o

.tm_clone_table
                0x0000000000033464        0x0
 .tm_clone_table
                0x0000000000033464        0x0 /usr/lib/gcc/i686-linux-gnu/5/crtbeginS.o
 .tm_clone_table
                0x0000000000033464        0x0 /usr/lib/gcc/i686-linux-gnu/5/crtendS.o

.data1
 *(.data1)
                0x0000000000033464                _edata = .
                [!provide]                        PROVIDE (edata, .)
                0x0000000000033464                . = .
                0x0000000000033464                __bss_start = .

.bss            0x0000000000033480    0x13e44
 *(.dynbss)
 .dynbss        0x0000000000033480        0x0 /usr/lib/gcc/i686-linux-gnu/5/../../../i386-linux-gnu/crti.o
 *(.bss .bss.* .gnu.linkonce.b.*)
 .bss           0x0000000000033480        0x0 /usr/lib/gcc/i686-linux-gnu/5/../../../i386-linux-gnu/crti.o
 .bss           0x0000000000033480        0x1 /usr/lib/gcc/i686-linux-gnu/5/crtbeginS.o
 .bss           0x0000000000033481        0x0 flag.o
 *fill*         0x0000000000033481       0x1f 
 .bss           0x00000000000334a0     0x2030 build/cooja/mtype606.o
 .bss           0x00000000000354d0        0x1 build/cooja/mtype606.a(simEnvChange.o)
                0x00000000000354d0                simDontFallAsleep
 *fill*         0x00000000000354d1        0x3 
 .bss           0x00000000000354d4        0x4 build/cooja/mtype606.a(cooja_mt.o)
 .bss           0x00000000000354d8        0x4 build/cooja/mtype606.a(cooja_mtarch.o)
 .bss           0x00000000000354dc        0x0 build/cooja/mtype606.a(rtimer-arch.o)
 .bss           0x00000000000354dc        0x0 build/cooja/mtype606.a(beep.o)
 .bss           0x00000000000354dc        0x1 build/cooja/mtype606.a(leds-arch.o)
                0x00000000000354dc                simLedsValue
 .bss           0x00000000000354dd        0x0 build/cooja/mtype606.a(moteid.o)
 .bss           0x00000000000354dd        0x1 build/cooja/mtype606.a(pir-sensor.o)
                0x00000000000354dd                simPirValue
 *fill*         0x00000000000354de        0x2 
 .bss           0x00000000000354e0        0x4 build/cooja/mtype606.a(rs232.o)
 .bss           0x00000000000354e4        0x1 build/cooja/mtype606.a(vib-sensor.o)
                0x00000000000354e4                simVibValue
 .bss           0x00000000000354e5        0x0 build/cooja/mtype606.a(clock.o)
 *fill*         0x00000000000354e5       0x1b 
 .bss           0x0000000000035500     0x2020 build/cooja/mtype606.a(cooja-log.o)
 .bss           0x0000000000037520      0xfc0 build/cooja/mtype606.a(cfs-cooja.o)
                0x0000000000037520                simCFSData
                0x00000000000384c0                simCFSSize
                0x00000000000384c4                simCFSChanged
                0x00000000000384c8                simCFSRead
                0x00000000000384cc                simCFSWritten
 .bss           0x00000000000384e0       0x24 build/cooja/mtype606.a(cooja-radio.o)
                0x00000000000384e0                simReceiving
                0x00000000000384e4                simInSize
                0x00000000000384e8                simLastPacketTimestamp
                0x00000000000384f0                simOutSize
 .bss           0x0000000000038504        0xc build/cooja/mtype606.a(eeprom.o)
                0x0000000000038504                simEEPROMChanged
                0x0000000000038508                simEEPROMRead
                0x000000000003850c                simEEPROMWritten
 .bss           0x0000000000038510        0x0 build/cooja/mtype606.a(random.o)
 .bss           0x0000000000038510        0xc build/cooja/mtype606.a(sensors.o)
 .bss           0x000000000003851c        0x0 build/cooja/mtype606.a(leds.o)
 .bss           0x000000000003851c       0x24 build/cooja/mtype606.a(gpio-hal-arch.o)
 .bss           0x0000000000038540        0x0 build/cooja/mtype606.a(buttons.o)
 .bss           0x0000000000038540        0x4 build/cooja/mtype606.a(res_flag.o)
                0x0000000000038540                actual_flag
 *fill*         0x0000000000038544       0x1c 
 .bss           0x0000000000038560      0x190 build/cooja/mtype606.a(coap-engine.o)
 .bss           0x00000000000386f0        0x0 build/cooja/mtype606.a(coap-res-well-k)
 *fill*         0x00000000000386f0       0x10 
 .bss           0x0000000000038700      0x120 build/cooja/mtype606.a(coap-observe.o)
 .bss           0x0000000000038820       0x18 build/cooja/mtype606.a(coap-uip.o)
 .bss           0x0000000000038838        0x5 build/cooja/mtype606.a(coap-timer.o)
 *fill*         0x000000000003883d        0x3 
 .bss           0x0000000000038840      0x334 build/cooja/mtype606.a(coap-transactio)
 .bss           0x0000000000038b74        0x6 build/cooja/mtype606.a(coap.o)
                0x0000000000038b74                coap_status_code
 .bss           0x0000000000038b7a        0x0 build/cooja/mtype606.a(contiki-main.o)
 .bss           0x0000000000038b7a        0x0 build/cooja/mtype606.a(autostart.o)
 *fill*         0x0000000000038b7a        0x2 
 .bss           0x0000000000038b7c        0x5 build/cooja/mtype606.a(ctimer.o)
 *fill*         0x0000000000038b81        0x3 
 .bss           0x0000000000038b84       0x2c build/cooja/mtype606.a(log.o)
                0x0000000000038b84                curr_log_level_rpl
                0x0000000000038b88                curr_log_level_tcpip
                0x0000000000038b8c                curr_log_level_ipv6
                0x0000000000038b90                curr_log_level_6lowpan
                0x0000000000038b94                curr_log_level_nullnet
                0x0000000000038b98                curr_log_level_mac
                0x0000000000038b9c                curr_log_level_framer
                0x0000000000038ba0                curr_log_level_6top
                0x0000000000038ba4                curr_log_level_coap
                0x0000000000038ba8                curr_log_level_snmp
                0x0000000000038bac                curr_log_level_lwm2m
 .bss           0x0000000000038bb0        0x0 build/cooja/mtype606.a(energest.o)
 .bss           0x0000000000038bb0        0x8 build/cooja/mtype606.a(etimer.o)
 .bss           0x0000000000038bb8        0x2 build/cooja/mtype606.a(node-id.o)
                0x0000000000038bb8                node_id
 *fill*         0x0000000000038bba        0x2 
 .bss           0x0000000000038bbc        0x4 build/cooja/mtype606.a(rtimer.o)
 .bss           0x0000000000038bc0      0x1a1 build/cooja/mtype606.a(process.o)
                0x0000000000038bc0                process_list
                0x0000000000038bc4                process_current
 .bss           0x0000000000038d61        0x0 build/cooja/mtype606.a(timer.o)
 .bss           0x0000000000038d61        0x0 build/cooja/mtype606.a(list.o)
 .bss           0x0000000000038d61        0x0 build/cooja/mtype606.a(memb.o)
 *fill*         0x0000000000038d61        0x3 
 .bss           0x0000000000038d64       0x10 build/cooja/mtype606.a(button-hal.o)
 *fill*         0x0000000000038d74        0xc 
 .bss           0x0000000000038d80      0x140 build/cooja/mtype606.a(serial-line.o)
 .bss           0x0000000000038ec0        0x4 build/cooja/mtype606.a(gpio-hal.o)
 *fill*         0x0000000000038ec4       0x1c 
 .bss           0x0000000000038ee0     0x2c80 build/cooja/mtype606.a(queuebuf.o)
 .bss           0x000000000003bb60       0xa0 build/cooja/mtype606.a(packetbuf.o)
 .bss           0x000000000003bc00        0x4 build/cooja/mtype606.a(netstack.o)
 .bss           0x000000000003bc04        0x0 build/cooja/mtype606.a(linkaddr.o)
 .bss           0x000000000003bc04        0x0 build/cooja/mtype606.a(csma.o)
 *fill*         0x000000000003bc04       0x1c 
 .bss           0x000000000003bc20      0x726 build/cooja/mtype606.a(csma-output.o)
 *fill*         0x000000000003c346        0x2 
 .bss           0x000000000003c348       0x30 build/cooja/mtype606.a(uip-ds6.o)
 .bss           0x000000000003c378        0x0 build/cooja/mtype606.a(uip-udp-packet.)
 *fill*         0x000000000003c378        0x8 
 .bss           0x000000000003c380       0x60 build/cooja/mtype606.a(uip-ds6-route.o)
 .bss           0x000000000003c3e0       0x10 build/cooja/mtype606.a(tcpip.o)
 .bss           0x000000000003c3f0        0x8 build/cooja/mtype606.a(uip6.o)
                0x000000000003c3f0                uip_ext_bitmap
                0x000000000003c3f2                uip_ext_len
                0x000000000003c3f4                uip_last_proto
 *fill*         0x000000000003c3f8        0x8 
 .bss           0x000000000003c400     0x1c20 build/cooja/mtype606.a(uip-ds6-nbr.o)
 .bss           0x000000000003e020       0x10 build/cooja/mtype606.a(uip-nd6.o)
 *fill*         0x000000000003e030       0x10 
 .bss           0x000000000003e040      0x724 build/cooja/mtype606.a(sicslowpan.o)
 .bss           0x000000000003e764        0x0 build/cooja/mtype606.a(uiplib.o)
 .bss           0x000000000003e764        0x1 build/cooja/mtype606.a(rpl.o)
 .bss           0x000000000003e765        0x0 build/cooja/mtype606.a(rpl-icmp6.o)
 *fill*         0x000000000003e765        0x3 
 .bss           0x000000000003e768       0x11 build/cooja/mtype606.a(rpl-dag-root.o)
 .bss           0x000000000003e779        0x0 build/cooja/mtype606.a(watchdog.o)
 *fill*         0x000000000003e779        0x3 
 .bss           0x000000000003e77c        0x4 build/cooja/mtype606.a(int-master.o)
 .bss           0x000000000003e780       0x1c build/cooja/mtype606.a(coap-timer-defa)
 .bss           0x000000000003e79c        0x0 build/cooja/mtype606.a(stimer.o)
 .bss           0x000000000003e79c        0x0 build/cooja/mtype606.a(ringbuf.o)
 .bss           0x000000000003e79c        0x0 build/cooja/mtype606.a(assert.o)
 *fill*         0x000000000003e79c        0x4 
 .bss           0x000000000003e7a0     0x1214 build/cooja/mtype606.a(nbr-table.o)
 *fill*         0x000000000003f9b4        0xc 