Archive member included to satisfy reference by file (symbol)

build/cooja/mtype582.a(simEnvChange.o)
                              build/cooja/mtype582.o (simDontFallAsleep)
build/cooja/mtype582.a(cooja_mt.o)
                              build/cooja/mtype582.o (cooja_mt_start)
build/cooja/mtype582.a(cooja_mtarch.o)
                              build/cooja/mtype582.a(cooja_mt.o) (cooja_mtarch_start)
build/cooja/mtype582.a(rtimer-arch.o)
                              build/cooja/mtype582.o (rtimer_arch_check)
build/cooja/mtype582.a(beep.o)
                              build/cooja/mtype582.o (beep_interface)
build/cooja/mtype582.a(leds-arch.o)
                              build/cooja/mtype582.o (leds_interface)
build/cooja/mtype582.a(moteid.o)
                              build/cooja/mtype582.o (moteid_interface)
build/cooja/mtype582.a(pir-sensor.o)
                              build/cooja/mtype582.o (pir_interface)
build/cooja/mtype582.a(rs232.o)
                              build/cooja/mtype582.o (rs232_interface)
build/cooja/mtype582.a(vib-sensor.o)
                              build/cooja/mtype582.o (vib_interface)
build/cooja/mtype582.a(clock.o)
                              build/cooja/mtype582.o (clock_interface)
build/cooja/mtype582.a(cooja-log.o)
                              build/cooja/mtype582.o (simlog_interface)
build/cooja/mtype582.a(cfs-cooja.o)
                              build/cooja/mtype582.o (cfs_interface)
build/cooja/mtype582.a(cooja-radio.o)
                              build/cooja/mtype582.o (radio_interface)
build/cooja/mtype582.a(eeprom.o)
                              build/cooja/mtype582.o (eeprom_interface)
build/cooja/mtype582.a(random.o)
                              build/cooja/mtype582.a(moteid.o) (random_init)
build/cooja/mtype582.a(sensors.o)
                              build/cooja/mtype582.a(pir-sensor.o) (sensors_changed)
build/cooja/mtype582.a(leds.o)
                              build/cooja/mtype582.a(leds-arch.o) (leds_get)
build/cooja/mtype582.a(gpio-hal-arch.o)
                              build/cooja/mtype582.a(leds-arch.o) (gpio_hal_arch_register_pin_callback)
build/cooja/mtype582.a(buttons.o)
                              build/cooja/mtype582.o (button_interface)
build/cooja/mtype582.a(coap-engine.o)
                              flag.o (coap_activate_resource)
build/cooja/mtype582.a(coap-res-well-k)
                              build/cooja/mtype582.a(coap-engine.o) (res_well_known_core)
build/cooja/mtype582.a(coap-observe.o)
                              build/cooja/mtype582.a(coap-engine.o) (coap_remove_observer_by_mid)
build/cooja/mtype582.a(coap-uip.o)
                              build/cooja/mtype582.a(coap-observe.o) (coap_endpoint_copy)
build/cooja/mtype582.a(coap-timer.o)
                              build/cooja/mtype582.a(coap-engine.o) (coap_timer_set)
build/cooja/mtype582.a(coap-transactio)
                              build/cooja/mtype582.a(coap-engine.o) (coap_send_transaction)
build/cooja/mtype582.a(coap.o)
                              build/cooja/mtype582.a(coap-engine.o) (coap_status_code)
build/cooja/mtype582.a(contiki-main.o)
                              build/cooja/mtype582.o (main)
build/cooja/mtype582.a(autostart.o)
                              build/cooja/mtype582.a(contiki-main.o) (autostart_start)
build/cooja/mtype582.a(ctimer.o)
                              build/cooja/mtype582.a(contiki-main.o) (ctimer_init)
build/cooja/mtype582.a(log.o)
                              build/cooja/mtype582.a(contiki-main.o) (curr_log_level_main)
build/cooja/mtype582.a(energest.o)
                              build/cooja/mtype582.a(contiki-main.o) (energest_init)
build/cooja/mtype582.a(etimer.o)
                              build/cooja/mtype582.a(contiki-main.o) (etimer_process)
build/cooja/mtype582.a(node-id.o)
                              build/cooja/mtype582.a(contiki-main.o) (node_id)
build/cooja/mtype582.a(rtimer.o)
                              build/cooja/mtype582.a(contiki-main.o) (rtimer_init)
build/cooja/mtype582.a(process.o)
                              build/cooja/mtype582.a(ctimer.o) (process_current)
build/cooja/mtype582.a(timer.o)
                              build/cooja/mtype582.a(etimer.o) (timer_set)
build/cooja/mtype582.a(list.o)
                              build/cooja/mtype582.a(coap-engine.o) (list_init)
build/cooja/mtype582.a(memb.o)
                              build/cooja/mtype582.a(coap-observe.o) (memb_alloc)
build/cooja/mtype582.a(button-hal.o)
                              build/cooja/mtype582.o (button_hal_init)
build/cooja/mtype582.a(serial-line.o)
                              build/cooja/mtype582.a(rs232.o) (serial_line_input_byte)
build/cooja/mtype582.a(gpio-hal.o)
                              build/cooja/mtype582.a(button-hal.o) (gpio_hal_register_handler)
build/cooja/mtype582.a(queuebuf.o)
                              build/cooja/mtype582.a(contiki-main.o) (queuebuf_init)
[...]
Memory Configuration

Name             Origin             Length             Attributes
*default*        0x0000000000000000 0xffffffffffffffff

Linker script and memory map

LOAD /usr/lib/gcc/i686-linux-gnu/5/../../../i386-linux-gnu/crti.o
LOAD /usr/lib/gcc/i686-linux-gnu/5/crtbeginS.o
LOAD flag.o
LOAD build/cooja/mtype582.o
LOAD build/cooja/mtype582.a
LOAD /usr/lib/gcc/i686-linux-gnu/5/libgcc.a
LOAD /usr/lib/gcc/i686-linux-gnu/5/libgcc_s.so
LOAD /usr/lib/gcc/i686-linux-gnu/5/../../../i386-linux-gnu/libc.so
START GROUP
LOAD /lib/i386-linux-gnu/libc.so.6
LOAD /usr/lib/i386-linux-gnu/libc_nonshared.a
LOAD /lib/i386-linux-gnu/ld-linux.so.2
END GROUP
LOAD /usr/lib/gcc/i686-linux-gnu/5/libgcc.a
LOAD /usr/lib/gcc/i686-linux-gnu/5/libgcc_s.so
LOAD /usr/lib/gcc/i686-linux-gnu/5/crtendS.o
LOAD /usr/lib/gcc/i686-linux-gnu/5/../../../i386-linux-gnu/crtn.o
                0x0000000000000114                . = (0x0 + SIZEOF_HEADERS)

.note.gnu.build-id
                0x0000000000000114       0x24
 *(.note.gnu.build-id)
 .note.gnu.build-id
                0x0000000000000114       0x24 /usr/lib/gcc/i686-linux-gnu/5/../../../i386-linux-gnu/crti.o

.hash
 *(.hash)

.gnu.hash       0x0000000000000138     0x157c
 *(.gnu.hash)
 .gnu.hash      0x0000000000000138     0x157c /usr/lib/gcc/i686-linux-gnu/5/../../../i386-linux-gnu/crti.o

.dynsym         0x00000000000016b4     0x2e80
 *(.dynsym)
 .dynsym        0x00000000000016b4     0x2e80 /usr/lib/gcc/i686-linux-gnu/5/../../../i386-linux-gnu/crti.o

.dynstr         0x0000000000004534     0x362d
 *(.dynstr)
 .dynstr        0x0000000000004534     0x362d /usr/lib/gcc/i686-linux-gnu/5/../../../i386-linux-gnu/crti.o

.gnu.version    0x0000000000007b62      0x5d0
 *(.gnu.version)
 .gnu.version   0x0000000000007b62      0x5d0 /usr/lib/gcc/i686-linux-gnu/5/../../../i386-linux-gnu/crti.o

.gnu.version_d  0x0000000000008134        0x0
 *(.gnu.version_d)
 .gnu.version_d
                0x0000000000008134        0x0 /usr/lib/gcc/i686-linux-gnu/5/../../../i386-linux-gnu/crti.o

.gnu.version_r  0x0000000000008134       0x40
 *(.gnu.version_r)
 .gnu.version_r
                0x0000000000008134       0x40 /usr/lib/gcc/i686-linux-gnu/5/../../../i386-linux-gnu/crti.o

.rel.dyn        0x0000000000008174     0x8d78
 *(.rel.init)
 .rel.init      0x0000000000008174        0x0 /usr/lib/gcc/i686-linux-gnu/5/../../../i386-linux-gnu/crti.o
 *(.rel.text .rel.text.* .rel.gnu.linkonce.t.*)
 .rel.text      0x0000000000008174     0x83e0 /usr/lib/gcc/i686-linux-gnu/5/../../../i386-linux-gnu/crti.o
 *(.rel.fini)
 .rel.fini      0x0000000000010554        0x0 /usr/lib/gcc/i686-linux-gnu/5/../../../i386-linux-gnu/crti.o
 *(.rel.rodata .rel.rodata.* .rel.gnu.linkonce.r.*)
 .rel.rodata    0x0000000000010554      0x588 /usr/lib/gcc/i686-linux-gnu/5/../../../i386-linux-gnu/crti.o
 *(.rel.data.rel.ro .rel.data.rel.ro.* .rel.gnu.linkonce.d.rel.ro.*)
 *(.rel.data .rel.data.* .rel.gnu.linkonce.d.*)
 .rel.data.rel.local
                0x0000000000010adc        0x8 /usr/lib/gcc/i686-linux-gnu/5/../../../i386-linux-gnu/crti.o
 .rel.data      0x0000000000010ae4      0x3d0 /usr/lib/gcc/i686-linux-gnu/5/../../../i386-linux-gnu/crti.o
 *(.rel.tdata .rel.tdata.* .rel.gnu.linkonce.td.*)
 *(.rel.tbss .rel.tbss.* .rel.gnu.linkonce.tb.*)
 *(.rel.ctors)
 *(.rel.dtors)
 *(.rel.got)
 .rel.got       0x0000000000010eb4       0x28 /usr/lib/gcc/i686-linux-gnu/5/../../../i386-linux-gnu/crti.o
 *(.rel.bss .rel.bss.* .rel.gnu.linkonce.b.*)
 *(.rel.ifunc)
 .rel.ifunc     0x0000000000010edc        0x0 /usr/lib/gcc/i686-linux-gnu/5/../../../i386-linux-gnu/crti.o
 .rel.fini_array
                0x0000000000010edc        0x8 /usr/lib/gcc/i686-linux-gnu/5/../../../i386-linux-gnu/crti.o
 .rel.init_array
                0x0000000000010ee4        0x8 /usr/lib/gcc/i686-linux-gnu/5/../../../i386-linux-gnu/crti.o

.rel.plt        0x0000000000010eec        0x0
 *(.rel.plt)
 .rel.plt       0x0000000000010eec        0x0 /usr/lib/gcc/i686-linux-gnu/5/../../../i386-linux-gnu/crti.o
 *(.rel.iplt)

.init           0x0000000000010eec       0x23
 *(SORT(.init))
 .init          0x0000000000010eec       0x1e /usr/lib/gcc/i686-linux-gnu/5/../../../i386-linux-gnu/crti.o
                0x0000000000010eec                _init
 .init          0x0000000000010f0a        0x5 /usr/lib/gcc/i686-linux-gnu/5/../../../i386-linux-gnu/crtn.o

.plt            0x0000000000010f10       0x10
 *(.plt)
 .plt           0x0000000000010f10       0x10 /usr/lib/gcc/i686-linux-gnu/5/../../../i386-linux-gnu/crti.o
 *(.iplt)

.plt.got        0x0000000000010f20       0x10
 *(.plt.got)
 .plt.got       0x0000000000010f20       0x10 /usr/lib/gcc/i686-linux-gnu/5/../../../i386-linux-gnu/crti.o

.text           0x0000000000010f30    0x17e82
 *(.text.unlikely .text.*_unlikely .text.unlikely.*)
 .text.unlikely
                0x0000000000010f30        0x0 /usr/lib/gcc/i686-linux-gnu/5/crtbeginS.o
 .text.unlikely
                0x0000000000010f30        0x0 /usr/lib/gcc/i686-linux-gnu/5/libgcc.a(_udivdi3.o)
 *(.text.exit .text.exit.*)
 *(.text.startup .text.startup.*)
 *(.text.hot .text.hot.*)
 *(.text .stub .text.* .gnu.linkonce.t.*)
 .text          0x0000000000010f30        0x0 /usr/lib/gcc/i686-linux-gnu/5/../../../i386-linux-gnu/crti.o
 .gnu.linkonce.t.__x86.get_pc_thunk.bx
                0x0000000000010f30        0x4 /usr/lib/gcc/i686-linux-gnu/5/../../../i386-linux-gnu/crti.o
                0x0000000000010f30                __x86.get_pc_thunk.bx
 *fill*         0x0000000000010f34        0xc 
 .text          0x0000000000010f40      0x11c /usr/lib/gcc/i686-linux-gnu/5/crtbeginS.o
 .text.__x86.get_pc_thunk.dx
                0x000000000001105c        0x4 /usr/lib/gcc/i686-linux-gnu/5/crtbeginS.o
                0x000000000001105c                __x86.get_pc_thunk.dx
 .text          0x0000000000011060       0x45 flag.o
 .text          0x00000000000110a5      0x283 build/cooja/mtype582.o
                0x0000000000011137                platform_init_stage_one
                0x000000000001114a                platform_init_stage_two
                0x000000000001115d                platform_init_stage_three
                0x0000000000011170                platform_main_loop
                0x00000000000111e3                Java_org_contikios_cooja_corecomm_Lib3_init
                0x000000000001121a                Java_org_contikios_cooja_corecomm_Lib3_getMemory
                0x000000000001124d                Java_org_contikios_cooja_corecomm_Lib3_setMemory
                0x00000000000112ad                Java_org_contikios_cooja_corecomm_Lib3_tick
                0x0000000000011315                Java_org_contikios_cooja_corecomm_Lib3_setReferenceAddress
 .text          0x0000000000011328       0x65 build/cooja/mtype582.a(simEnvChange.o)
                0x0000000000011328                doActionsBeforeTick
                0x000000000001135a                doActionsAfterTick
 .text          0x000000000001138d       0x83 build/cooja/mtype582.a(cooja_mt.o)
                0x000000000001138d                cooja_mt_start
                0x00000000000113b7                cooja_mt_exec
                0x00000000000113ed                cooja_mt_yield
 .text          0x0000000000011410       0xbe build/cooja/mtype582.a(cooja_mtarch.o)
                0x0000000000011410                cooja_mtarch_start
                0x0000000000011483                cooja_sw
                0x00000000000114a6                cooja_mtarch_exec
                0x00000000000114c3                cooja_mtarch_yield
 .text          0x00000000000114ce       0xc5 build/cooja/mtype582.a(rtimer-arch.o)
                0x00000000000114ce                rtimer_arch_init
                0x00000000000114f2                rtimer_arch_schedule
                0x0000000000011522                rtimer_arch_next
                0x0000000000011532                rtimer_arch_pending
                0x000000000001153c                rtimer_arch_check
                0x0000000000011583                rtimer_arch_now
 .text          0x0000000000011593       0x81 build/cooja/mtype582.a(beep.o)
                0x0000000000011593                beep_alarm
                0x00000000000115a0                beep_beep
                0x00000000000115ad                beep
                0x00000000000115ba                beep_down
                0x00000000000115c7                beep_on
                0x00000000000115d4                beep_off
                0x00000000000115e1                beep_spinup
                0x00000000000115ee                beep_quick
                0x00000000000115fb                beep_long
 .text          0x0000000000011614       0x65 build/cooja/mtype582.a(leds-arch.o)
                0x0000000000011627                leds_arch_init
 .text          0x0000000000011679       0x35 build/cooja/mtype582.a(moteid.o)
 .text          0x00000000000116ae       0xb7 build/cooja/mtype582.a(pir-sensor.o)
 .text          0x0000000000011765      0x148 build/cooja/mtype582.a(rs232.o)
                0x0000000000011765                rs232_init
                0x000000000001176b                rs232_set_speed
                0x000000000001177a                rs232_set_input
                0x0000000000011788                rs232_send
                0x00000000000117ac                rs232_print
                0x00000000000117c8                slip_arch_writeb
 .text          0x00000000000118ad       0xb7 build/cooja/mtype582.a(vib-sensor.o)
 .text          0x0000000000011964       0x38 build/cooja/mtype582.a(clock.o)
                0x0000000000011964                clock_init
                0x000000000001196a                clock_time
                0x0000000000011974                clock_seconds
                0x000000000001198a                clock_delay
 .text          0x000000000001199c      0x219 build/cooja/mtype582.a(cooja-log.o)
                0x000000000001199c                simlog_char
                0x00000000000119df                simlog
                0x0000000000011a55                log_message
                0x0000000000011a86                log_set_putchar_with_slip
                0x0000000000011a94                log_putchar
                0x0000000000011b0f                log_puts
                0x0000000000011b37                log_printf
 .text          0x0000000000011bb5      0x2b9 build/cooja/mtype582.a(cfs-cooja.o)
                0x0000000000011bb5                cfs_open
                0x0000000000011c1e                cfs_close
                0x0000000000011c2b                cfs_read
                0x0000000000011cc0                cfs_write
                0x0000000000011d9c                cfs_seek
                0x0000000000011e24                cfs_remove
                0x0000000000011e48                cfs_opendir
                0x0000000000011e52                cfs_readdir
                0x0000000000011e5c                cfs_closedir
 .text          0x0000000000011e6e      0x620 build/cooja/mtype582.a(cooja-radio.o)
                0x0000000000011eb0                radio_set_channel
                0x0000000000011ebe                radio_set_txpower
                0x0000000000011ed6                radio_signal_strength_last
                0x0000000000011ee0                radio_signal_strength_current
                0x0000000000011eea                radio_LQI
 .text          0x000000000001248e       0xee build/cooja/mtype582.a(eeprom.o)
                0x000000000001248e                eeprom_init
                0x0000000000012494                eeprom_read
                0x0000000000012502                eeprom_write
 .text          0x000000000001257c       0x2d build/cooja/mtype582.a(random.o)
                0x000000000001257c                random_init
                0x000000000001259c                random_rand
 .text          0x00000000000125a9      0x29c build/cooja/mtype582.a(sensors.o)
                0x00000000000125e4                sensors_first
                0x00000000000125ee                sensors_next
                0x0000000000012608                sensors_changed
                0x000000000001263c                sensors_find
 .text          0x0000000000012845      0x349 build/cooja/mtype582.a(leds.o)
                0x0000000000012845                leds_init
                0x000000000001288c                leds_single_on
                0x00000000000128eb                leds_single_off
                0x000000000001294a                leds_single_toggle
                0x000000000001297c                leds_on
                0x00000000000129fe                leds_off
                0x0000000000012a80                leds_toggle
                0x0000000000012ad5                leds_set
                0x0000000000012b01                leds_get
 .text          0x0000000000012b8e      0x343 build/cooja/mtype582.a(gpio-hal-arch.o)
                0x0000000000012b8e                gpio_hal_arch_register_pin_callback
                0x0000000000012bfa                gpio_hal_arch_init
                0x0000000000012c3f                gpio_hal_arch_no_port_interrupt_enable
                0x0000000000012c6f                gpio_hal_arch_no_port_interrupt_disable
                0x0000000000012c9f                gpio_hal_arch_no_port_pin_cfg_set
                0x0000000000012cc4                gpio_hal_arch_no_port_pin_cfg_get
                0x0000000000012cea                gpio_hal_arch_no_port_pin_set_input
                0x0000000000012cfc                gpio_hal_arch_no_port_pin_set_output
                0x0000000000012d0e                gpio_hal_arch_no_port_set_pin
                0x0000000000012d2f                gpio_hal_arch_no_port_clear_pin
                0x0000000000012d50                gpio_hal_arch_no_port_read_pin
                0x0000000000012d76                gpio_hal_arch_no_port_write_pin
                0x0000000000012da0                gpio_hal_arch_no_port_set_pins
                0x0000000000012de7                gpio_hal_arch_no_port_clear_pins
                0x0000000000012e2e                gpio_hal_arch_no_port_read_pins
                0x0000000000012e71                gpio_hal_arch_no_port_write_pins
 .text          0x0000000000012ed1       0x89 build/cooja/mtype582.a(buttons.o)
 .text          0x0000000000012f5a      0xbea build/cooja/mtype582.a(coap-engine.o)
                0x0000000000012fef                coap_add_handler
                0x000000000001300c                coap_remove_handler
                0x0000000000013029                coap_call_handlers
                0x0000000000013131                coap_receive
                0x000000000001372c                coap_engine_init
                0x000000000001378a                coap_activate_resource
                0x0000000000013835                coap_get_first_resource
                0x000000000001384e                coap_get_next_resource
 .text          0x0000000000013b44      0x2d9 build/cooja/mtype582.a(coap-res-well-k)
 .text          0x0000000000013e1d      0x96a build/cooja/mtype582.a(coap-observe.o)
                0x0000000000013f32                coap_remove_observer
                0x0000000000013f62                coap_remove_observer_by_client
                0x0000000000013fca                coap_remove_observer_by_token
                0x000000000001405d                coap_remove_observer_by_uri
                0x0000000000014104                coap_remove_observer_by_mid
                0x0000000000014180                coap_notify_observers
                0x0000000000014199                coap_notify_observers_sub
                0x0000000000014603                coap_observe_handler
                0x000000000001471e                coap_has_observers
 .text          0x0000000000014787      0x733 build/cooja/mtype582.a(coap-uip.o)
                0x0000000000014787                coap_endpoint_log
                0x000000000001480d                coap_endpoint_print
                0x0000000000014893                coap_endpoint_snprint
                0x00000000000149c6                coap_endpoint_copy
                0x0000000000014a03                coap_endpoint_cmp
                0x0000000000014b11                coap_endpoint_parse
                0x0000000000014cfc                coap_endpoint_is_secure
                0x0000000000014d0b                coap_endpoint_is_connected
                0x0000000000014d3f                coap_endpoint_connect
                0x0000000000014d5b                coap_endpoint_disconnect
                0x0000000000014d61                coap_databuf
                0x0000000000014d6b                coap_transport_init
                0x0000000000014dbb                coap_sendto
 .text          0x0000000000014eba      0x324 build/cooja/mtype582.a(coap-timer.o)
                0x0000000000014fb7                coap_timer_stop
                0x0000000000014fe2                coap_timer_set
                0x0000000000015025                coap_timer_reset
                0x0000000000015068                coap_timer_time_to_next_expiration
                0x00000000000150d4                coap_timer_run
                0x00000000000151a0                coap_timer_init
 .text          0x00000000000151de      0x2c6 build/cooja/mtype582.a(coap-transactio)
                0x0000000000015244                coap_new_transaction
                0x00000000000152aa                coap_send_transaction
                0x000000000001540b                coap_clear_transaction
                0x0000000000015453                coap_get_transaction_by_mid
 .text          0x00000000000154a4     0x1c53 build/cooja/mtype582.a(coap.o)
                0x0000000000015a11                coap_init_connection
                0x0000000000015a25                coap_get_mid
                0x0000000000015a41                coap_init_message
                0x0000000000015a8a                coap_serialize_message
                0x000000000001610c                coap_parse_message
                0x0000000000016773                coap_get_query_variable
                0x00000000000167b5                coap_get_post_variable
                0x00000000000167f9                coap_set_status_code
                0x000000000001681e                coap_set_token
                0x0000000000016865                coap_get_header_content_format
                0x0000000000016896                coap_set_header_content_format
                0x00000000000168b9                coap_get_header_accept
                0x00000000000168ea                coap_set_header_accept
                0x000000000001690d                coap_get_header_max_age
                0x000000000001693e                coap_set_header_max_age
                0x000000000001695e                coap_get_header_etag
                0x0000000000016990                coap_set_header_etag
                0x00000000000169e7                coap_get_header_if_match
                0x0000000000016a19                coap_set_header_if_match
                0x0000000000016a70                coap_get_header_if_none_match
                0x0000000000016a8a                coap_set_header_if_none_match
                0x0000000000016aa1                coap_get_header_proxy_uri
                0x0000000000016acf                coap_set_header_proxy_uri
                0x0000000000016b0c                coap_get_header_uri_host
                0x0000000000016b3a                coap_set_header_uri_host
                0x0000000000016b77                coap_get_header_uri_path
                0x0000000000016ba5                coap_set_header_uri_path
                0x0000000000016bf2                coap_get_header_uri_query
                0x0000000000016c26                coap_set_header_uri_query
                0x0000000000016c7c                coap_get_header_location_path
                0x0000000000016caa                coap_set_header_location_path
                0x0000000000016d43                coap_get_header_location_query
                0x0000000000016d71                coap_set_header_location_query
                0x0000000000016dbe                coap_get_header_observe
                0x0000000000016ded                coap_set_header_observe
                0x0000000000016e0d                coap_get_header_block2
                0x0000000000016e79                coap_set_header_block2
                0x0000000000016ef0                coap_get_header_block1
                0x0000000000016f65                coap_set_header_block1
                0x0000000000016fe0                coap_get_header_size2
                0x0000000000017010                coap_set_header_size2
                0x0000000000017033                coap_get_header_size1
                0x0000000000017063                coap_set_header_size1
                0x0000000000017086                coap_get_payload
                0x00000000000170c0                coap_set_payload
 .text          0x00000000000170f7      0x332 build/cooja/mtype582.a(contiki-main.o)
                0x00000000000170f7                main
 .text          0x0000000000017429       0x92 build/cooja/mtype582.a(autostart.o)
                0x0000000000017429                autostart_start
                0x0000000000017473                autostart_exit
 .text          0x00000000000174bb      0x355 build/cooja/mtype582.a(ctimer.o)
                0x00000000000175e3                ctimer_init
                0x0000000000017616                ctimer_set
                0x000000000001763c                ctimer_set_with_process
                0x00000000000176b9                ctimer_reset
                0x000000000001770d                ctimer_restart
                0x0000000000017761                ctimer_stop
                0x00000000000177b1                ctimer_expired
 .text          0x0000000000017810      0x394 build/cooja/mtype582.a(log.o)
                0x0000000000017810                log_6addr
                0x0000000000017863                log_6addr_compact_snprint
                0x0000000000017901                log_6addr_compact
                0x0000000000017954                log_lladdr
                0x00000000000179c6                log_lladdr_compact
                0x0000000000017a2e                log_set_level
                0x0000000000017ae9                log_get_level
                0x0000000000017b62                log_level_to_str
 .text          0x0000000000017ba4       0x1b build/cooja/mtype582.a(energest.o)
                0x0000000000017ba4                energest_init
                0x0000000000017baa                energest_flush
                0x0000000000017bb0                energest_get_total_time
 .text          0x0000000000017bbf      0x43f build/cooja/mtype582.a(etimer.o)
                0x0000000000017de3                etimer_request_poll
                0x0000000000017e6c                etimer_set
                0x0000000000017e95                etimer_reset_with_new_interval
                0x0000000000017ec4                etimer_reset
                0x0000000000017eea                etimer_restart
                0x0000000000017f10                etimer_adjust
                0x0000000000017f2d                etimer_expired
                0x0000000000017f40                etimer_expiration_time
                0x0000000000017f52                etimer_start_time
                0x0000000000017f5c                etimer_pending
                0x0000000000017f6e                etimer_next_expiration_time
                0x0000000000017f88                etimer_stop
 .text          0x0000000000017ffe       0x25 build/cooja/mtype582.a(node-id.o)
                0x0000000000017ffe                node_id_init
 .text          0x0000000000018023       0xeb build/cooja/mtype582.a(rtimer.o)
                0x0000000000018023                rtimer_init
                0x0000000000018031                rtimer_set
                0x00000000000180ac                rtimer_run_next
 .text          0x000000000001810e      0x4fb build/cooja/mtype582.a(process.o)
                0x000000000001810e                process_alloc_event
                0x0000000000018123                process_start
                0x00000000000182fd                process_exit
                0x000000000001831a                process_init
                0x00000000000184af                process_run
                0x00000000000184e2                process_nevents
                0x00000000000184fd                process_post
                0x0000000000018590                process_post_synch
                0x00000000000185c5                process_poll
                0x00000000000185f5                process_is_running
 .text          0x0000000000018609       0xb1 build/cooja/mtype582.a(timer.o)
                0x0000000000018609                timer_set
                0x0000000000018627                timer_reset
                0x0000000000018654                timer_restart
                0x0000000000018669                timer_expired
                0x0000000000018696                timer_remaining
 .text          0x00000000000186ba      0x28f build/cooja/mtype582.a(list.o)
                0x00000000000186ba                list_init
                0x00000000000186c9                list_head
                0x00000000000186d3                list_copy
                0x00000000000186e3                list_tail
                0x0000000000018719                list_add
                0x0000000000018765                list_push
                0x0000000000018791                list_chop
                0x00000000000187fb                list_pop
                0x0000000000018823                list_remove
                0x000000000001888b                list_length
                0x00000000000188b9                list_insert
                0x00000000000188fe                list_item_next
                0x0000000000018915                list_contains
 .text          0x0000000000018949      0x1b5 build/cooja/mtype582.a(memb.o)
                0x0000000000018949                memb_init
                0x000000000001899e                memb_alloc
                0x0000000000018a01                memb_free
                0x0000000000018a78                memb_inmemb
                0x0000000000018ab7                memb_numfree
 .text          0x0000000000018afe      0x41c build/cooja/mtype582.a(button-hal.o)
                0x0000000000018c77                button_hal_get_by_id
                0x0000000000018cb5                button_hal_get_by_index
                0x0000000000018ce1                button_hal_get_state
                0x0000000000018d33                button_hal_init
 .text          0x0000000000018f1a      0x1f3 build/cooja/mtype582.a(serial-line.o)
                0x0000000000018f1a                serial_line_input_byte
                0x00000000000190d8                serial_line_init
 .text          0x000000000001910d      0x168 build/cooja/mtype582.a(gpio-hal.o)
                0x000000000001910d                gpio_hal_register_handler
                0x000000000001912a                gpio_hal_event_handler
                0x0000000000019186                gpio_hal_init
                0x00000000000191a5                gpio_hal_arch_port_toggle_pin
                0x00000000000191e1                gpio_hal_arch_port_toggle_pins
                0x000000000001920f                gpio_hal_arch_no_port_toggle_pin
                0x000000000001924d                gpio_hal_arch_no_port_toggle_pins
 .text          0x0000000000019275      0x2e7 build/cooja/mtype582.a(queuebuf.o)
                0x000000000001927f                queuebuf_init
                0x00000000000192a8                queuebuf_numfree
                0x00000000000192c0                queuebuf_new_from_packetbuf
                0x000000000001935f                queuebuf_update_attr_from_packetbuf
                0x0000000000019394                queuebuf_update_from_packetbuf
                0x00000000000193e4                queuebuf_free
                0x000000000001942d                queuebuf_to_packetbuf
                0x0000000000019499                queuebuf_dataptr
                0x00000000000194d3                queuebuf_datalen
                0x00000000000194f6                queuebuf_addr
                0x000000000001952b                queuebuf_attr
                0x0000000000019556                queuebuf_debug_print
 .text          0x000000000001955c      0x407 build/cooja/mtype582.a(packetbuf.o)
                0x000000000001955c                packetbuf_clear
                0x0000000000019587                packetbuf_copyfrom
                0x00000000000195d6                packetbuf_copyto
                0x0000000000019669                packetbuf_hdralloc
                0x00000000000196e5                packetbuf_hdrreduce
                0x000000000001972b                packetbuf_set_datalen
                0x0000000000019745                packetbuf_dataptr
                0x0000000000019762                packetbuf_hdrptr
                0x000000000001976c                packetbuf_datalen
                0x0000000000019778                packetbuf_hdrlen
                0x000000000001978f                packetbuf_totlen
                0x00000000000197a5                packetbuf_remaininglen
                0x00000000000197b8                packetbuf_attr_clear
                0x0000000000019804                packetbuf_attr_copyto
                0x000000000001985c                packetbuf_attr_copyfrom
                0x00000000000198b4                packetbuf_set_attr
                0x00000000000198de                packetbuf_attr
                0x00000000000198f8                packetbuf_set_addr
                0x0000000000019929                packetbuf_addr
                0x0000000000019946                packetbuf_holds_broadcast
 .text          0x0000000000019963       0xef build/cooja/mtype582.a(netstack.o)
                0x0000000000019963                netstack_process_ip_callback
                0x00000000000199f4                netstack_ip_packet_processor_add
                0x0000000000019a17                uip_ds6_ip_packet_processor_rm
                0x0000000000019a34                netstack_init
 .text          0x0000000000019a52       0x4f build/cooja/mtype582.a(linkaddr.o)
                0x0000000000019a52                linkaddr_copy
                0x0000000000019a68                linkaddr_cmp
                0x0000000000019a8b                linkaddr_set_node_addr
 .text          0x0000000000019aa1      0x1f6 build/cooja/mtype582.a(csma.o)
 .text          0x0000000000019c97      0x95d build/cooja/mtype582.a(csma-output.o)
                0x000000000001a32e                csma_output_packet
                0x000000000001a5bb                csma_output_init
 .text          0x000000000001a5f4      0xc11 build/cooja/mtype582.a(uip-ds6.o)
                0x000000000001a5f4                uip_ds6_default_prefix
                0x000000000001a5fe                uip_ds6_set_default_prefix
                0x000000000001a629                uip_ds6_init
                0x000000000001a88b                uip_ds6_periodic
                0x000000000001a912                uip_ds6_list_loop
                0x000000000001a9d2                uip_ds6_prefix_add
                0x000000000001aa7e                uip_ds6_prefix_rm
                0x000000000001aa91                uip_ds6_prefix_lookup
                0x000000000001aad0                uip_ds6_is_addr_onlink
                0x000000000001ab43                uip_ds6_addr_add
                0x000000000001ac63                uip_ds6_addr_rm
                0x000000000001ad0c                uip_ds6_addr_lookup
                0x000000000001ad45                uip_ds6_get_link_local
                0x000000000001adc6                uip_ds6_get_global
                0x000000000001ae47                uip_ds6_maddr_add
                0x000000000001aea7                uip_ds6_maddr_rm
                0x000000000001aeba                uip_ds6_maddr_lookup
                0x000000000001aef3                uip_ds6_aaddr_add
                0x000000000001af53                uip_ds6_aaddr_rm
                0x000000000001af66                uip_ds6_aaddr_lookup
                0x000000000001af9f                uip_ds6_select_src
                0x000000000001b0e8                uip_ds6_set_addr_iid
                0x000000000001b113                uip_ds6_set_lladdr_from_iid
                0x000000000001b13c                get_match_length
                0x000000000001b1cd                uip_ds6_compute_reachable_time
 .text          0x000000000001b205      0x128 build/cooja/mtype582.a(uip-udp-packet.)
                0x000000000001b205                uip_udp_packet_send
                0x000000000001b260                uip_udp_packet_sendto
 .text          0x000000000001b32d      0x35b build/cooja/mtype582.a(uip-ds6-route.o)
                0x000000000001b37e                uip_ds6_route_init
                0x000000000001b3a8                uip_ds6_route_nexthop
                0x000000000001b3b2                uip_ds6_route_head
                0x000000000001b3bc                uip_ds6_route_next
                0x000000000001b3c6                uip_ds6_route_is_nexthop
                0x000000000001b3d0                uip_ds6_route_num_routes
                0x000000000001b3da                uip_ds6_route_lookup
                0x000000000001b3e4                uip_ds6_route_add
                0x000000000001b3f7                uip_ds6_route_rm
                0x000000000001b3fd                uip_ds6_route_rm_by_nexthop
                0x000000000001b403                uip_ds6_defrt_head
                0x000000000001b41c                uip_ds6_defrt_add
                0x000000000001b4ca                uip_ds6_defrt_rm
                0x000000000001b530                uip_ds6_defrt_lookup
                0x000000000001b597                uip_ds6_defrt_choose
                0x000000000001b60d                uip_ds6_defrt_periodic
 .text          0x000000000001b688      0x6f7 build/cooja/mtype582.a(tcpip.o)
                0x000000000001b6a2                tcpip_output
                0x000000000001b721                udp_attach
                0x000000000001b739                udp_new
                0x000000000001b783                udp_broadcast_new
                0x000000000001b8f5                tcpip_input
                0x000000000001ba85                tcpip_ipv6_output
                0x000000000001bc79                tcpip_poll_udp
                0x000000000001bc97                tcpip_uipcall
 .text          0x000000000001bd7f     0x1205 build/cooja/mtype582.a(uip6.o)
                0x000000000001be2e                uip_chksum
                0x000000000001bf05                uip_icmp6chksum
                0x000000000001bf1a                uip_udpchksum
                0x000000000001bf2f                uip_init
                0x000000000001bf78                uip_remove_ext_hdr
                0x000000000001c052                uip_udp_new
                0x000000000001c366                uip_process
                0x000000000001ce5e                uip_htons
                0x000000000001ce80                uip_htonl
                0x000000000001cebe                uip_send
 .text          0x000000000001cf84      0x369 build/cooja/mtype582.a(uip-ds6-nbr.o)
                0x000000000001cf84                uip_ds6_neighbors_init
                0x000000000001cfa8                uip_ds6_nbr_add
                0x000000000001d02e                uip_ds6_nbr_rm
                0x000000000001d079                uip_ds6_nbr_update_ll
                0x000000000001d167                uip_ds6_nbr_get_ipaddr
                0x000000000001d17c                uip_ds6_nbr_get_ll
                0x000000000001d198                uip_ds6_nbr_num
                0x000000000001d1e1                uip_ds6_nbr_head
                0x000000000001d1fa                uip_ds6_nbr_next
                0x000000000001d216                uip_ds6_nbr_lookup
                0x000000000001d26e                uip_ds6_nbr_ll_lookup
                0x000000000001d28a                uip_ds6_nbr_ipaddr_from_lladdr
                0x000000000001d2b3                uip_ds6_nbr_lladdr_from_ipaddr
                0x000000000001d2e7                uip_ds6_link_callback
 .text          0x000000000001d2ed      0x6a7 build/cooja/mtype582.a(uip-nd6.o)
                0x000000000001d97b                uip_nd6_init
 .text          0x000000000001d994     0x2c17 build/cooja/mtype582.a(sicslowpan.o)
                0x000000000001df9b                netstack_sniffer_add
                0x000000000001dfa9                netstack_sniffer_remove
                0x000000000002057f                sicslowpan_init
                0x00000000000205a1                sicslowpan_get_last_rssi
 .text          0x00000000000205ab      0x4d1 build/cooja/mtype582.a(uiplib.o)
                0x00000000000205ab                uiplib_ip6addrconv
                0x0000000000020763                uiplib_ip4addrconv
                0x0000000000020826                uiplib_ipaddr_print
                0x0000000000020879                uiplib_ipaddr_snprint
 .text          0x0000000000020a7c      0x4c9 build/cooja/mtype582.a(rpl.o)
                0x0000000000020a7c                rpl_lollipop_greater_than
                0x0000000000020ad6                rpl_get_global_address
                0x0000000000020bce                rpl_link_callback
                0x0000000000020c12                rpl_has_joined
                0x0000000000020c37                rpl_is_reachable
                0x0000000000020cb8                rpl_reset_prefix
                0x0000000000020d22                rpl_set_prefix_from_addr
                0x0000000000020e07                rpl_set_prefix
                0x0000000000020f21                rpl_set_leaf_only
                0x0000000000020f39                rpl_get_leaf_only
 .text          0x0000000000020f45     0x138c build/cooja/mtype582.a(rpl-icmp6.o)
                0x000000000002106a                rpl_icmp6_update_nbr_table
                0x00000000000210f3                rpl_icmp6_dis_output
                0x0000000000021739                rpl_icmp6_dio_output
                0x0000000000021f37                rpl_icmp6_dao_output
                0x0000000000022218                rpl_icmp6_dao_ack_output
                0x0000000000022288                rpl_icmp6_init
 .text          0x00000000000222d1      0x264 build/cooja/mtype582.a(rpl-dag-root.o)
                0x00000000000222d1                rpl_dag_root_print_links
                0x00000000000223fd                rpl_dag_root_set_prefix
                0x0000000000022429                rpl_dag_root_start
                0x0000000000022506                rpl_dag_root_is_root
 .text          0x0000000000022535       0x30 build/cooja/mtype582.a(watchdog.o)
                0x0000000000022535                watchdog_init
                0x000000000002253b                watchdog_start
                0x0000000000022541                watchdog_periodic
                0x0000000000022559                watchdog_stop
                0x000000000002255f                watchdog_reboot
 .text          0x0000000000022565       0x4a build/cooja/mtype582.a(int-master.o)
                0x0000000000022565                int_master_enable
                0x0000000000022575                int_master_read_and_disable
                0x0000000000022592                int_master_status_set
                0x00000000000225a0                int_master_is_enabled
 .text          0x00000000000225af      0x226 build/cooja/mtype582.a(coap-timer-defa)
 .text          0x00000000000227d5       0xc7 build/cooja/mtype582.a(stimer.o)
                0x00000000000227d5                stimer_set
                0x00000000000227f3                stimer_reset
                0x0000000000022820                stimer_restart
                0x0000000000022835                stimer_expired
                0x0000000000022860                stimer_remaining
                0x0000000000022884                stimer_elapsed
 .text          0x000000000002289c      0x156 build/cooja/mtype582.a(ringbuf.o)
                0x000000000002289c                ringbuf_init
                0x00000000000228ce                ringbuf_put
                0x000000000002294c                ringbuf_get
                0x00000000000229b9                ringbuf_size
                0x00000000000229cb                ringbuf_elements
 .text          0x00000000000229f2       0x1f build/cooja/mtype582.a(assert.o)
                0x00000000000229f2                _xassert
 .text          0x0000000000022a11      0x79b build/cooja/mtype582.a(nbr-table.o)
                0x0000000000022e8a                nbr_table_register
                0x0000000000022ef7                nbr_table_is_registered
                0x0000000000022f32                nbr_table_head
                0x0000000000022f8d                nbr_table_next
                0x0000000000022fee                nbr_table_add_lladdr
                0x00000000000230c8                nbr_table_get_from_lladdr
                0x0000000000023114                nbr_table_remove
                0x000000000002314c                nbr_table_lock
                0x0000000000023166                nbr_table_unlock
                0x0000000000023180                nbr_table_get_lladdr
 .text          0x00000000000231ac      0x3a5 build/cooja/mtype582.a(link-stats.o)
                0x00000000000231ac                link_stats_from_lladdr
                0x00000000000231c8                link_stats_get_lladdr
                0x00000000000231e4                link_stats_is_fresh
                0x0000000000023220                guess_etx_from_rssi
                0x000000000002329c                link_stats_packet_sent
                0x00000000000233bc                link_stats_input_callback
                0x00000000000234cc                link_stats_reset
                0x000000000002351c                link_stats_init
 .text          0x0000000000023551      0x187 build/cooja/mtype582.a(mac-sequence.o)
                0x0000000000023551                mac_sequence_is_duplicate
                0x00000000000235f1                mac_sequence_register_seqno
 .text          0x00000000000236d8       0x23 build/cooja/mtype582.a(mac.o)
                0x00000000000236d8                mac_call_sent_callback
 .text          0x00000000000236fb      0x432 build/cooja/mtype582.a(framer-802154.o)
                0x000000000002388a                framer_802154_setup_params
 .text          0x0000000000023b2d      0xb6f build/cooja/mtype582.a(frame802154.o)
                0x0000000000023b5e                frame802154_get_pan_id
                0x0000000000023b6a                frame802154_set_pan_id
                0x0000000000023b84                frame802154_has_panid
                0x0000000000023d33                frame802154_check_dest_panid
                0x0000000000023dbb                frame802154_is_broadcast_addr
                0x0000000000023e08                frame802154_extract_linkaddr
                0x000000000002406d                frame802154_hdrlen
                0x00000000000240e0                frame802154_create_fcf
                0x0000000000024198                frame802154_create
                0x000000000002430d                frame802154_parse_fcf
                0x00000000000243ef                frame802154_parse
 .text          0x000000000002469c       0x2d build/cooja/mtype582.a(csma-security.o)
                0x000000000002469c                csma_security_create_frame
                0x00000000000246ba                csma_security_parse_frame
 .text          0x00000000000246c9      0x4e4 build/cooja/mtype582.a(uipbuf.o)
                0x00000000000246c9                uipbuf_clear
                0x00000000000246f0                uipbuf_add_ext_hdr
                0x0000000000024770                uipbuf_set_len
                0x000000000002479d                uipbuf_set_len_field
                0x00000000000247c9                uipbuf_get_len_field
                0x00000000000247e9                uipbuf_get_next_header
                0x000000000002491b                uipbuf_get_last_header
                0x0000000000024994                uipbuf_search_header
                0x0000000000024a4a                uipbuf_get_attr
                0x0000000000024a71                uipbuf_set_attr
                0x0000000000024aa8                uipbuf_set_default_attr
                0x0000000000024adf                uipbuf_clear_attr
                0x0000000000024b03                uipbuf_set_attr_flag
                0x0000000000024b24                uipbuf_clr_attr_flag
                0x0000000000024b4b                uipbuf_is_attr_flag
                0x0000000000024b6f                uipbuf_init
 .text          0x0000000000024bad      0x73f build/cooja/mtype582.a(uip-icmp6.o)
                0x0000000000024c22                uip_icmp6_input
                0x0000000000024c79                uip_icmp6_register_input_handler
                0x0000000000024dcc                uip_icmp6_error_output
                0x000000000002507d                uip_icmp6_send
                0x0000000000025274                uip_icmp6_echo_reply_callback_add
                0x00000000000252a6                uip_icmp6_echo_reply_callback_rm
                0x00000000000252c3                uip_icmp6_init
 .text          0x00000000000252ec      0x69b build/cooja/mtype582.a(uip-sr.o)
                0x00000000000252ec                uip_sr_num_nodes
                0x000000000002537a                uip_sr_get_node
                0x00000000000253d1                uip_sr_is_addr_reachable
                0x000000000002547f                uip_sr_expire_parent
                0x00000000000254c8                uip_sr_update_node
                0x00000000000255f8                uip_sr_init
                0x000000000002562c                uip_sr_node_head
                0x0000000000025645                uip_sr_node_next
                0x000000000002565b                uip_sr_periodic
                0x0000000000025761                uip_sr_free_all
                0x00000000000257d1                uip_sr_link_snprint
 .text          0x0000000000025987      0x146 build/cooja/mtype582.a(uip-packetqueue)
                0x00000000000259b5                uip_packetqueue_new
                0x00000000000259c4                uip_packetqueue_alloc
                0x0000000000025a1f                uip_packetqueue_free
                0x0000000000025a66                uip_packetqueue_buf
                0x0000000000025a83                uip_packetqueue_buflen
                0x0000000000025aa4                uip_packetqueue_set_buflen
 .text          0x0000000000025acd      0x1b0 build/cooja/mtype582.a(rpl-nbr-policy.)
                0x0000000000025c3a                rpl_nbr_policy_find_removable
 .text          0x0000000000025c7d      0x915 build/cooja/mtype582.a(rpl-neighbor.o)
                0x0000000000025cf9                rpl_neighbor_snprint
                0x0000000000025fac                rpl_neighbor_print_list
                0x0000000000026061                rpl_neighbor_count
                0x0000000000026108                rpl_neighbor_get_from_lladdr
                0x0000000000026124                rpl_neighbor_is_acceptable_parent
                0x0000000000026158                rpl_neighbor_get_link_metric
                0x000000000002618c                rpl_neighbor_rank_via_nbr
                0x00000000000261c0                rpl_neighbor_get_lladdr
                0x00000000000261dc                rpl_neighbor_get_ipaddr
                0x0000000000026203                rpl_neighbor_get_link_stats
                0x000000000002622a                rpl_neighbor_is_fresh
                0x0000000000026251                rpl_neighbor_is_reachable
                0x000000000002629c                rpl_neighbor_is_parent
                0x00000000000262c6                rpl_neighbor_set_preferred_parent
                0x000000000002635d                rpl_neighbor_remove_all
                0x00000000000263b9                rpl_neighbor_get_from_ipaddr
                0x00000000000264c7                rpl_neighbor_select_best
                0x0000000000026573                rpl_neighbor_init
 .text          0x0000000000026592      0xe69 build/cooja/mtype582.a(rpl-dag.o)
                0x0000000000026592                rpl_dag_state_to_str
                0x00000000000265d1                rpl_dag_get_root_ipaddr
                0x0000000000026619                rpl_dag_leave
                0x00000000000266a2                rpl_dag_poison_and_leave
                0x00000000000266ba                rpl_dag_periodic
                0x0000000000026742                rpl_is_addr_in_our_dag
                0x0000000000026786                rpl_get_default_instance
                0x00000000000267a2                rpl_get_any_dag
                0x00000000000267fb                rpl_refresh_routes
                0x000000000002683b                rpl_global_repair
                0x00000000000268d4                rpl_local_repair
                0x000000000002691e                rpl_dag_ready_to_advertise
                0x0000000000026961                rpl_dag_update_state
                0x000000000002708e                rpl_process_dio
                0x000000000002710c                rpl_process_dis
                0x0000000000027151                rpl_process_dao
                0x00000000000271e0                rpl_process_dao_ack
                0x0000000000027277                rpl_process_hbh
                0x00000000000272c7                rpl_dag_init_root
                0x00000000000273db                rpl_dag_init
 .text          0x00000000000273fb      0x9e7 build/cooja/mtype582.a(rpl-timers.o)
                0x00000000000273fb                rpl_timers_schedule_periodic_dis
                0x0000000000027549                rpl_timers_dio_reset
                0x0000000000027657                rpl_timers_schedule_unicast_dio
                0x00000000000277ab                rpl_timers_schedule_dao
                0x000000000002786a                rpl_timers_schedule_dao_ack
                0x00000000000278f0                rpl_timers_notify_dao_ack
                0x000000000002794e                get_probing_delay
                0x0000000000027982                get_probing_target
                0x0000000000027b6c                rpl_schedule_probing
                0x0000000000027b9a                rpl_schedule_probing_now
                0x0000000000027c04                rpl_timers_unschedule_leaving
                0x0000000000027c3c                rpl_timers_schedule_leaving
                0x0000000000027c7d                rpl_timers_init
                0x0000000000027d0d                rpl_timers_stop_dag_timers
                0x0000000000027d86                rpl_timers_unschedule_state_update
                0x0000000000027daa                rpl_timers_schedule_state_update
 .text          0x0000000000027de2      0xb8e build/cooja/mtype582.a(rpl-ext-header.)
                0x0000000000027de2                rpl_ext_header_srh_get_next_hop
                0x0000000000027ec9                rpl_ext_header_srh_update
                0x0000000000028435                rpl_ext_header_hbh_update
                0x0000000000028735                rpl_ext_header_update
                0x00000000000287be                rpl_ext_header_remove
 .text          0x0000000000028970      0x31b build/cooja/mtype582.a(rpl-mrhof.o)
 *fill*         0x0000000000028c8b        0x5 
 .text          0x0000000000028c90      0x122 /usr/lib/gcc/i686-linux-gnu/5/libgcc.a(_udivdi3.o)
                0x0000000000028c90                __udivdi3
 .text          0x0000000000028db2        0x0 /usr/lib/gcc/i686-linux-gnu/5/crtendS.o
 .text          0x0000000000028db2        0x0 /usr/lib/gcc/i686-linux-gnu/5/../../../i386-linux-gnu/crtn.o
 *(.gnu.warning)

.fini           0x0000000000028db4       0x14
 *(SORT(.fini))
 .fini          0x0000000000028db4        0xf /usr/lib/gcc/i686-linux-gnu/5/../../../i386-linux-gnu/crti.o
                0x0000000000028db4                _fini
 .fini          0x0000000000028dc3        0x5 /usr/lib/gcc/i686-linux-gnu/5/../../../i386-linux-gnu/crtn.o
                [!provide]                        PROVIDE (__etext, .)
                [!provide]                        PROVIDE (_etext, .)
                [!provide]                        PROVIDE (etext, .)

.rodata         0x0000000000028de0      0x98b
 *(.rodata .rodata.* .gnu.linkonce.r.*)
 .rodata        0x0000000000028de0       0x21 flag.o
                0x0000000000028df0                autostart_processes
 *fill*         0x0000000000028e01        0x3 
 .rodata        0x0000000000028e04        0x8 build/cooja/mtype582.a(beep.o)
                0x0000000000028e04                beep_interface
 .rodata        0x0000000000028e0c        0xe build/cooja/mtype582.a(leds-arch.o)
                0x0000000000028e0c                leds_interface
                0x0000000000028e14                leds_arch_leds
 *fill*         0x0000000000028e1a        0x2 
 .rodata        0x0000000000028e1c        0x8 build/cooja/mtype582.a(moteid.o)
                0x0000000000028e1c                moteid_interface
 .rodata        0x0000000000028e24       0x1c build/cooja/mtype582.a(pir-sensor.o)
                0x0000000000028e24                pir_interface
                0x0000000000028e30                pir_sensor
 .rodata        0x0000000000028e40        0xe build/cooja/mtype582.a(rs232.o)
                0x0000000000028e40                rs232_interface
 *fill*         0x0000000000028e4e        0x2 
 .rodata        0x0000000000028e50       0x24 build/cooja/mtype582.a(vib-sensor.o)
                0x0000000000028e50                vib_interface
                0x0000000000028e64                vib_sensor
 .rodata        0x0000000000028e74        0x8 build/cooja/mtype582.a(clock.o)
                0x0000000000028e74                clock_interface
 .rodata        0x0000000000028e7c        0x8 build/cooja/mtype582.a(cooja-log.o)
                0x0000000000028e7c                simlog_interface
 .rodata        0x0000000000028e84       0x2f build/cooja/mtype582.a(cfs-cooja.o)
                0x0000000000028e84                cfs_interface
 *fill*         0x0000000000028eb3        0xd 
 .rodata        0x0000000000028ec0       0xb8 build/cooja/mtype582.a(cooja-radio.o)
                0x0000000000028ec0                radio_interface
                0x0000000000028f40                cooja_radio_driver
 .rodata        0x0000000000028f78        0x8 build/cooja/mtype582.a(eeprom.o)
                0x0000000000028f78                eeprom_interface
 .rodata        0x0000000000028f80        0x8 build/cooja/mtype582.a(sensors.o)
 .rodata        0x0000000000028f88       0x2c build/cooja/mtype582.a(buttons.o)
                0x0000000000028f88                button_interface
                0x0000000000028f9c                button_hal_button_count
                0x0000000000028fa4                button_sensor
 .rodata        0x0000000000028fb4       0x41 build/cooja/mtype582.a(coap-engine.o)
 .rodata        0x0000000000028ff5       0x19 build/cooja/mtype582.a(coap-res-well-k)
 .rodata        0x000000000002900e       0x11 build/cooja/mtype582.a(coap-observe.o)
 .rodata        0x000000000002901f       0x35 build/cooja/mtype582.a(coap-uip.o)
 .rodata        0x0000000000029054      0x1ac build/cooja/mtype582.a(coap.o)
 .rodata        0x0000000000029200       0xf4 build/cooja/mtype582.a(contiki-main.o)
 .rodata        0x00000000000292f4        0xf build/cooja/mtype582.a(ctimer.o)
 *fill*         0x0000000000029303        0x1 
 .rodata        0x0000000000029304       0xc4 build/cooja/mtype582.a(log.o)
 .rodata        0x00000000000293c8        0xc build/cooja/mtype582.a(etimer.o)
 .rodata        0x00000000000293d4       0x13 build/cooja/mtype582.a(button-hal.o)
 .rodata        0x00000000000293e7        0xe build/cooja/mtype582.a(serial-line.o)
 *fill*         0x00000000000293f5        0x3 
 .rodata        0x00000000000293f8        0x8 build/cooja/mtype582.a(linkaddr.o)
                0x00000000000293f8                linkaddr_null
 .rodata        0x0000000000029400       0x24 build/cooja/mtype582.a(csma.o)
                0x0000000000029408                csma_driver
 .rodata        0x0000000000029424       0x32 build/cooja/mtype582.a(csma-output.o)
 *fill*         0x0000000000029456        0x2 
 .rodata        0x0000000000029458       0x4d build/cooja/mtype582.a(uip-ds6-route.o)
 .rodata        0x00000000000294a5        0xd build/cooja/mtype582.a(tcpip.o)
 *fill*         0x00000000000294b2        0x2 
 .rodata        0x00000000000294b4       0x30 build/cooja/mtype582.a(sicslowpan.o)
                0x00000000000294b4                unc_llconf
                0x00000000000294b8                unc_ctxconf
                0x00000000000294bc                unc_mxconf
                0x00000000000294c0                llprefix
                0x00000000000294d4                sicslowpan_driver
 .rodata        0x00000000000294e4       0x2d build/cooja/mtype582.a(uiplib.o)
 *fill*         0x0000000000029511        0xf 
 .rodata        0x0000000000029520       0x74 build/cooja/mtype582.a(rpl.o)
                0x0000000000029540                rpl_lite_driver
 .rodata        0x0000000000029594       0x20 build/cooja/mtype582.a(coap-timer-defa)
                0x00000000000295a8                coap_timer_default_driver
 .rodata        0x00000000000295b4       0x25 build/cooja/mtype582.a(assert.o)
 *fill*         0x00000000000295d9        0x3 
 .rodata        0x00000000000295dc        0xc build/cooja/mtype582.a(framer-802154.o)
                0x00000000000295dc                framer_802154
 .rodata        0x00000000000295e8       0x44 build/cooja/mtype582.a(uip-sr.o)
 .rodata        0x000000000002962c       0x58 build/cooja/mtype582.a(rpl-neighbor.o)
 .rodata        0x0000000000029684       0xdb build/cooja/mtype582.a(rpl-dag.o)
 .rodata        0x000000000002975f        0xc build/cooja/mtype582.a(rpl-timers.o)

.rodata1
 *(.rodata1)

.eh_frame_hdr   0x000000000002976c     0x19ac
 *(.eh_frame_hdr)
 .eh_frame_hdr  0x000000000002976c     0x19ac flag.o
                0x000000000002976c                __GNU_EH_FRAME_HDR
 *(.eh_frame_entry .eh_frame_entry.*)

.eh_frame       0x000000000002b118     0x6824
 *(.eh_frame)
 .eh_frame      0x000000000002b118       0x3c /usr/lib/gcc/i686-linux-gnu/5/../../../i386-linux-gnu/crti.o
                                         0x40 (size before relaxing)
 .eh_frame      0x000000000002b154       0x20 flag.o
                                         0x38 (size before relaxing)
 .eh_frame      0x000000000002b174      0x178 build/cooja/mtype582.o
                                        0x190 (size before relaxing)
 .eh_frame      0x000000000002b2ec       0x40 build/cooja/mtype582.a(simEnvChange.o)
                                         0x58 (size before relaxing)
 .eh_frame      0x000000000002b32c       0x60 build/cooja/mtype582.a(cooja_mt.o)
                                         0x78 (size before relaxing)
 .eh_frame      0x000000000002b38c       0x80 build/cooja/mtype582.a(cooja_mtarch.o)
                                         0x98 (size before relaxing)
 .eh_frame      0x000000000002b40c       0xc8 build/cooja/mtype582.a(rtimer-arch.o)
                                         0xe0 (size before relaxing)
 .eh_frame      0x000000000002b4d4      0x160 build/cooja/mtype582.a(beep.o)
                                        0x178 (size before relaxing)
 .eh_frame      0x000000000002b634       0x80 build/cooja/mtype582.a(leds-arch.o)
                                         0x98 (size before relaxing)
 .eh_frame      0x000000000002b6b4       0x40 build/cooja/mtype582.a(moteid.o)
                                         0x58 (size before relaxing)
 .eh_frame      0x000000000002b6f4       0xa0 build/cooja/mtype582.a(pir-sensor.o)
                                         0xb8 (size before relaxing)
 .eh_frame      0x000000000002b794      0x100 build/cooja/mtype582.a(rs232.o)
                                        0x118 (size before relaxing)
 .eh_frame      0x000000000002b894       0xa0 build/cooja/mtype582.a(vib-sensor.o)
                                         0xb8 (size before relaxing)
 .eh_frame      0x000000000002b934       0xc0 build/cooja/mtype582.a(clock.o)
                                         0xd8 (size before relaxing)
 .eh_frame      0x000000000002b9f4      0x120 build/cooja/mtype582.a(cooja-log.o)
                                        0x138 (size before relaxing)
 .eh_frame      0x000000000002bb14      0x160 build/cooja/mtype582.a(cfs-cooja.o)
                                        0x178 (size before relaxing)
 .eh_frame      0x000000000002bc74      0x340 build/cooja/mtype582.a(cooja-radio.o)
                                        0x358 (size before relaxing)
 .eh_frame      0x000000000002bfb4       0xa0 build/cooja/mtype582.a(eeprom.o)
                                         0xb8 (size before relaxing)
 .eh_frame      0x000000000002c054       0x40 build/cooja/mtype582.a(random.o)
                                         0x58 (size before relaxing)
 .eh_frame      0x000000000002c094       0xc0 build/cooja/mtype582.a(sensors.o)
                                         0xd8 (size before relaxing)
 .eh_frame      0x000000000002c154      0x120 build/cooja/mtype582.a(leds.o)
                                        0x138 (size before relaxing)
 .eh_frame      0x000000000002c274      0x220 build/cooja/mtype582.a(gpio-hal-arch.o)
                                        0x238 (size before relaxing)
 .eh_frame      0x000000000002c494       0xa0 build/cooja/mtype582.a(buttons.o)
                                         0xb8 (size before relaxing)
 .eh_frame      0x000000000002c534      0x220 build/cooja/mtype582.a(coap-engine.o)
                                        0x238 (size before relaxing)
 .eh_frame      0x000000000002c754       0x24 build/cooja/mtype582.a(coap-res-well-k)
                                         0x3c (size before relaxing)
 .eh_frame      0x000000000002c778      0x188 build/cooja/mtype582.a(coap-observe.o)
                                        0x1a0 (size before relaxing)
 .eh_frame      0x000000000002c900      0x250 build/cooja/mtype582.a(coap-uip.o)
                                        0x268 (size before relaxing)
 .eh_frame      0x000000000002cb50      0x114 build/cooja/mtype582.a(coap-timer.o)
                                        0x12c (size before relaxing)
 .eh_frame      0x000000000002cc64      0x100 build/cooja/mtype582.a(coap-transactio)
                                        0x118 (size before relaxing)
 .eh_frame      0x000000000002cd64      0x6ec build/cooja/mtype582.a(coap.o)
                                        0x704 (size before relaxing)
 .eh_frame      0x000000000002d450       0x30 build/cooja/mtype582.a(contiki-main.o)
                                         0x48 (size before relaxing)
 .eh_frame      0x000000000002d480       0x40 build/cooja/mtype582.a(autostart.o)
                                         0x58 (size before relaxing)
 .eh_frame      0x000000000002d4c0      0x100 build/cooja/mtype582.a(ctimer.o)
                                        0x118 (size before relaxing)
 .eh_frame      0x000000000002d5c0      0x100 build/cooja/mtype582.a(log.o)
                                        0x118 (size before relaxing)
 .eh_frame      0x000000000002d6c0       0x60 build/cooja/mtype582.a(energest.o)
                                         0x78 (size before relaxing)
 .eh_frame      0x000000000002d720      0x1e0 build/cooja/mtype582.a(etimer.o)
                                        0x1f8 (size before relaxing)
 .eh_frame      0x000000000002d900       0x20 build/cooja/mtype582.a(node-id.o)
                                         0x38 (size before relaxing)
 .eh_frame      0x000000000002d920       0x60 build/cooja/mtype582.a(rtimer.o)
                                         0x78 (size before relaxing)
 .eh_frame      0x000000000002d980      0x1c4 build/cooja/mtype582.a(process.o)
                                        0x1dc (size before relaxing)
 .eh_frame      0x000000000002db44       0xa4 build/cooja/mtype582.a(timer.o)
                                         0xbc (size before relaxing)
 .eh_frame      0x000000000002dbe8      0x1a0 build/cooja/mtype582.a(list.o)
                                        0x1b8 (size before relaxing)
 .eh_frame      0x000000000002dd88       0xa0 build/cooja/mtype582.a(memb.o)
                                         0xb8 (size before relaxing)
 .eh_frame      0x000000000002de28      0x144 build/cooja/mtype582.a(button-hal.o)
                                        0x15c (size before relaxing)
 .eh_frame      0x000000000002df6c       0x60 build/cooja/mtype582.a(serial-line.o)
                                         0x78 (size before relaxing)
 .eh_frame      0x000000000002dfcc       0xe0 build/cooja/mtype582.a(gpio-hal.o)
                                         0xf8 (size before relaxing)
 .eh_frame      0x000000000002e0ac      0x1a0 build/cooja/mtype582.a(queuebuf.o)
                                        0x1b8 (size before relaxing)
 .eh_frame      0x000000000002e24c      0x28c build/cooja/mtype582.a(packetbuf.o)
                                        0x2a4 (size before relaxing)
 .eh_frame      0x000000000002e4d8       0x80 build/cooja/mtype582.a(netstack.o)
                                         0x98 (size before relaxing)
 .eh_frame      0x000000000002e558       0x60 build/cooja/mtype582.a(linkaddr.o)
                                         0x78 (size before relaxing)
 .eh_frame      0x000000000002e5b8       0xe0 build/cooja/mtype582.a(csma.o)
                                         0xf8 (size before relaxing)
 .eh_frame      0x000000000002e698      0x1d0 build/cooja/mtype582.a(csma-output.o)
                                        0x1e8 (size before relaxing)
 .eh_frame      0x000000000002e868      0x328 build/cooja/mtype582.a(uip-ds6.o)
                                        0x340 (size before relaxing)
 .eh_frame      0x000000000002eb90       0x40 build/cooja/mtype582.a(uip-udp-packet.)
                                         0x58 (size before relaxing)
 .eh_frame      0x000000000002ebd0      0x220 build/cooja/mtype582.a(uip-ds6-route.o)
                                        0x238 (size before relaxing)
 .eh_frame      0x000000000002edf0      0x244 build/cooja/mtype582.a(tcpip.o)
                                        0x25c (size before relaxing)
 .eh_frame      0x000000000002f034      0x1e8 build/cooja/mtype582.a(uip6.o)
                                        0x200 (size before relaxing)
 .eh_frame      0x000000000002f21c      0x1c0 build/cooja/mtype582.a(uip-ds6-nbr.o)
                                        0x1d8 (size before relaxing)
 .eh_frame      0x000000000002f3dc       0x84 build/cooja/mtype582.a(uip-nd6.o)
                                         0x9c (size before relaxing)
 .eh_frame      0x000000000002f460      0x2f8 build/cooja/mtype582.a(sicslowpan.o)
                                        0x310 (size before relaxing)
 .eh_frame      0x000000000002f758       0x88 build/cooja/mtype582.a(uiplib.o)
                                         0xa0 (size before relaxing)
 .eh_frame      0x000000000002f7e0      0x1e0 build/cooja/mtype582.a(rpl.o)
                                        0x1f8 (size before relaxing)
 .eh_frame      0x000000000002f9c0      0x1c4 build/cooja/mtype582.a(rpl-icmp6.o)
                                        0x1dc (size before relaxing)
 .eh_frame      0x000000000002fb84       0xa0 build/cooja/mtype582.a(rpl-dag-root.o)
                                         0xb8 (size before relaxing)
 .eh_frame      0x000000000002fc24       0xa0 build/cooja/mtype582.a(watchdog.o)
                                         0xb8 (size before relaxing)
 .eh_frame      0x000000000002fcc4       0x80 build/cooja/mtype582.a(int-master.o)
                                         0x98 (size before relaxing)
 .eh_frame      0x000000000002fd44       0xa4 build/cooja/mtype582.a(coap-timer-defa)
                                         0xbc (size before relaxing)
 .eh_frame      0x000000000002fde8       0xc4 build/cooja/mtype582.a(stimer.o)
                                         0xdc (size before relaxing)
 .eh_frame      0x000000000002feac       0xa0 build/cooja/mtype582.a(ringbuf.o)
                                         0xb8 (size before relaxing)
 .eh_frame      0x000000000002ff4c       0x20 build/cooja/mtype582.a(assert.o)
                                         0x38 (size before relaxing)
 .eh_frame      0x000000000002ff6c      0x2ac build/cooja/mtype582.a(nbr-table.o)
                                        0x2c4 (size before relaxing)
 .eh_frame      0x0000000000030218      0x120 build/cooja/mtype582.a(link-stats.o)
                                        0x138 (size before relaxing)
 .eh_frame      0x0000000000030338       0x48 build/cooja/mtype582.a(mac-sequence.o)
                                         0x60 (size before relaxing)
 .eh_frame      0x0000000000030380       0x20 build/cooja/mtype582.a(mac.o)
                                         0x38 (size before relaxing)
 .eh_frame      0x00000000000303a0       0xa4 build/cooja/mtype582.a(framer-802154.o)
                                         0xbc (size before relaxing)
 .eh_frame      0x0000000000030444      0x1a4 build/cooja/mtype582.a(frame802154.o)
                                        0x1bc (size before relaxing)
 .eh_frame      0x00000000000305e8       0x40 build/cooja/mtype582.a(csma-security.o)
                                         0x58 (size before relaxing)
 .eh_frame      0x0000000000030628      0x200 build/cooja/mtype582.a(uipbuf.o)
                                        0x218 (size before relaxing)
 .eh_frame      0x0000000000030828      0x150 build/cooja/mtype582.a(uip-icmp6.o)
                                        0x168 (size before relaxing)
 .eh_frame      0x0000000000030978      0x184 build/cooja/mtype582.a(uip-sr.o)
                                        0x19c (size before relaxing)
 .eh_frame      0x0000000000030afc       0xe0 build/cooja/mtype582.a(uip-packetqueue)
                                         0xf8 (size before relaxing)
 .eh_frame      0x0000000000030bdc       0x80 build/cooja/mtype582.a(rpl-nbr-policy.)
                                         0x98 (size before relaxing)
 .eh_frame      0x0000000000030c5c      0x2d4 build/cooja/mtype582.a(rpl-neighbor.o)
                                        0x2ec (size before relaxing)
 .eh_frame      0x0000000000030f30      0x370 build/cooja/mtype582.a(rpl-dag.o)
                                        0x388 (size before relaxing)
 .eh_frame      0x00000000000312a0      0x3a8 build/cooja/mtype582.a(rpl-timers.o)
                                        0x3c0 (size before relaxing)
 .eh_frame      0x0000000000031648      0x124 build/cooja/mtype582.a(rpl-ext-header.)
                                        0x13c (size before relaxing)
 .eh_frame      0x000000000003176c      0x148 build/cooja/mtype582.a(rpl-mrhof.o)
                                        0x160 (size before relaxing)
 .eh_frame      0x00000000000318b4       0x84 /usr/lib/gcc/i686-linux-gnu/5/libgcc.a(_udivdi3.o)
                                         0x9c (size before relaxing)
 .eh_frame      0x0000000000031938        0x4 /usr/lib/gcc/i686-linux-gnu/5/crtendS.o
 *(.eh_frame.*)

.gcc_except_table
 *(.gcc_except_table .gcc_except_table.*)

.gnu_extab
 *(.gnu_extab*)

.exception_ranges
 *(.exception_ranges .exception_ranges*)
                0x0000000000032f10                . = DATA_SEGMENT_ALIGN (0x1000, 0x1000)

.eh_frame
 *(.eh_frame)
 *(.eh_frame.*)

.gnu_extab
 *(.gnu_extab)

.gcc_except_table
 *(.gcc_except_table .gcc_except_table.*)

.exception_ranges
 *(.exception_ranges .exception_ranges*)

.tdata
 *(.tdata .tdata.* .gnu.linkonce.td.*)

.tbss
 *(.tbss .tbss.* .gnu.linkonce.tb.*)
 *(.tcommon)

.preinit_array
 *(.preinit_array)

.init_array     0x0000000000032f10        0x4
 *(SORT(.init_array.*) SORT(.ctors.*))
 *(.init_array EXCLUDE_FILE(*crtend?.o *crtend.o *crtbegin?.o *crtbegin.o) .ctors)
 .init_array    0x0000000000032f10        0x4 /usr/lib/gcc/i686-linux-gnu/5/crtbeginS.o

.fini_array     0x0000000000032f14        0x4
 *(SORT(.fini_array.*) SORT(.dtors.*))
 *(.fini_array EXCLUDE_FILE(*crtend?.o *crtend.o *crtbegin?.o *crtbegin.o) .dtors)
 .fini_array    0x0000000000032f14        0x4 /usr/lib/gcc/i686-linux-gnu/5/crtbeginS.o

.ctors
 *crtbegin.o(.ctors)
 *crtbegin?.o(.ctors)
 *(EXCLUDE_FILE(*crtend?.o *crtend.o) .ctors)
 *(SORT(.ctors.*))
 *(.ctors)

.dtors
 *crtbegin.o(.dtors)
 *crtbegin?.o(.dtors)
 *(EXCLUDE_FILE(*crtend?.o *crtend.o) .dtors)
 *(SORT(.dtors.*))
 *(.dtors)

.jcr            0x0000000000032f18        0x4
 *(.jcr)
 .jcr           0x0000000000032f18        0x0 /usr/lib/gcc/i686-linux-gnu/5/crtbeginS.o
 .jcr           0x0000000000032f18        0x4 /usr/lib/gcc/i686-linux-gnu/5/crtendS.o

.data.rel.ro
 *(.data.rel.ro.local* .gnu.linkonce.d.rel.ro.local.*)
 *(.data.rel.ro .data.rel.ro.* .gnu.linkonce.d.rel.ro.*)

.dynamic        0x0000000000032f1c       0xd0
 *(.dynamic)
 .dynamic       0x0000000000032f1c       0xd0 /usr/lib/gcc/i686-linux-gnu/5/../../../i386-linux-gnu/crti.o
                0x0000000000032f1c                _DYNAMIC

.got            0x0000000000032fec       0x14
 *(.got)
 .got           0x0000000000032fec       0x14 /usr/lib/gcc/i686-linux-gnu/5/../../../i386-linux-gnu/crti.o
 *(.igot)
                0x0000000000033ff4                . = DATA_SEGMENT_RELRO_END (., (SIZEOF (.got.plt) >= 0xc)?0xc:0x0)

.got.plt        0x0000000000033000        0xc
 *(.got.plt)
 .got.plt       0x0000000000033000        0xc /usr/lib/gcc/i686-linux-gnu/5/../../../i386-linux-gnu/crti.o
                0x0000000000033000                _GLOBAL_OFFSET_TABLE_
 *(.igot.plt)

.data           0x0000000000033020      0x404
 *(.data .data.* .gnu.linkonce.d.*)
 .data          0x0000000000033020        0x0 /usr/lib/gcc/i686-linux-gnu/5/../../../i386-linux-gnu/crti.o
 .data          0x0000000000033020        0x0 /usr/lib/gcc/i686-linux-gnu/5/crtbeginS.o
 .data.rel.local
                0x0000000000033020        0x4 /usr/lib/gcc/i686-linux-gnu/5/crtbeginS.o
                0x0000000000033020                __dso_handle
 .data          0x0000000000033024       0x10 flag.o
                0x0000000000033024                flag_process
 *fill*         0x0000000000033034        0xc 
 .data          0x0000000000033040       0x44 build/cooja/mtype582.o
                0x0000000000033040                simInterfaces
                0x0000000000033074                sensors
 .data          0x0000000000033084        0x0 build/cooja/mtype582.a(simEnvChange.o)
 .data          0x0000000000033084        0x0 build/cooja/mtype582.a(cooja_mt.o)
 .data          0x0000000000033084        0x0 build/cooja/mtype582.a(cooja_mtarch.o)
 .data          0x0000000000033084        0x0 build/cooja/mtype582.a(rtimer-arch.o)
 .data          0x0000000000033084        0x0 build/cooja/mtype582.a(beep.o)
 .data          0x0000000000033084        0x0 build/cooja/mtype582.a(leds-arch.o)
 .data          0x0000000000033084        0x0 build/cooja/mtype582.a(moteid.o)
 .data          0x0000000000033084        0x0 build/cooja/mtype582.a(pir-sensor.o)
 .data          0x0000000000033084        0x0 build/cooja/mtype582.a(rs232.o)
 .data          0x0000000000033084        0x0 build/cooja/mtype582.a(vib-sensor.o)
 .data          0x0000000000033084        0x0 build/cooja/mtype582.a(clock.o)
 .data          0x0000000000033084        0x0 build/cooja/mtype582.a(cooja-log.o)
 .data          0x0000000000033084        0x0 build/cooja/mtype582.a(cfs-cooja.o)
 .data          0x0000000000033084       0x2c build/cooja/mtype582.a(cooja-radio.o)
                0x0000000000033084                simRadioHWOn
                0x0000000000033088                simSignalStrength
                0x000000000003308c                simLastSignalStrength
                0x0000000000033090                simPower
                0x0000000000033094                simRadioChannel
                0x0000000000033098                simLQI
                0x00000000000330a0                cooja_radio_process
 .data          0x00000000000330b0        0x0 build/cooja/mtype582.a(eeprom.o)
 .data          0x00000000000330b0        0x0 build/cooja/mtype582.a(random.o)
 .data          0x00000000000330b0       0x10 build/cooja/mtype582.a(sensors.o)
                0x00000000000330b0                sensors_process
 .data          0x00000000000330c0        0x0 build/cooja/mtype582.a(leds.o)
 .data          0x00000000000330c0        0x0 build/cooja/mtype582.a(gpio-hal-arch.o)
 .data          0x00000000000330c0       0x78 build/cooja/mtype582.a(buttons.o)
                0x00000000000330c0                simButtonIsActive
                0x0000000000033130                button_hal_buttons
 .data          0x0000000000033138        0x8 build/cooja/mtype582.a(coap-engine.o)
 .data          0x0000000000033140       0x24 build/cooja/mtype582.a(coap-res-well-k)
                0x0000000000033140                res_well_known_core
 .data          0x0000000000033164       0x10 build/cooja/mtype582.a(coap-observe.o)
 .data          0x0000000000033174       0x10 build/cooja/mtype582.a(coap-uip.o)
                0x0000000000033174                coap_engine
 .data          0x0000000000033184        0x4 build/cooja/mtype582.a(coap-timer.o)
 .data          0x0000000000033188       0x10 build/cooja/mtype582.a(coap-transactio)
 .data          0x0000000000033198        0x4 build/cooja/mtype582.a(coap.o)
                0x0000000000033198                coap_error_message
 .data          0x000000000003319c        0x0 build/cooja/mtype582.a(contiki-main.o)
 .data          0x000000000003319c        0x0 build/cooja/mtype582.a(autostart.o)
 .data          0x000000000003319c       0x14 build/cooja/mtype582.a(ctimer.o)
                0x00000000000331a0                ctimer_process
 *fill*         0x00000000000331b0       0x10 
 .data          0x00000000000331c0       0xbc build/cooja/mtype582.a(log.o)
                0x00000000000331c0                curr_log_level_main
                0x00000000000331e0                all_modules
 .data          0x000000000003327c        0x0 build/cooja/mtype582.a(energest.o)
 .data          0x000000000003327c       0x10 build/cooja/mtype582.a(etimer.o)
                0x000000000003327c                etimer_process
 .data          0x000000000003328c        0x0 build/cooja/mtype582.a(node-id.o)
 .data          0x000000000003328c        0x0 build/cooja/mtype582.a(rtimer.o)
 .data          0x000000000003328c        0x0 build/cooja/mtype582.a(process.o)
 .data          0x000000000003328c        0x0 build/cooja/mtype582.a(timer.o)
 .data          0x000000000003328c        0x0 build/cooja/mtype582.a(list.o)
 .data          0x000000000003328c        0x0 build/cooja/mtype582.a(memb.o)
 .data          0x000000000003328c       0x10 build/cooja/mtype582.a(button-hal.o)
                0x000000000003328c                button_hal_process
 .data          0x000000000003329c       0x10 build/cooja/mtype582.a(serial-line.o)
                0x000000000003329c                serial_line_process
 .data          0x00000000000332ac        0x4 build/cooja/mtype582.a(gpio-hal.o)
 .data          0x00000000000332b0       0x18 build/cooja/mtype582.a(queuebuf.o)
 .data          0x00000000000332c8        0x4 build/cooja/mtype582.a(packetbuf.o)
 .data          0x00000000000332cc        0x4 build/cooja/mtype582.a(netstack.o)
 .data          0x00000000000332d0        0x0 build/cooja/mtype582.a(linkaddr.o)
 .data          0x00000000000332d0        0x0 build/cooja/mtype582.a(csma.o)
 .data          0x00000000000332d0       0x28 build/cooja/mtype582.a(csma-output.o)
 .data          0x00000000000332f8        0x0 build/cooja/mtype582.a(uip-ds6.o)
 .data          0x00000000000332f8        0x0 build/cooja/mtype582.a(uip-udp-packet.)
 .data          0x00000000000332f8       0x10 build/cooja/mtype582.a(uip-ds6-route.o)
 .data          0x0000000000033308       0x10 build/cooja/mtype582.a(tcpip.o)
                0x0000000000033308                tcpip_process
 .data          0x0000000000033318        0x0 build/cooja/mtype582.a(uip6.o)
 .data          0x0000000000033318       0x14 build/cooja/mtype582.a(uip-ds6-nbr.o)
 .data          0x000000000003332c        0xc build/cooja/mtype582.a(uip-nd6.o)
 .data          0x0000000000033338        0x0 build/cooja/mtype582.a(sicslowpan.o)
 .data          0x0000000000033338        0x0 build/cooja/mtype582.a(uiplib.o)
 .data          0x0000000000033338        0x0 build/cooja/mtype582.a(rpl.o)
 .data          0x0000000000033338       0x30 build/cooja/mtype582.a(rpl-icmp6.o)
 .data          0x0000000000033368        0x0 build/cooja/mtype582.a(rpl-dag-root.o)
 .data          0x0000000000033368        0x0 build/cooja/mtype582.a(watchdog.o)
 .data          0x0000000000033368        0x0 build/cooja/mtype582.a(int-master.o)
 .data          0x0000000000033368       0x10 build/cooja/mtype582.a(coap-timer-defa)
                0x0000000000033368                coap_timer_process
 .data          0x0000000000033378        0x0 build/cooja/mtype582.a(stimer.o)
 .data          0x0000000000033378        0x0 build/cooja/mtype582.a(ringbuf.o)
 .data          0x0000000000033378        0x0 build/cooja/mtype582.a(assert.o)
 .data          0x0000000000033378       0x10 build/cooja/mtype582.a(nbr-table.o)
 .data          0x0000000000033388       0x14 build/cooja/mtype582.a(link-stats.o)
 .data          0x000000000003339c        0x0 build/cooja/mtype582.a(mac-sequence.o)
 .data          0x000000000003339c        0x0 build/cooja/mtype582.a(mac.o)
 .data          0x000000000003339c        0x0 build/cooja/mtype582.a(framer-802154.o)
 .data          0x000000000003339c        0x2 build/cooja/mtype582.a(frame802154.o)
 .data          0x000000000003339e        0x0 build/cooja/mtype582.a(csma-security.o)
 .data          0x000000000003339e        0x0 build/cooja/mtype582.a(uipbuf.o)
 *fill*         0x000000000003339e        0x2 
 .data          0x00000000000333a0       0x20 build/cooja/mtype582.a(uip-icmp6.o)
 .data          0x00000000000333c0       0x10 build/cooja/mtype582.a(uip-sr.o)
 .data          0x00000000000333d0        0xc build/cooja/mtype582.a(uip-packetqueue)
 .data          0x00000000000333dc        0x0 build/cooja/mtype582.a(rpl-nbr-policy.)
 .data          0x00000000000333dc       0x14 build/cooja/mtype582.a(rpl-neighbor.o)
                0x00000000000333ec                rpl_neighbors
 .data          0x00000000000333f0        0x0 build/cooja/mtype582.a(rpl-dag.o)
 .data          0x00000000000333f0        0x0 build/cooja/mtype582.a(rpl-timers.o)
 .data          0x00000000000333f0        0x0 build/cooja/mtype582.a(rpl-ext-header.)
 *fill*         0x00000000000333f0       0x10 
 .data          0x0000000000033400       0x24 build/cooja/mtype582.a(rpl-mrhof.o)
                0x0000000000033400                rpl_mrhof
 .data          0x0000000000033424        0x0 /usr/lib/gcc/i686-linux-gnu/5/libgcc.a(_udivdi3.o)
 .data          0x0000000000033424        0x0 /usr/lib/gcc/i686-linux-gnu/5/crtendS.o
 .data          0x0000000000033424        0x0 /usr/lib/gcc/i686-linux-gnu/5/../../../i386-linux-gnu/crtn.o

.tm_clone_table
                0x0000000000033424        0x0
 .tm_clone_table
                0x0000000000033424        0x0 /usr/lib/gcc/i686-linux-gnu/5/crtbeginS.o
 .tm_clone_table
                0x0000000000033424        0x0 /usr/lib/gcc/i686-linux-gnu/5/crtendS.o

.data1
 *(.data1)
                0x0000000000033424                _edata = .
                [!provide]                        PROVIDE (edata, .)
                0x0000000000033424                . = .
                0x0000000000033424                __bss_start = .

.bss            0x0000000000033440    0x13e24
 *(.dynbss)
 .dynbss        0x0000000000033440        0x0 /usr/lib/gcc/i686-linux-gnu/5/../../../i386-linux-gnu/crti.o
 *(.bss .bss.* .gnu.linkonce.b.*)
 .bss           0x0000000000033440        0x0 /usr/lib/gcc/i686-linux-gnu/5/../../../i386-linux-gnu/crti.o
 .bss           0x0000000000033440        0x1 /usr/lib/gcc/i686-linux-gnu/5/crtbeginS.o
 .bss           0x0000000000033441        0x0 flag.o
 *fill*         0x0000000000033441       0x1f 
 .bss           0x0000000000033460     0x2030 build/cooja/mtype582.o
 .bss           0x0000000000035490        0x1 build/cooja/mtype582.a(simEnvChange.o)
                0x0000000000035490                simDontFallAsleep
 *fill*         0x0000000000035491        0x3 
 .bss           0x0000000000035494        0x4 build/cooja/mtype582.a(cooja_mt.o)
 .bss           0x0000000000035498        0x4 build/cooja/mtype582.a(cooja_mtarch.o)
 .bss           0x000000000003549c        0x0 build/cooja/mtype582.a(rtimer-arch.o)
 .bss           0x000000000003549c        0x0 build/cooja/mtype582.a(beep.o)
 .bss           0x000000000003549c        0x1 build/cooja/mtype582.a(leds-arch.o)
                0x000000000003549c                simLedsValue
 .bss           0x000000000003549d        0x0 build/cooja/mtype582.a(moteid.o)
 .bss           0x000000000003549d        0x1 build/cooja/mtype582.a(pir-sensor.o)
                0x000000000003549d                simPirValue
 *fill*         0x000000000003549e        0x2 
 .bss           0x00000000000354a0        0x4 build/cooja/mtype582.a(rs232.o)
 .bss           0x00000000000354a4        0x1 build/cooja/mtype582.a(vib-sensor.o)
                0x00000000000354a4                simVibValue
 .bss           0x00000000000354a5        0x0 build/cooja/mtype582.a(clock.o)
 *fill*         0x00000000000354a5       0x1b 
 .bss           0x00000000000354c0     0x2020 build/cooja/mtype582.a(cooja-log.o)
 .bss           0x00000000000374e0      0xfc0 build/cooja/mtype582.a(cfs-cooja.o)
                0x00000000000374e0                simCFSData
                0x0000000000038480                simCFSSize
                0x0000000000038484                simCFSChanged
                0x0000000000038488                simCFSRead
                0x000000000003848c                simCFSWritten
 .bss           0x00000000000384a0       0x24 build/cooja/mtype582.a(cooja-radio.o)
                0x00000000000384a0                simReceiving
                0x00000000000384a4                simInSize
                0x00000000000384a8                simLastPacketTimestamp
                0x00000000000384b0                simOutSize
 .bss           0x00000000000384c4        0xc build/cooja/mtype582.a(eeprom.o)
                0x00000000000384c4                simEEPROMChanged
                0x00000000000384c8                simEEPROMRead
                0x00000000000384cc                simEEPROMWritten
 .bss           0x00000000000384d0        0x0 build/cooja/mtype582.a(random.o)
 .bss           0x00000000000384d0        0xc build/cooja/mtype582.a(sensors.o)
 .bss           0x00000000000384dc        0x0 build/cooja/mtype582.a(leds.o)
 .bss           0x00000000000384dc       0x24 build/cooja/mtype582.a(gpio-hal-arch.o)
 .bss           0x0000000000038500        0x0 build/cooja/mtype582.a(buttons.o)
 .bss           0x0000000000038500      0x190 build/cooja/mtype582.a(coap-engine.o)
 .bss           0x0000000000038690        0x0 build/cooja/mtype582.a(coap-res-well-k)
 *fill*         0x0000000000038690       0x10 
 .bss           0x00000000000386a0      0x120 build/cooja/mtype582.a(coap-observe.o)
 .bss           0x00000000000387c0       0x18 build/cooja/mtype582.a(coap-uip.o)
 .bss           0x00000000000387d8        0x5 build/cooja/mtype582.a(coap-timer.o)
 *fill*         0x00000000000387dd        0x3 
 .bss           0x00000000000387e0      0x334 build/cooja/mtype582.a(coap-transactio)
 .bss           0x0000000000038b14        0x6 build/cooja/mtype582.a(coap.o)
                0x0000000000038b14                coap_status_code
 .bss           0x0000000000038b1a        0x0 build/cooja/mtype582.a(contiki-main.o)
 .bss           0x0000000000038b1a        0x0 build/cooja/mtype582.a(autostart.o)
 *fill*         0x0000000000038b1a        0x2 
 .bss           0x0000000000038b1c        0x5 build/cooja/mtype582.a(ctimer.o)
 *fill*         0x0000000000038b21        0x3 
 .bss           0x0000000000038b24       0x2c build/cooja/mtype582.a(log.o)
                0x0000000000038b24                curr_log_level_rpl
                0x0000000000038b28                curr_log_level_tcpip
                0x0000000000038b2c                curr_log_level_ipv6
                0x0000000000038b30                curr_log_level_6lowpan
                0x0000000000038b34                curr_log_level_nullnet
                0x0000000000038b38                curr_log_level_mac
                0x0000000000038b3c                curr_log_level_framer
                0x0000000000038b40                curr_log_level_6top
                0x0000000000038b44                curr_log_level_coap
                0x0000000000038b48                curr_log_level_snmp
                0x0000000000038b4c                curr_log_level_lwm2m
 .bss           0x0000000000038b50        0x0 build/cooja/mtype582.a(energest.o)
 .bss           0x0000000000038b50        0x8 build/cooja/mtype582.a(etimer.o)
 .bss           0x0000000000038b58        0x2 build/cooja/mtype582.a(node-id.o)
                0x0000000000038b58                node_id
 *fill*         0x0000000000038b5a        0x2 
 .bss           0x0000000000038b5c        0x4 build/cooja/mtype582.a(rtimer.o)
 .bss           0x0000000000038b60      0x1a1 build/cooja/mtype582.a(process.o)
                0x0000000000038b60                process_list
                0x0000000000038b64                process_current
 .bss           0x0000000000038d01        0x0 build/cooja/mtype582.a(timer.o)
 .bss           0x0000000000038d01        0x0 build/cooja/mtype582.a(list.o)
 .bss           0x0000000000038d01        0x0 build/cooja/mtype582.a(memb.o)
 *fill*         0x0000000000038d01        0x3 
 .bss           0x0000000000038d04       0x10 build/cooja/mtype582.a(button-hal.o)
 *fill*         0x0000000000038d14        0xc 
 .bss           0x0000000000038d20      0x140 build/cooja/mtype582.a(serial-line.o)
 .bss           0x0000000000038e60        0x4 build/cooja/mtype582.a(gpio-hal.o)
 *fill*         0x0000000000038e64       0x1c 
 .bss           0x0000000000038e80     0x2c80 build/cooja/mtype582.a(queuebuf.o)
 .bss           0x000000000003bb00       0xa0 build/cooja/mtype582.a(packetbuf.o)
 .bss           0x000000000003bba0        0x4 build/cooja/mtype582.a(netstack.o)
 .bss           0x000000000003bba4        0x0 build/cooja/mtype582.a(linkaddr.o)
 .bss           0x000000000003bba4        0x0 build/cooja/mtype582.a(csma.o)
 *fill*         0x000000000003bba4       0x1c 
 .bss           0x000000000003bbc0      0x726 build/cooja/mtype582.a(csma-output.o)
 *fill*         0x000000000003c2e6        0x2 
 .bss           0x000000000003c2e8       0x30 build/cooja/mtype582.a(uip-ds6.o)
 .bss           0x000000000003c318        0x0 build/cooja/mtype582.a(uip-udp-packet.)
 *fill*         0x000000000003c318        0x8 
 .bss           0x000000000003c320       0x60 build/cooja/mtype582.a(uip-ds6-route.o)
 .bss           0x000000000003c380       0x10 build/cooja/mtype582.a(tcpip.o)
 .bss           0x000000000003c390        0x8 build/cooja/mtype582.a(uip6.o)
                0x000000000003c390                uip_ext_bitmap
                0x000000000003c392                uip_ext_len
                0x000000000003c394                uip_last_proto
 *fill*         0x000000000003c398        0x8 
 .bss           0x000000000003c3a0     0x1c20 build/cooja/mtype582.a(uip-ds6-nbr.o)
 .bss           0x000000000003dfc0       0x10 build/cooja/mtype582.a(uip-nd6.o)
 *fill*         0x000000000003dfd0       0x10 
 .bss           0x000000000003dfe0      0x724 build/cooja/mtype582.a(sicslowpan.o)
 .bss           0x000000000003e704        0x0 build/cooja/mtype582.a(uiplib.o)
 .bss           0x000000000003e704        0x1 build/cooja/mtype582.a(rpl.o)
 .bss           0x000000000003e705        0x0 build/cooja/mtype582.a(rpl-icmp6.o)
 *fill*         0x000000000003e705        0x3 
 .bss           0x000000000003e708       0x11 build/cooja/mtype582.a(rpl-dag-root.o)
 .bss           0x000000000003e719        0x0 build/cooja/mtype582.a(watchdog.o)
 *fill*         0x000000000003e719        0x3 
 .bss           0x000000000003e71c        0x4 build/cooja/mtype582.a(int-master.o)
 .bss           0x000000000003e720       0x1c build/cooja/mtype582.a(coap-timer-defa)
 .bss           0x000000000003e73c        0x0 build/cooja/mtype582.a(stimer.o)
 .bss           0x000000000003e73c        0x0 build/cooja/mtype582.a(ringbuf.o)
 .bss           0x000000000003e73c        0x0 build/cooja/mtype582.a(assert.o)
 *fill*         0x000000000003e73c        0x4 
 .bss           0x000000000003e740     0x1214 build/cooja/mtype582.a(nbr-table.o)
 *fill*         0x000000000003f954        0xc 
 .bss           0x000000000003f960      0xe10 build/cooja/mtype582.a(link-stats.o)
 *fill*         0x0000000000040770       0x10 
 .bss           0x0000000000040780      0x100 build/cooja/mtype582.a(mac-sequence.o)
 .bss           0x0000000000040880        0x0 build/cooja/mtype582.a(mac.o)
 .bss           0x0000000000040880        0x2 build/cooja/mtype582.a(framer-802154.o)
 .bss           0x0000000000040882        0x0 build/cooja/mtype582.a(frame802154.o)
 .bss           0x0000000000040882        0x0 build/cooja/mtype582.a(csma-security.o)
 *fill*         0x0000000000040882        0x2 
 .bss           0x0000000000040884       0x18 build/cooja/mtype582.a(uipbuf.o)
 .bss           0x000000000004089c       0x18 build/cooja/mtype582.a(uip-icmp6.o)
 *fill*         0x00000000000408b4        0xc 