Archive member included to satisfy reference by file (symbol)

build/cooja/mtype756.a(simEnvChange.o)
                              build/cooja/mtype756.o (simDontFallAsleep)
build/cooja/mtype756.a(cooja_mt.o)
                              build/cooja/mtype756.o (cooja_mt_start)
build/cooja/mtype756.a(cooja_mtarch.o)
                              build/cooja/mtype756.a(cooja_mt.o) (cooja_mtarch_start)
build/cooja/mtype756.a(rtimer-arch.o)
                              build/cooja/mtype756.o (rtimer_arch_check)
build/cooja/mtype756.a(beep.o)
                              build/cooja/mtype756.o (beep_interface)
build/cooja/mtype756.a(leds-arch.o)
                              build/cooja/mtype756.o (leds_interface)
build/cooja/mtype756.a(moteid.o)
                              build/cooja/mtype756.o (moteid_interface)
build/cooja/mtype756.a(pir-sensor.o)
                              build/cooja/mtype756.o (pir_interface)
build/cooja/mtype756.a(rs232.o)
                              build/cooja/mtype756.o (rs232_interface)
build/cooja/mtype756.a(vib-sensor.o)
                              build/cooja/mtype756.o (vib_interface)
build/cooja/mtype756.a(clock.o)
                              build/cooja/mtype756.o (clock_interface)
build/cooja/mtype756.a(cooja-log.o)
                              build/cooja/mtype756.o (simlog_interface)
build/cooja/mtype756.a(cfs-cooja.o)
                              build/cooja/mtype756.o (cfs_interface)
build/cooja/mtype756.a(cooja-radio.o)
                              build/cooja/mtype756.o (radio_interface)
build/cooja/mtype756.a(eeprom.o)
                              build/cooja/mtype756.o (eeprom_interface)
build/cooja/mtype756.a(random.o)
                              build/cooja/mtype756.a(moteid.o) (random_init)
build/cooja/mtype756.a(sensors.o)
                              build/cooja/mtype756.a(pir-sensor.o) (sensors_changed)
build/cooja/mtype756.a(leds.o)
                              sector.o (leds_set)
build/cooja/mtype756.a(gpio-hal-arch.o)
                              build/cooja/mtype756.a(leds-arch.o) (gpio_hal_arch_register_pin_callback)
build/cooja/mtype756.a(buttons.o)
                              build/cooja/mtype756.o (button_interface)
build/cooja/mtype756.a(res_flag.o)
                              sector.o (res_flag)
build/cooja/mtype756.a(coap-engine.o)
                              sector.o (coap_activate_resource)
build/cooja/mtype756.a(coap-res-well-k)
                              build/cooja/mtype756.a(coap-engine.o) (res_well_known_core)
build/cooja/mtype756.a(coap-observe.o)
                              build/cooja/mtype756.a(coap-engine.o) (coap_remove_observer_by_mid)
build/cooja/mtype756.a(coap-uip.o)
                              build/cooja/mtype756.a(coap-observe.o) (coap_endpoint_copy)
build/cooja/mtype756.a(coap-timer.o)
                              build/cooja/mtype756.a(coap-engine.o) (coap_timer_set)
build/cooja/mtype756.a(coap-transactio)
                              build/cooja/mtype756.a(coap-engine.o) (coap_send_transaction)
build/cooja/mtype756.a(coap.o)
                              build/cooja/mtype756.a(coap-engine.o) (coap_status_code)
build/cooja/mtype756.a(contiki-main.o)
                              build/cooja/mtype756.o (main)
build/cooja/mtype756.a(autostart.o)
                              build/cooja/mtype756.a(contiki-main.o) (autostart_start)
build/cooja/mtype756.a(ctimer.o)
                              build/cooja/mtype756.a(contiki-main.o) (ctimer_init)
build/cooja/mtype756.a(log.o)
                              build/cooja/mtype756.a(contiki-main.o) (curr_log_level_main)
build/cooja/mtype756.a(energest.o)
                              build/cooja/mtype756.a(contiki-main.o) (energest_init)
build/cooja/mtype756.a(etimer.o)
                              build/cooja/mtype756.a(contiki-main.o) (etimer_process)
build/cooja/mtype756.a(node-id.o)
                              build/cooja/mtype756.a(contiki-main.o) (node_id)
build/cooja/mtype756.a(rtimer.o)
                              build/cooja/mtype756.a(contiki-main.o) (rtimer_init)
build/cooja/mtype756.a(process.o)
                              build/cooja/mtype756.a(ctimer.o) (process_current)
build/cooja/mtype756.a(timer.o)
                              build/cooja/mtype756.a(etimer.o) (timer_set)
build/cooja/mtype756.a(list.o)
                              build/cooja/mtype756.a(coap-engine.o) (list_init)
build/cooja/mtype756.a(memb.o)
                              build/cooja/mtype756.a(coap-observe.o) (memb_alloc)
build/cooja/mtype756.a(button-hal.o)
                              build/cooja/mtype756.o (button_hal_init)
build/cooja/mtype756.a(serial-line.o)
                              build/cooja/mtype756.a(rs232.o) (serial_line_input_byte)
build/cooja/mtype756.a(gpio-hal.o)
                              build/cooja/mtype756.a(button-hal.o) (gpio_hal_register_handler)
build/cooja/mtype756.a(queuebuf.o)
[...]
Memory Configuration

Name             Origin             Length             Attributes
*default*        0x0000000000000000 0xffffffffffffffff

Linker script and memory map

LOAD /usr/lib/gcc/i686-linux-gnu/5/../../../i386-linux-gnu/crti.o
LOAD /usr/lib/gcc/i686-linux-gnu/5/crtbeginS.o
LOAD sector.o
LOAD build/cooja/mtype756.o
LOAD build/cooja/mtype756.a
LOAD /usr/lib/gcc/i686-linux-gnu/5/libgcc.a
LOAD /usr/lib/gcc/i686-linux-gnu/5/libgcc_s.so
LOAD /usr/lib/gcc/i686-linux-gnu/5/../../../i386-linux-gnu/libc.so
START GROUP
LOAD /lib/i386-linux-gnu/libc.so.6
LOAD /usr/lib/i386-linux-gnu/libc_nonshared.a
LOAD /lib/i386-linux-gnu/ld-linux.so.2
END GROUP
LOAD /usr/lib/gcc/i686-linux-gnu/5/libgcc.a
LOAD /usr/lib/gcc/i686-linux-gnu/5/libgcc_s.so
LOAD /usr/lib/gcc/i686-linux-gnu/5/crtendS.o
LOAD /usr/lib/gcc/i686-linux-gnu/5/../../../i386-linux-gnu/crtn.o
                0x0000000000000114                . = (0x0 + SIZEOF_HEADERS)

.note.gnu.build-id
                0x0000000000000114       0x24
 *(.note.gnu.build-id)
 .note.gnu.build-id
                0x0000000000000114       0x24 /usr/lib/gcc/i686-linux-gnu/5/../../../i386-linux-gnu/crti.o

.hash
 *(.hash)

.gnu.hash       0x0000000000000138     0x1584
 *(.gnu.hash)
 .gnu.hash      0x0000000000000138     0x1584 /usr/lib/gcc/i686-linux-gnu/5/../../../i386-linux-gnu/crti.o

.dynsym         0x00000000000016bc     0x2e90
 *(.dynsym)
 .dynsym        0x00000000000016bc     0x2e90 /usr/lib/gcc/i686-linux-gnu/5/../../../i386-linux-gnu/crti.o

.dynstr         0x000000000000454c     0x3639
 *(.dynstr)
 .dynstr        0x000000000000454c     0x3639 /usr/lib/gcc/i686-linux-gnu/5/../../../i386-linux-gnu/crti.o

.gnu.version    0x0000000000007b86      0x5d2
 *(.gnu.version)
 .gnu.version   0x0000000000007b86      0x5d2 /usr/lib/gcc/i686-linux-gnu/5/../../../i386-linux-gnu/crti.o

.gnu.version_d  0x0000000000008158        0x0
 *(.gnu.version_d)
 .gnu.version_d
                0x0000000000008158        0x0 /usr/lib/gcc/i686-linux-gnu/5/../../../i386-linux-gnu/crti.o

.gnu.version_r  0x0000000000008158       0x40
 *(.gnu.version_r)
 .gnu.version_r
                0x0000000000008158       0x40 /usr/lib/gcc/i686-linux-gnu/5/../../../i386-linux-gnu/crti.o

.rel.dyn        0x0000000000008198     0x8ef0
 *(.rel.init)
 .rel.init      0x0000000000008198        0x0 /usr/lib/gcc/i686-linux-gnu/5/../../../i386-linux-gnu/crti.o
 *(.rel.text .rel.text.* .rel.gnu.linkonce.t.*)
 .rel.text      0x0000000000008198     0x8540 /usr/lib/gcc/i686-linux-gnu/5/../../../i386-linux-gnu/crti.o
 *(.rel.fini)
 .rel.fini      0x00000000000106d8        0x0 /usr/lib/gcc/i686-linux-gnu/5/../../../i386-linux-gnu/crti.o
 *(.rel.rodata .rel.rodata.* .rel.gnu.linkonce.r.*)
 .rel.rodata    0x00000000000106d8      0x588 /usr/lib/gcc/i686-linux-gnu/5/../../../i386-linux-gnu/crti.o
 *(.rel.data.rel.ro .rel.data.rel.ro.* .rel.gnu.linkonce.d.rel.ro.*)
 *(.rel.data .rel.data.* .rel.gnu.linkonce.d.*)
 .rel.data.rel.local
                0x0000000000010c60        0x8 /usr/lib/gcc/i686-linux-gnu/5/../../../i386-linux-gnu/crti.o
 .rel.data      0x0000000000010c68      0x3e8 /usr/lib/gcc/i686-linux-gnu/5/../../../i386-linux-gnu/crti.o
 *(.rel.tdata .rel.tdata.* .rel.gnu.linkonce.td.*)
 *(.rel.tbss .rel.tbss.* .rel.gnu.linkonce.tb.*)
 *(.rel.ctors)
 *(.rel.dtors)
 *(.rel.got)
 .rel.got       0x0000000000011050       0x28 /usr/lib/gcc/i686-linux-gnu/5/../../../i386-linux-gnu/crti.o
 *(.rel.bss .rel.bss.* .rel.gnu.linkonce.b.*)
 *(.rel.ifunc)
 .rel.ifunc     0x0000000000011078        0x0 /usr/lib/gcc/i686-linux-gnu/5/../../../i386-linux-gnu/crti.o
 .rel.fini_array
                0x0000000000011078        0x8 /usr/lib/gcc/i686-linux-gnu/5/../../../i386-linux-gnu/crti.o
 .rel.init_array
                0x0000000000011080        0x8 /usr/lib/gcc/i686-linux-gnu/5/../../../i386-linux-gnu/crti.o

.rel.plt        0x0000000000011088        0x0
 *(.rel.plt)
 .rel.plt       0x0000000000011088        0x0 /usr/lib/gcc/i686-linux-gnu/5/../../../i386-linux-gnu/crti.o
 *(.rel.iplt)

.init           0x0000000000011088       0x23
 *(SORT(.init))
 .init          0x0000000000011088       0x1e /usr/lib/gcc/i686-linux-gnu/5/../../../i386-linux-gnu/crti.o
                0x0000000000011088                _init
 .init          0x00000000000110a6        0x5 /usr/lib/gcc/i686-linux-gnu/5/../../../i386-linux-gnu/crtn.o

.plt            0x00000000000110b0       0x10
 *(.plt)
 .plt           0x00000000000110b0       0x10 /usr/lib/gcc/i686-linux-gnu/5/../../../i386-linux-gnu/crti.o
 *(.iplt)

.plt.got        0x00000000000110c0       0x10
 *(.plt.got)
 .plt.got       0x00000000000110c0       0x10 /usr/lib/gcc/i686-linux-gnu/5/../../../i386-linux-gnu/crti.o

.text           0x00000000000110d0    0x180d2
 *(.text.unlikely .text.*_unlikely .text.unlikely.*)
 .text.unlikely
                0x00000000000110d0        0x0 /usr/lib/gcc/i686-linux-gnu/5/crtbeginS.o
 .text.unlikely
                0x00000000000110d0        0x0 /usr/lib/gcc/i686-linux-gnu/5/libgcc.a(_udivdi3.o)
 *(.text.exit .text.exit.*)
 *(.text.startup .text.startup.*)
 *(.text.hot .text.hot.*)
 *(.text .stub .text.* .gnu.linkonce.t.*)
 .text          0x00000000000110d0        0x0 /usr/lib/gcc/i686-linux-gnu/5/../../../i386-linux-gnu/crti.o
 .gnu.linkonce.t.__x86.get_pc_thunk.bx
                0x00000000000110d0        0x4 /usr/lib/gcc/i686-linux-gnu/5/../../../i386-linux-gnu/crti.o
                0x00000000000110d0                __x86.get_pc_thunk.bx
 *fill*         0x00000000000110d4        0xc 
 .text          0x00000000000110e0      0x11c /usr/lib/gcc/i686-linux-gnu/5/crtbeginS.o
 .text.__x86.get_pc_thunk.dx
                0x00000000000111fc        0x4 /usr/lib/gcc/i686-linux-gnu/5/crtbeginS.o
                0x00000000000111fc                __x86.get_pc_thunk.dx
 .text          0x0000000000011200      0x12d sector.o
 .text          0x000000000001132d      0x283 build/cooja/mtype756.o
                0x00000000000113bf                platform_init_stage_one
                0x00000000000113d2                platform_init_stage_two
                0x00000000000113e5                platform_init_stage_three
                0x00000000000113f8                platform_main_loop
                0x000000000001146b                Java_org_contikios_cooja_corecomm_Lib4_init
                0x00000000000114a2                Java_org_contikios_cooja_corecomm_Lib4_getMemory
                0x00000000000114d5                Java_org_contikios_cooja_corecomm_Lib4_setMemory
                0x0000000000011535                Java_org_contikios_cooja_corecomm_Lib4_tick
                0x000000000001159d                Java_org_contikios_cooja_corecomm_Lib4_setReferenceAddress
 .text          0x00000000000115b0       0x65 build/cooja/mtype756.a(simEnvChange.o)
                0x00000000000115b0                doActionsBeforeTick
                0x00000000000115e2                doActionsAfterTick
 .text          0x0000000000011615       0x83 build/cooja/mtype756.a(cooja_mt.o)
                0x0000000000011615                cooja_mt_start
                0x000000000001163f                cooja_mt_exec
                0x0000000000011675                cooja_mt_yield
 .text          0x0000000000011698       0xbe build/cooja/mtype756.a(cooja_mtarch.o)
                0x0000000000011698                cooja_mtarch_start
                0x000000000001170b                cooja_sw
                0x000000000001172e                cooja_mtarch_exec
                0x000000000001174b                cooja_mtarch_yield
 .text          0x0000000000011756       0xc5 build/cooja/mtype756.a(rtimer-arch.o)
                0x0000000000011756                rtimer_arch_init
                0x000000000001177a                rtimer_arch_schedule
                0x00000000000117aa                rtimer_arch_next
                0x00000000000117ba                rtimer_arch_pending
                0x00000000000117c4                rtimer_arch_check
                0x000000000001180b                rtimer_arch_now
 .text          0x000000000001181b       0x81 build/cooja/mtype756.a(beep.o)
                0x000000000001181b                beep_alarm
                0x0000000000011828                beep_beep
                0x0000000000011835                beep
                0x0000000000011842                beep_down
                0x000000000001184f                beep_on
                0x000000000001185c                beep_off
                0x0000000000011869                beep_spinup
                0x0000000000011876                beep_quick
                0x0000000000011883                beep_long
 .text          0x000000000001189c       0x65 build/cooja/mtype756.a(leds-arch.o)
                0x00000000000118af                leds_arch_init
 .text          0x0000000000011901       0x35 build/cooja/mtype756.a(moteid.o)
 .text          0x0000000000011936       0xb7 build/cooja/mtype756.a(pir-sensor.o)
 .text          0x00000000000119ed      0x148 build/cooja/mtype756.a(rs232.o)
                0x00000000000119ed                rs232_init
                0x00000000000119f3                rs232_set_speed
                0x0000000000011a02                rs232_set_input
                0x0000000000011a10                rs232_send
                0x0000000000011a34                rs232_print
                0x0000000000011a50                slip_arch_writeb
 .text          0x0000000000011b35       0xb7 build/cooja/mtype756.a(vib-sensor.o)
 .text          0x0000000000011bec       0x38 build/cooja/mtype756.a(clock.o)
                0x0000000000011bec                clock_init
                0x0000000000011bf2                clock_time
                0x0000000000011bfc                clock_seconds
                0x0000000000011c12                clock_delay
 .text          0x0000000000011c24      0x219 build/cooja/mtype756.a(cooja-log.o)
                0x0000000000011c24                simlog_char
                0x0000000000011c67                simlog
                0x0000000000011cdd                log_message
                0x0000000000011d0e                log_set_putchar_with_slip
                0x0000000000011d1c                log_putchar
                0x0000000000011d97                log_puts
                0x0000000000011dbf                log_printf
 .text          0x0000000000011e3d      0x2b9 build/cooja/mtype756.a(cfs-cooja.o)
                0x0000000000011e3d                cfs_open
                0x0000000000011ea6                cfs_close
                0x0000000000011eb3                cfs_read
                0x0000000000011f48                cfs_write
                0x0000000000012024                cfs_seek
                0x00000000000120ac                cfs_remove
                0x00000000000120d0                cfs_opendir
                0x00000000000120da                cfs_readdir
                0x00000000000120e4                cfs_closedir
 .text          0x00000000000120f6      0x620 build/cooja/mtype756.a(cooja-radio.o)
                0x0000000000012138                radio_set_channel
                0x0000000000012146                radio_set_txpower
                0x000000000001215e                radio_signal_strength_last
                0x0000000000012168                radio_signal_strength_current
                0x0000000000012172                radio_LQI
 .text          0x0000000000012716       0xee build/cooja/mtype756.a(eeprom.o)
                0x0000000000012716                eeprom_init
                0x000000000001271c                eeprom_read
                0x000000000001278a                eeprom_write
 .text          0x0000000000012804       0x2d build/cooja/mtype756.a(random.o)
                0x0000000000012804                random_init
                0x0000000000012824                random_rand
 .text          0x0000000000012831      0x29c build/cooja/mtype756.a(sensors.o)
                0x000000000001286c                sensors_first
                0x0000000000012876                sensors_next
                0x0000000000012890                sensors_changed
                0x00000000000128c4                sensors_find
 .text          0x0000000000012acd      0x349 build/cooja/mtype756.a(leds.o)
                0x0000000000012acd                leds_init
                0x0000000000012b14                leds_single_on
                0x0000000000012b73                leds_single_off
                0x0000000000012bd2                leds_single_toggle
                0x0000000000012c04                leds_on
                0x0000000000012c86                leds_off
                0x0000000000012d08                leds_toggle
                0x0000000000012d5d                leds_set
                0x0000000000012d89                leds_get
 .text          0x0000000000012e16      0x343 build/cooja/mtype756.a(gpio-hal-arch.o)
                0x0000000000012e16                gpio_hal_arch_register_pin_callback
                0x0000000000012e82                gpio_hal_arch_init
                0x0000000000012ec7                gpio_hal_arch_no_port_interrupt_enable
                0x0000000000012ef7                gpio_hal_arch_no_port_interrupt_disable
                0x0000000000012f27                gpio_hal_arch_no_port_pin_cfg_set
                0x0000000000012f4c                gpio_hal_arch_no_port_pin_cfg_get
                0x0000000000012f72                gpio_hal_arch_no_port_pin_set_input
                0x0000000000012f84                gpio_hal_arch_no_port_pin_set_output
                0x0000000000012f96                gpio_hal_arch_no_port_set_pin
                0x0000000000012fb7                gpio_hal_arch_no_port_clear_pin
                0x0000000000012fd8                gpio_hal_arch_no_port_read_pin
                0x0000000000012ffe                gpio_hal_arch_no_port_write_pin
                0x0000000000013028                gpio_hal_arch_no_port_set_pins
                0x000000000001306f                gpio_hal_arch_no_port_clear_pins
                0x00000000000130b6                gpio_hal_arch_no_port_read_pins
                0x00000000000130f9                gpio_hal_arch_no_port_write_pins
 .text          0x0000000000013159       0x89 build/cooja/mtype756.a(buttons.o)
 .text          0x00000000000131e2      0x166 build/cooja/mtype756.a(res_flag.o)
 .text          0x0000000000013348      0xbea build/cooja/mtype756.a(coap-engine.o)
                0x00000000000133dd                coap_add_handler
                0x00000000000133fa                coap_remove_handler
                0x0000000000013417                coap_call_handlers
                0x000000000001351f                coap_receive
                0x0000000000013b1a                coap_engine_init
                0x0000000000013b78                coap_activate_resource
                0x0000000000013c23                coap_get_first_resource
                0x0000000000013c3c                coap_get_next_resource
 .text          0x0000000000013f32      0x2d9 build/cooja/mtype756.a(coap-res-well-k)
 .text          0x000000000001420b      0x96a build/cooja/mtype756.a(coap-observe.o)
                0x0000000000014320                coap_remove_observer
                0x0000000000014350                coap_remove_observer_by_client
                0x00000000000143b8                coap_remove_observer_by_token
                0x000000000001444b                coap_remove_observer_by_uri
                0x00000000000144f2                coap_remove_observer_by_mid
                0x000000000001456e                coap_notify_observers
                0x0000000000014587                coap_notify_observers_sub
                0x00000000000149f1                coap_observe_handler
                0x0000000000014b0c                coap_has_observers
 .text          0x0000000000014b75      0x733 build/cooja/mtype756.a(coap-uip.o)
                0x0000000000014b75                coap_endpoint_log
                0x0000000000014bfb                coap_endpoint_print
                0x0000000000014c81                coap_endpoint_snprint
                0x0000000000014db4                coap_endpoint_copy
                0x0000000000014df1                coap_endpoint_cmp
                0x0000000000014eff                coap_endpoint_parse
                0x00000000000150ea                coap_endpoint_is_secure
                0x00000000000150f9                coap_endpoint_is_connected
                0x000000000001512d                coap_endpoint_connect
                0x0000000000015149                coap_endpoint_disconnect
                0x000000000001514f                coap_databuf
                0x0000000000015159                coap_transport_init
                0x00000000000151a9                coap_sendto
 .text          0x00000000000152a8      0x324 build/cooja/mtype756.a(coap-timer.o)
                0x00000000000153a5                coap_timer_stop
                0x00000000000153d0                coap_timer_set
                0x0000000000015413                coap_timer_reset
                0x0000000000015456                coap_timer_time_to_next_expiration
                0x00000000000154c2                coap_timer_run
                0x000000000001558e                coap_timer_init
 .text          0x00000000000155cc      0x2c6 build/cooja/mtype756.a(coap-transactio)
                0x0000000000015632                coap_new_transaction
                0x0000000000015698                coap_send_transaction
                0x00000000000157f9                coap_clear_transaction
                0x0000000000015841                coap_get_transaction_by_mid
 .text          0x0000000000015892     0x1c53 build/cooja/mtype756.a(coap.o)
                0x0000000000015dff                coap_init_connection
                0x0000000000015e13                coap_get_mid
                0x0000000000015e2f                coap_init_message
                0x0000000000015e78                coap_serialize_message
                0x00000000000164fa                coap_parse_message
                0x0000000000016b61                coap_get_query_variable
                0x0000000000016ba3                coap_get_post_variable
                0x0000000000016be7                coap_set_status_code
                0x0000000000016c0c                coap_set_token
                0x0000000000016c53                coap_get_header_content_format
                0x0000000000016c84                coap_set_header_content_format
                0x0000000000016ca7                coap_get_header_accept
                0x0000000000016cd8                coap_set_header_accept
                0x0000000000016cfb                coap_get_header_max_age
                0x0000000000016d2c                coap_set_header_max_age
                0x0000000000016d4c                coap_get_header_etag
                0x0000000000016d7e                coap_set_header_etag
                0x0000000000016dd5                coap_get_header_if_match
                0x0000000000016e07                coap_set_header_if_match
                0x0000000000016e5e                coap_get_header_if_none_match
                0x0000000000016e78                coap_set_header_if_none_match
                0x0000000000016e8f                coap_get_header_proxy_uri
                0x0000000000016ebd                coap_set_header_proxy_uri
                0x0000000000016efa                coap_get_header_uri_host
                0x0000000000016f28                coap_set_header_uri_host
                0x0000000000016f65                coap_get_header_uri_path
                0x0000000000016f93                coap_set_header_uri_path
                0x0000000000016fe0                coap_get_header_uri_query
                0x0000000000017014                coap_set_header_uri_query
                0x000000000001706a                coap_get_header_location_path
                0x0000000000017098                coap_set_header_location_path
                0x0000000000017131                coap_get_header_location_query
                0x000000000001715f                coap_set_header_location_query
                0x00000000000171ac                coap_get_header_observe
                0x00000000000171db                coap_set_header_observe
                0x00000000000171fb                coap_get_header_block2
                0x0000000000017267                coap_set_header_block2
                0x00000000000172de                coap_get_header_block1
                0x0000000000017353                coap_set_header_block1
                0x00000000000173ce                coap_get_header_size2
                0x00000000000173fe                coap_set_header_size2
                0x0000000000017421                coap_get_header_size1
                0x0000000000017451                coap_set_header_size1
                0x0000000000017474                coap_get_payload
                0x00000000000174ae                coap_set_payload
 .text          0x00000000000174e5      0x332 build/cooja/mtype756.a(contiki-main.o)
                0x00000000000174e5                main
 .text          0x0000000000017817       0x92 build/cooja/mtype756.a(autostart.o)
                0x0000000000017817                autostart_start
                0x0000000000017861                autostart_exit
 .text          0x00000000000178a9      0x355 build/cooja/mtype756.a(ctimer.o)
                0x00000000000179d1                ctimer_init
                0x0000000000017a04                ctimer_set
                0x0000000000017a2a                ctimer_set_with_process
                0x0000000000017aa7                ctimer_reset
                0x0000000000017afb                ctimer_restart
                0x0000000000017b4f                ctimer_stop
                0x0000000000017b9f                ctimer_expired
 .text          0x0000000000017bfe      0x394 build/cooja/mtype756.a(log.o)
                0x0000000000017bfe                log_6addr
                0x0000000000017c51                log_6addr_compact_snprint
                0x0000000000017cef                log_6addr_compact
                0x0000000000017d42                log_lladdr
                0x0000000000017db4                log_lladdr_compact
                0x0000000000017e1c                log_set_level
                0x0000000000017ed7                log_get_level
                0x0000000000017f50                log_level_to_str
 .text          0x0000000000017f92       0x1b build/cooja/mtype756.a(energest.o)
                0x0000000000017f92                energest_init
                0x0000000000017f98                energest_flush
                0x0000000000017f9e                energest_get_total_time
 .text          0x0000000000017fad      0x43f build/cooja/mtype756.a(etimer.o)
                0x00000000000181d1                etimer_request_poll
                0x000000000001825a                etimer_set
                0x0000000000018283                etimer_reset_with_new_interval
                0x00000000000182b2                etimer_reset
                0x00000000000182d8                etimer_restart
                0x00000000000182fe                etimer_adjust
                0x000000000001831b                etimer_expired
                0x000000000001832e                etimer_expiration_time
                0x0000000000018340                etimer_start_time
                0x000000000001834a                etimer_pending
                0x000000000001835c                etimer_next_expiration_time
                0x0000000000018376                etimer_stop
 .text          0x00000000000183ec       0x25 build/cooja/mtype756.a(node-id.o)
                0x00000000000183ec                node_id_init
 .text          0x0000000000018411       0xeb build/cooja/mtype756.a(rtimer.o)
                0x0000000000018411                rtimer_init
                0x000000000001841f                rtimer_set
                0x000000000001849a                rtimer_run_next
 .text          0x00000000000184fc      0x4fb build/cooja/mtype756.a(process.o)
                0x00000000000184fc                process_alloc_event
                0x0000000000018511                process_start
                0x00000000000186eb                process_exit
                0x0000000000018708                process_init
                0x000000000001889d                process_run
                0x00000000000188d0                process_nevents
                0x00000000000188eb                process_post
                0x000000000001897e                process_post_synch
                0x00000000000189b3                process_poll
                0x00000000000189e3                process_is_running
 .text          0x00000000000189f7       0xb1 build/cooja/mtype756.a(timer.o)
                0x00000000000189f7                timer_set
                0x0000000000018a15                timer_reset
                0x0000000000018a42                timer_restart
                0x0000000000018a57                timer_expired
                0x0000000000018a84                timer_remaining
 .text          0x0000000000018aa8      0x28f build/cooja/mtype756.a(list.o)
                0x0000000000018aa8                list_init
                0x0000000000018ab7                list_head
                0x0000000000018ac1                list_copy
                0x0000000000018ad1                list_tail
                0x0000000000018b07                list_add
                0x0000000000018b53                list_push
                0x0000000000018b7f                list_chop
                0x0000000000018be9                list_pop
                0x0000000000018c11                list_remove
                0x0000000000018c79                list_length
                0x0000000000018ca7                list_insert
                0x0000000000018cec                list_item_next
                0x0000000000018d03                list_contains
 .text          0x0000000000018d37      0x1b5 build/cooja/mtype756.a(memb.o)
                0x0000000000018d37                memb_init
                0x0000000000018d8c                memb_alloc
                0x0000000000018def                memb_free
                0x0000000000018e66                memb_inmemb
                0x0000000000018ea5                memb_numfree
 .text          0x0000000000018eec      0x41c build/cooja/mtype756.a(button-hal.o)
                0x0000000000019065                button_hal_get_by_id
                0x00000000000190a3                button_hal_get_by_index
                0x00000000000190cf                button_hal_get_state
                0x0000000000019121                button_hal_init
 .text          0x0000000000019308      0x1f3 build/cooja/mtype756.a(serial-line.o)
                0x0000000000019308                serial_line_input_byte
                0x00000000000194c6                serial_line_init
 .text          0x00000000000194fb      0x168 build/cooja/mtype756.a(gpio-hal.o)
                0x00000000000194fb                gpio_hal_register_handler
                0x0000000000019518                gpio_hal_event_handler
                0x0000000000019574                gpio_hal_init
                0x0000000000019593                gpio_hal_arch_port_toggle_pin
                0x00000000000195cf                gpio_hal_arch_port_toggle_pins
                0x00000000000195fd                gpio_hal_arch_no_port_toggle_pin
                0x000000000001963b                gpio_hal_arch_no_port_toggle_pins
 .text          0x0000000000019663      0x2e7 build/cooja/mtype756.a(queuebuf.o)
                0x000000000001966d                queuebuf_init
                0x0000000000019696                queuebuf_numfree
                0x00000000000196ae                queuebuf_new_from_packetbuf
                0x000000000001974d                queuebuf_update_attr_from_packetbuf
                0x0000000000019782                queuebuf_update_from_packetbuf
                0x00000000000197d2                queuebuf_free
                0x000000000001981b                queuebuf_to_packetbuf
                0x0000000000019887                queuebuf_dataptr
                0x00000000000198c1                queuebuf_datalen
                0x00000000000198e4                queuebuf_addr
                0x0000000000019919                queuebuf_attr
                0x0000000000019944                queuebuf_debug_print
 .text          0x000000000001994a      0x407 build/cooja/mtype756.a(packetbuf.o)
                0x000000000001994a                packetbuf_clear
                0x0000000000019975                packetbuf_copyfrom
                0x00000000000199c4                packetbuf_copyto
                0x0000000000019a57                packetbuf_hdralloc
                0x0000000000019ad3                packetbuf_hdrreduce
                0x0000000000019b19                packetbuf_set_datalen
                0x0000000000019b33                packetbuf_dataptr
                0x0000000000019b50                packetbuf_hdrptr
                0x0000000000019b5a                packetbuf_datalen
                0x0000000000019b66                packetbuf_hdrlen
                0x0000000000019b7d                packetbuf_totlen
                0x0000000000019b93                packetbuf_remaininglen
                0x0000000000019ba6                packetbuf_attr_clear
                0x0000000000019bf2                packetbuf_attr_copyto
                0x0000000000019c4a                packetbuf_attr_copyfrom
                0x0000000000019ca2                packetbuf_set_attr
                0x0000000000019ccc                packetbuf_attr
                0x0000000000019ce6                packetbuf_set_addr
                0x0000000000019d17                packetbuf_addr
                0x0000000000019d34                packetbuf_holds_broadcast
 .text          0x0000000000019d51       0xef build/cooja/mtype756.a(netstack.o)
                0x0000000000019d51                netstack_process_ip_callback
                0x0000000000019de2                netstack_ip_packet_processor_add
                0x0000000000019e05                uip_ds6_ip_packet_processor_rm
                0x0000000000019e22                netstack_init
 .text          0x0000000000019e40       0x4f build/cooja/mtype756.a(linkaddr.o)
                0x0000000000019e40                linkaddr_copy
                0x0000000000019e56                linkaddr_cmp
                0x0000000000019e79                linkaddr_set_node_addr
 .text          0x0000000000019e8f      0x1f6 build/cooja/mtype756.a(csma.o)
 .text          0x000000000001a085      0x95d build/cooja/mtype756.a(csma-output.o)
                0x000000000001a71c                csma_output_packet
                0x000000000001a9a9                csma_output_init
 .text          0x000000000001a9e2      0xc11 build/cooja/mtype756.a(uip-ds6.o)
                0x000000000001a9e2                uip_ds6_default_prefix
                0x000000000001a9ec                uip_ds6_set_default_prefix
                0x000000000001aa17                uip_ds6_init
                0x000000000001ac79                uip_ds6_periodic
                0x000000000001ad00                uip_ds6_list_loop
                0x000000000001adc0                uip_ds6_prefix_add
                0x000000000001ae6c                uip_ds6_prefix_rm
                0x000000000001ae7f                uip_ds6_prefix_lookup
                0x000000000001aebe                uip_ds6_is_addr_onlink
                0x000000000001af31                uip_ds6_addr_add
                0x000000000001b051                uip_ds6_addr_rm
                0x000000000001b0fa                uip_ds6_addr_lookup
                0x000000000001b133                uip_ds6_get_link_local
                0x000000000001b1b4                uip_ds6_get_global
                0x000000000001b235                uip_ds6_maddr_add
                0x000000000001b295                uip_ds6_maddr_rm
                0x000000000001b2a8                uip_ds6_maddr_lookup
                0x000000000001b2e1                uip_ds6_aaddr_add
                0x000000000001b341                uip_ds6_aaddr_rm
                0x000000000001b354                uip_ds6_aaddr_lookup
                0x000000000001b38d                uip_ds6_select_src
                0x000000000001b4d6                uip_ds6_set_addr_iid
                0x000000000001b501                uip_ds6_set_lladdr_from_iid
                0x000000000001b52a                get_match_length
                0x000000000001b5bb                uip_ds6_compute_reachable_time
 .text          0x000000000001b5f3      0x128 build/cooja/mtype756.a(uip-udp-packet.)
                0x000000000001b5f3                uip_udp_packet_send
                0x000000000001b64e                uip_udp_packet_sendto
 .text          0x000000000001b71b      0x35b build/cooja/mtype756.a(uip-ds6-route.o)
                0x000000000001b76c                uip_ds6_route_init
                0x000000000001b796                uip_ds6_route_nexthop
                0x000000000001b7a0                uip_ds6_route_head
                0x000000000001b7aa                uip_ds6_route_next
                0x000000000001b7b4                uip_ds6_route_is_nexthop
                0x000000000001b7be                uip_ds6_route_num_routes
                0x000000000001b7c8                uip_ds6_route_lookup
                0x000000000001b7d2                uip_ds6_route_add
                0x000000000001b7e5                uip_ds6_route_rm
                0x000000000001b7eb                uip_ds6_route_rm_by_nexthop
                0x000000000001b7f1                uip_ds6_defrt_head
                0x000000000001b80a                uip_ds6_defrt_add
                0x000000000001b8b8                uip_ds6_defrt_rm
                0x000000000001b91e                uip_ds6_defrt_lookup
                0x000000000001b985                uip_ds6_defrt_choose
                0x000000000001b9fb                uip_ds6_defrt_periodic
 .text          0x000000000001ba76      0x6f7 build/cooja/mtype756.a(tcpip.o)
                0x000000000001ba90                tcpip_output
                0x000000000001bb0f                udp_attach
                0x000000000001bb27                udp_new
                0x000000000001bb71                udp_broadcast_new
                0x000000000001bce3                tcpip_input
                0x000000000001be73                tcpip_ipv6_output
                0x000000000001c067                tcpip_poll_udp
                0x000000000001c085                tcpip_uipcall
 .text          0x000000000001c16d     0x1205 build/cooja/mtype756.a(uip6.o)
                0x000000000001c21c                uip_chksum
                0x000000000001c2f3                uip_icmp6chksum
                0x000000000001c308                uip_udpchksum
                0x000000000001c31d                uip_init
                0x000000000001c366                uip_remove_ext_hdr
                0x000000000001c440                uip_udp_new
                0x000000000001c754                uip_process
                0x000000000001d24c                uip_htons
                0x000000000001d26e                uip_htonl
                0x000000000001d2ac                uip_send
 .text          0x000000000001d372      0x369 build/cooja/mtype756.a(uip-ds6-nbr.o)
                0x000000000001d372                uip_ds6_neighbors_init
                0x000000000001d396                uip_ds6_nbr_add
                0x000000000001d41c                uip_ds6_nbr_rm
                0x000000000001d467                uip_ds6_nbr_update_ll
                0x000000000001d555                uip_ds6_nbr_get_ipaddr
                0x000000000001d56a                uip_ds6_nbr_get_ll
                0x000000000001d586                uip_ds6_nbr_num
                0x000000000001d5cf                uip_ds6_nbr_head
                0x000000000001d5e8                uip_ds6_nbr_next
                0x000000000001d604                uip_ds6_nbr_lookup
                0x000000000001d65c                uip_ds6_nbr_ll_lookup
                0x000000000001d678                uip_ds6_nbr_ipaddr_from_lladdr
                0x000000000001d6a1                uip_ds6_nbr_lladdr_from_ipaddr
                0x000000000001d6d5                uip_ds6_link_callback
 .text          0x000000000001d6db      0x6a7 build/cooja/mtype756.a(uip-nd6.o)
                0x000000000001dd69                uip_nd6_init
 .text          0x000000000001dd82     0x2c17 build/cooja/mtype756.a(sicslowpan.o)
                0x000000000001e389                netstack_sniffer_add
                0x000000000001e397                netstack_sniffer_remove
                0x000000000002096d                sicslowpan_init
                0x000000000002098f                sicslowpan_get_last_rssi
 .text          0x0000000000020999      0x4d1 build/cooja/mtype756.a(uiplib.o)
                0x0000000000020999                uiplib_ip6addrconv
                0x0000000000020b51                uiplib_ip4addrconv
                0x0000000000020c14                uiplib_ipaddr_print
                0x0000000000020c67                uiplib_ipaddr_snprint
 .text          0x0000000000020e6a      0x4c9 build/cooja/mtype756.a(rpl.o)
                0x0000000000020e6a                rpl_lollipop_greater_than
                0x0000000000020ec4                rpl_get_global_address
                0x0000000000020fbc                rpl_link_callback
                0x0000000000021000                rpl_has_joined
                0x0000000000021025                rpl_is_reachable
                0x00000000000210a6                rpl_reset_prefix
                0x0000000000021110                rpl_set_prefix_from_addr
                0x00000000000211f5                rpl_set_prefix
                0x000000000002130f                rpl_set_leaf_only
                0x0000000000021327                rpl_get_leaf_only
 .text          0x0000000000021333     0x138c build/cooja/mtype756.a(rpl-icmp6.o)
                0x0000000000021458                rpl_icmp6_update_nbr_table
                0x00000000000214e1                rpl_icmp6_dis_output
                0x0000000000021b27                rpl_icmp6_dio_output
                0x0000000000022325                rpl_icmp6_dao_output
                0x0000000000022606                rpl_icmp6_dao_ack_output
                0x0000000000022676                rpl_icmp6_init
 .text          0x00000000000226bf      0x264 build/cooja/mtype756.a(rpl-dag-root.o)
                0x00000000000226bf                rpl_dag_root_print_links
                0x00000000000227eb                rpl_dag_root_set_prefix
                0x0000000000022817                rpl_dag_root_start
                0x00000000000228f4                rpl_dag_root_is_root
 .text          0x0000000000022923       0x30 build/cooja/mtype756.a(watchdog.o)
                0x0000000000022923                watchdog_init
                0x0000000000022929                watchdog_start
                0x000000000002292f                watchdog_periodic
                0x0000000000022947                watchdog_stop
                0x000000000002294d                watchdog_reboot
 .text          0x0000000000022953       0x4a build/cooja/mtype756.a(int-master.o)
                0x0000000000022953                int_master_enable
                0x0000000000022963                int_master_read_and_disable
                0x0000000000022980                int_master_status_set
                0x000000000002298e                int_master_is_enabled
 .text          0x000000000002299d      0x226 build/cooja/mtype756.a(coap-timer-defa)
 .text          0x0000000000022bc3       0xc7 build/cooja/mtype756.a(stimer.o)
                0x0000000000022bc3                stimer_set
                0x0000000000022be1                stimer_reset
                0x0000000000022c0e                stimer_restart
                0x0000000000022c23                stimer_expired
                0x0000000000022c4e                stimer_remaining
                0x0000000000022c72                stimer_elapsed
 .text          0x0000000000022c8a      0x156 build/cooja/mtype756.a(ringbuf.o)
                0x0000000000022c8a                ringbuf_init
                0x0000000000022cbc                ringbuf_put
                0x0000000000022d3a                ringbuf_get
                0x0000000000022da7                ringbuf_size
                0x0000000000022db9                ringbuf_elements
 .text          0x0000000000022de0       0x1f build/cooja/mtype756.a(assert.o)
                0x0000000000022de0                _xassert
 .text          0x0000000000022dff      0x79b build/cooja/mtype756.a(nbr-table.o)
                0x0000000000023278                nbr_table_register
                0x00000000000232e5                nbr_table_is_registered
                0x0000000000023320                nbr_table_head
                0x000000000002337b                nbr_table_next
                0x00000000000233dc                nbr_table_add_lladdr
                0x00000000000234b6                nbr_table_get_from_lladdr
                0x0000000000023502                nbr_table_remove
                0x000000000002353a                nbr_table_lock
                0x0000000000023554                nbr_table_unlock
                0x000000000002356e                nbr_table_get_lladdr
 .text          0x000000000002359a      0x3a5 build/cooja/mtype756.a(link-stats.o)
                0x000000000002359a                link_stats_from_lladdr
                0x00000000000235b6                link_stats_get_lladdr
                0x00000000000235d2                link_stats_is_fresh
                0x000000000002360e                guess_etx_from_rssi
                0x000000000002368a                link_stats_packet_sent
                0x00000000000237aa                link_stats_input_callback
                0x00000000000238ba                link_stats_reset
                0x000000000002390a                link_stats_init
 .text          0x000000000002393f      0x187 build/cooja/mtype756.a(mac-sequence.o)
                0x000000000002393f                mac_sequence_is_duplicate
                0x00000000000239df                mac_sequence_register_seqno
 .text          0x0000000000023ac6       0x23 build/cooja/mtype756.a(mac.o)
                0x0000000000023ac6                mac_call_sent_callback
 .text          0x0000000000023ae9      0x432 build/cooja/mtype756.a(framer-802154.o)
                0x0000000000023c78                framer_802154_setup_params
 .text          0x0000000000023f1b      0xb6f build/cooja/mtype756.a(frame802154.o)
                0x0000000000023f4c                frame802154_get_pan_id
                0x0000000000023f58                frame802154_set_pan_id
                0x0000000000023f72                frame802154_has_panid
                0x0000000000024121                frame802154_check_dest_panid
                0x00000000000241a9                frame802154_is_broadcast_addr
                0x00000000000241f6                frame802154_extract_linkaddr
                0x000000000002445b                frame802154_hdrlen
                0x00000000000244ce                frame802154_create_fcf
                0x0000000000024586                frame802154_create
                0x00000000000246fb                frame802154_parse_fcf
                0x00000000000247dd                frame802154_parse
 .text          0x0000000000024a8a       0x2d build/cooja/mtype756.a(csma-security.o)
                0x0000000000024a8a                csma_security_create_frame
                0x0000000000024aa8                csma_security_parse_frame
 .text          0x0000000000024ab7      0x4e4 build/cooja/mtype756.a(uipbuf.o)
                0x0000000000024ab7                uipbuf_clear
                0x0000000000024ade                uipbuf_add_ext_hdr
                0x0000000000024b5e                uipbuf_set_len
                0x0000000000024b8b                uipbuf_set_len_field
                0x0000000000024bb7                uipbuf_get_len_field
                0x0000000000024bd7                uipbuf_get_next_header
                0x0000000000024d09                uipbuf_get_last_header
                0x0000000000024d82                uipbuf_search_header
                0x0000000000024e38                uipbuf_get_attr
                0x0000000000024e5f                uipbuf_set_attr
                0x0000000000024e96                uipbuf_set_default_attr
                0x0000000000024ecd                uipbuf_clear_attr
                0x0000000000024ef1                uipbuf_set_attr_flag
                0x0000000000024f12                uipbuf_clr_attr_flag
                0x0000000000024f39                uipbuf_is_attr_flag
                0x0000000000024f5d                uipbuf_init
 .text          0x0000000000024f9b      0x73f build/cooja/mtype756.a(uip-icmp6.o)
                0x0000000000025010                uip_icmp6_input
                0x0000000000025067                uip_icmp6_register_input_handler
                0x00000000000251ba                uip_icmp6_error_output
                0x000000000002546b                uip_icmp6_send
                0x0000000000025662                uip_icmp6_echo_reply_callback_add
                0x0000000000025694                uip_icmp6_echo_reply_callback_rm
                0x00000000000256b1                uip_icmp6_init
 .text          0x00000000000256da      0x69b build/cooja/mtype756.a(uip-sr.o)
                0x00000000000256da                uip_sr_num_nodes
                0x0000000000025768                uip_sr_get_node
                0x00000000000257bf                uip_sr_is_addr_reachable
                0x000000000002586d                uip_sr_expire_parent
                0x00000000000258b6                uip_sr_update_node
                0x00000000000259e6                uip_sr_init
                0x0000000000025a1a                uip_sr_node_head
                0x0000000000025a33                uip_sr_node_next
                0x0000000000025a49                uip_sr_periodic
                0x0000000000025b4f                uip_sr_free_all
                0x0000000000025bbf                uip_sr_link_snprint
 .text          0x0000000000025d75      0x146 build/cooja/mtype756.a(uip-packetqueue)
                0x0000000000025da3                uip_packetqueue_new
                0x0000000000025db2                uip_packetqueue_alloc
                0x0000000000025e0d                uip_packetqueue_free
                0x0000000000025e54                uip_packetqueue_buf
                0x0000000000025e71                uip_packetqueue_buflen
                0x0000000000025e92                uip_packetqueue_set_buflen
 .text          0x0000000000025ebb      0x1b0 build/cooja/mtype756.a(rpl-nbr-policy.)
                0x0000000000026028                rpl_nbr_policy_find_removable
 .text          0x000000000002606b      0x915 build/cooja/mtype756.a(rpl-neighbor.o)
                0x00000000000260e7                rpl_neighbor_snprint
                0x000000000002639a                rpl_neighbor_print_list
                0x000000000002644f                rpl_neighbor_count
                0x00000000000264f6                rpl_neighbor_get_from_lladdr
                0x0000000000026512                rpl_neighbor_is_acceptable_parent
                0x0000000000026546                rpl_neighbor_get_link_metric
                0x000000000002657a                rpl_neighbor_rank_via_nbr
                0x00000000000265ae                rpl_neighbor_get_lladdr
                0x00000000000265ca                rpl_neighbor_get_ipaddr
                0x00000000000265f1                rpl_neighbor_get_link_stats
                0x0000000000026618                rpl_neighbor_is_fresh
                0x000000000002663f                rpl_neighbor_is_reachable
                0x000000000002668a                rpl_neighbor_is_parent
                0x00000000000266b4                rpl_neighbor_set_preferred_parent
                0x000000000002674b                rpl_neighbor_remove_all
                0x00000000000267a7                rpl_neighbor_get_from_ipaddr
                0x00000000000268b5                rpl_neighbor_select_best
                0x0000000000026961                rpl_neighbor_init
 .text          0x0000000000026980      0xe69 build/cooja/mtype756.a(rpl-dag.o)
                0x0000000000026980                rpl_dag_state_to_str
                0x00000000000269bf                rpl_dag_get_root_ipaddr
                0x0000000000026a07                rpl_dag_leave
                0x0000000000026a90                rpl_dag_poison_and_leave
                0x0000000000026aa8                rpl_dag_periodic
                0x0000000000026b30                rpl_is_addr_in_our_dag
                0x0000000000026b74                rpl_get_default_instance
                0x0000000000026b90                rpl_get_any_dag
                0x0000000000026be9                rpl_refresh_routes
                0x0000000000026c29                rpl_global_repair
                0x0000000000026cc2                rpl_local_repair
                0x0000000000026d0c                rpl_dag_ready_to_advertise
                0x0000000000026d4f                rpl_dag_update_state
                0x000000000002747c                rpl_process_dio
                0x00000000000274fa                rpl_process_dis
                0x000000000002753f                rpl_process_dao
                0x00000000000275ce                rpl_process_dao_ack
                0x0000000000027665                rpl_process_hbh
                0x00000000000276b5                rpl_dag_init_root
                0x00000000000277c9                rpl_dag_init
 .text          0x00000000000277e9      0x9e7 build/cooja/mtype756.a(rpl-timers.o)
                0x00000000000277e9                rpl_timers_schedule_periodic_dis
                0x0000000000027937                rpl_timers_dio_reset
                0x0000000000027a45                rpl_timers_schedule_unicast_dio
                0x0000000000027b99                rpl_timers_schedule_dao
                0x0000000000027c58                rpl_timers_schedule_dao_ack
                0x0000000000027cde                rpl_timers_notify_dao_ack
                0x0000000000027d3c                get_probing_delay
                0x0000000000027d70                get_probing_target
                0x0000000000027f5a                rpl_schedule_probing
                0x0000000000027f88                rpl_schedule_probing_now
                0x0000000000027ff2                rpl_timers_unschedule_leaving
                0x000000000002802a                rpl_timers_schedule_leaving
                0x000000000002806b                rpl_timers_init
                0x00000000000280fb                rpl_timers_stop_dag_timers
                0x0000000000028174                rpl_timers_unschedule_state_update
                0x0000000000028198                rpl_timers_schedule_state_update
 .text          0x00000000000281d0      0xb8e build/cooja/mtype756.a(rpl-ext-header.)
                0x00000000000281d0                rpl_ext_header_srh_get_next_hop
                0x00000000000282b7                rpl_ext_header_srh_update
                0x0000000000028823                rpl_ext_header_hbh_update
                0x0000000000028b23                rpl_ext_header_update
                0x0000000000028bac                rpl_ext_header_remove
 .text          0x0000000000028d5e      0x31b build/cooja/mtype756.a(rpl-mrhof.o)
 *fill*         0x0000000000029079        0x7 
 .text          0x0000000000029080      0x122 /usr/lib/gcc/i686-linux-gnu/5/libgcc.a(_udivdi3.o)
                0x0000000000029080                __udivdi3
 .text          0x00000000000291a2        0x0 /usr/lib/gcc/i686-linux-gnu/5/crtendS.o
 .text          0x00000000000291a2        0x0 /usr/lib/gcc/i686-linux-gnu/5/../../../i386-linux-gnu/crtn.o
 *(.gnu.warning)

.fini           0x00000000000291a4       0x14
 *(SORT(.fini))
 .fini          0x00000000000291a4        0xf /usr/lib/gcc/i686-linux-gnu/5/../../../i386-linux-gnu/crti.o
                0x00000000000291a4                _fini
 .fini          0x00000000000291b3        0x5 /usr/lib/gcc/i686-linux-gnu/5/../../../i386-linux-gnu/crtn.o
                [!provide]                        PROVIDE (__etext, .)
                [!provide]                        PROVIDE (_etext, .)
                [!provide]                        PROVIDE (etext, .)

.rodata         0x00000000000291c0      0xa4b
 *(.rodata .rodata.* .gnu.linkonce.r.*)
 .rodata        0x00000000000291c0       0x6d sector.o
                0x00000000000291d0                autostart_processes
 *fill*         0x000000000002922d        0x3 
 .rodata        0x0000000000029230        0x8 build/cooja/mtype756.a(beep.o)
                0x0000000000029230                beep_interface
 .rodata        0x0000000000029238        0xe build/cooja/mtype756.a(leds-arch.o)
                0x0000000000029238                leds_interface
                0x0000000000029240                leds_arch_leds
 *fill*         0x0000000000029246        0x2 
 .rodata        0x0000000000029248        0x8 build/cooja/mtype756.a(moteid.o)
                0x0000000000029248                moteid_interface
 .rodata        0x0000000000029250       0x1c build/cooja/mtype756.a(pir-sensor.o)
                0x0000000000029250                pir_interface
                0x000000000002925c                pir_sensor
 .rodata        0x000000000002926c        0xe build/cooja/mtype756.a(rs232.o)
                0x000000000002926c                rs232_interface
 *fill*         0x000000000002927a        0x2 
 .rodata        0x000000000002927c       0x24 build/cooja/mtype756.a(vib-sensor.o)
                0x000000000002927c                vib_interface
                0x0000000000029290                vib_sensor
 .rodata        0x00000000000292a0        0x8 build/cooja/mtype756.a(clock.o)
                0x00000000000292a0                clock_interface
 .rodata        0x00000000000292a8        0x8 build/cooja/mtype756.a(cooja-log.o)
                0x00000000000292a8                simlog_interface
 .rodata        0x00000000000292b0       0x2f build/cooja/mtype756.a(cfs-cooja.o)
                0x00000000000292b0                cfs_interface
 *fill*         0x00000000000292df        0x1 
 .rodata        0x00000000000292e0       0xb8 build/cooja/mtype756.a(cooja-radio.o)
                0x00000000000292e0                radio_interface
                0x0000000000029360                cooja_radio_driver
 .rodata        0x0000000000029398        0x8 build/cooja/mtype756.a(eeprom.o)
                0x0000000000029398                eeprom_interface
 .rodata        0x00000000000293a0        0x8 build/cooja/mtype756.a(sensors.o)
 .rodata        0x00000000000293a8       0x2c build/cooja/mtype756.a(buttons.o)
                0x00000000000293a8                button_interface
                0x00000000000293bc                button_hal_button_count
                0x00000000000293c4                button_sensor
 .rodata        0x00000000000293d4       0x85 build/cooja/mtype756.a(res_flag.o)
 .rodata        0x0000000000029459       0x41 build/cooja/mtype756.a(coap-engine.o)
 .rodata        0x000000000002949a       0x19 build/cooja/mtype756.a(coap-res-well-k)
 .rodata        0x00000000000294b3       0x11 build/cooja/mtype756.a(coap-observe.o)
 .rodata        0x00000000000294c4       0x35 build/cooja/mtype756.a(coap-uip.o)
 *fill*         0x00000000000294f9        0x3 
 .rodata        0x00000000000294fc      0x1ac build/cooja/mtype756.a(coap.o)
 .rodata        0x00000000000296a8       0xf4 build/cooja/mtype756.a(contiki-main.o)
 .rodata        0x000000000002979c        0xf build/cooja/mtype756.a(ctimer.o)
 *fill*         0x00000000000297ab        0x1 
 .rodata        0x00000000000297ac       0xc4 build/cooja/mtype756.a(log.o)
 .rodata        0x0000000000029870        0xc build/cooja/mtype756.a(etimer.o)
 .rodata        0x000000000002987c       0x13 build/cooja/mtype756.a(button-hal.o)
 .rodata        0x000000000002988f        0xe build/cooja/mtype756.a(serial-line.o)
 *fill*         0x000000000002989d        0x3 
 .rodata        0x00000000000298a0        0x8 build/cooja/mtype756.a(linkaddr.o)
                0x00000000000298a0                linkaddr_null
 .rodata        0x00000000000298a8       0x24 build/cooja/mtype756.a(csma.o)
                0x00000000000298b0                csma_driver
 .rodata        0x00000000000298cc       0x32 build/cooja/mtype756.a(csma-output.o)
 *fill*         0x00000000000298fe        0x2 
 .rodata        0x0000000000029900       0x4d build/cooja/mtype756.a(uip-ds6-route.o)
 .rodata        0x000000000002994d        0xd build/cooja/mtype756.a(tcpip.o)
 *fill*         0x000000000002995a        0x2 
 .rodata        0x000000000002995c       0x30 build/cooja/mtype756.a(sicslowpan.o)
                0x000000000002995c                unc_llconf
                0x0000000000029960                unc_ctxconf
                0x0000000000029964                unc_mxconf
                0x0000000000029968                llprefix
                0x000000000002997c                sicslowpan_driver
 .rodata        0x000000000002998c       0x2d build/cooja/mtype756.a(uiplib.o)
 *fill*         0x00000000000299b9        0x7 
 .rodata        0x00000000000299c0       0x74 build/cooja/mtype756.a(rpl.o)
                0x00000000000299e0                rpl_lite_driver
 .rodata        0x0000000000029a34       0x20 build/cooja/mtype756.a(coap-timer-defa)
                0x0000000000029a48                coap_timer_default_driver
 .rodata        0x0000000000029a54       0x25 build/cooja/mtype756.a(assert.o)
 *fill*         0x0000000000029a79        0x3 
 .rodata        0x0000000000029a7c        0xc build/cooja/mtype756.a(framer-802154.o)
                0x0000000000029a7c                framer_802154
 .rodata        0x0000000000029a88       0x44 build/cooja/mtype756.a(uip-sr.o)
 .rodata        0x0000000000029acc       0x58 build/cooja/mtype756.a(rpl-neighbor.o)
 .rodata        0x0000000000029b24       0xdb build/cooja/mtype756.a(rpl-dag.o)
 .rodata        0x0000000000029bff        0xc build/cooja/mtype756.a(rpl-timers.o)

.rodata1
 *(.rodata1)

.eh_frame_hdr   0x0000000000029c0c     0x19bc
 *(.eh_frame_hdr)
 .eh_frame_hdr  0x0000000000029c0c     0x19bc sector.o
                0x0000000000029c0c                __GNU_EH_FRAME_HDR
 *(.eh_frame_entry .eh_frame_entry.*)

.eh_frame       0x000000000002b5c8     0x6864
 *(.eh_frame)
 .eh_frame      0x000000000002b5c8       0x3c /usr/lib/gcc/i686-linux-gnu/5/../../../i386-linux-gnu/crti.o
                                         0x40 (size before relaxing)
 .eh_frame      0x000000000002b604       0x20 sector.o
                                         0x38 (size before relaxing)
 .eh_frame      0x000000000002b624      0x178 build/cooja/mtype756.o
                                        0x190 (size before relaxing)
 .eh_frame      0x000000000002b79c       0x40 build/cooja/mtype756.a(simEnvChange.o)
                                         0x58 (size before relaxing)
 .eh_frame      0x000000000002b7dc       0x60 build/cooja/mtype756.a(cooja_mt.o)
                                         0x78 (size before relaxing)
 .eh_frame      0x000000000002b83c       0x80 build/cooja/mtype756.a(cooja_mtarch.o)
                                         0x98 (size before relaxing)
 .eh_frame      0x000000000002b8bc       0xc8 build/cooja/mtype756.a(rtimer-arch.o)
                                         0xe0 (size before relaxing)
 .eh_frame      0x000000000002b984      0x160 build/cooja/mtype756.a(beep.o)
                                        0x178 (size before relaxing)
 .eh_frame      0x000000000002bae4       0x80 build/cooja/mtype756.a(leds-arch.o)
                                         0x98 (size before relaxing)
 .eh_frame      0x000000000002bb64       0x40 build/cooja/mtype756.a(moteid.o)
                                         0x58 (size before relaxing)
 .eh_frame      0x000000000002bba4       0xa0 build/cooja/mtype756.a(pir-sensor.o)
                                         0xb8 (size before relaxing)
 .eh_frame      0x000000000002bc44      0x100 build/cooja/mtype756.a(rs232.o)
                                        0x118 (size before relaxing)
 .eh_frame      0x000000000002bd44       0xa0 build/cooja/mtype756.a(vib-sensor.o)
                                         0xb8 (size before relaxing)
 .eh_frame      0x000000000002bde4       0xc0 build/cooja/mtype756.a(clock.o)
                                         0xd8 (size before relaxing)
 .eh_frame      0x000000000002bea4      0x120 build/cooja/mtype756.a(cooja-log.o)
                                        0x138 (size before relaxing)
 .eh_frame      0x000000000002bfc4      0x160 build/cooja/mtype756.a(cfs-cooja.o)
                                        0x178 (size before relaxing)
 .eh_frame      0x000000000002c124      0x340 build/cooja/mtype756.a(cooja-radio.o)
                                        0x358 (size before relaxing)
 .eh_frame      0x000000000002c464       0xa0 build/cooja/mtype756.a(eeprom.o)
                                         0xb8 (size before relaxing)
 .eh_frame      0x000000000002c504       0x40 build/cooja/mtype756.a(random.o)
                                         0x58 (size before relaxing)
 .eh_frame      0x000000000002c544       0xc0 build/cooja/mtype756.a(sensors.o)
                                         0xd8 (size before relaxing)
 .eh_frame      0x000000000002c604      0x120 build/cooja/mtype756.a(leds.o)
                                        0x138 (size before relaxing)
 .eh_frame      0x000000000002c724      0x220 build/cooja/mtype756.a(gpio-hal-arch.o)
                                        0x238 (size before relaxing)
 .eh_frame      0x000000000002c944       0xa0 build/cooja/mtype756.a(buttons.o)
                                         0xb8 (size before relaxing)
 .eh_frame      0x000000000002c9e4       0x40 build/cooja/mtype756.a(res_flag.o)
                                         0x58 (size before relaxing)
 .eh_frame      0x000000000002ca24      0x220 build/cooja/mtype756.a(coap-engine.o)
                                        0x238 (size before relaxing)
 .eh_frame      0x000000000002cc44       0x24 build/cooja/mtype756.a(coap-res-well-k)
                                         0x3c (size before relaxing)
 .eh_frame      0x000000000002cc68      0x188 build/cooja/mtype756.a(coap-observe.o)
                                        0x1a0 (size before relaxing)
 .eh_frame      0x000000000002cdf0      0x250 build/cooja/mtype756.a(coap-uip.o)
                                        0x268 (size before relaxing)
 .eh_frame      0x000000000002d040      0x114 build/cooja/mtype756.a(coap-timer.o)
                                        0x12c (size before relaxing)
 .eh_frame      0x000000000002d154      0x100 build/cooja/mtype756.a(coap-transactio)
                                        0x118 (size before relaxing)
 .eh_frame      0x000000000002d254      0x6ec build/cooja/mtype756.a(coap.o)
                                        0x704 (size before relaxing)
 .eh_frame      0x000000000002d940       0x30 build/cooja/mtype756.a(contiki-main.o)
                                         0x48 (size before relaxing)
 .eh_frame      0x000000000002d970       0x40 build/cooja/mtype756.a(autostart.o)
                                         0x58 (size before relaxing)
 .eh_frame      0x000000000002d9b0      0x100 build/cooja/mtype756.a(ctimer.o)
                                        0x118 (size before relaxing)
 .eh_frame      0x000000000002dab0      0x100 build/cooja/mtype756.a(log.o)
                                        0x118 (size before relaxing)
 .eh_frame      0x000000000002dbb0       0x60 build/cooja/mtype756.a(energest.o)
                                         0x78 (size before relaxing)
 .eh_frame      0x000000000002dc10      0x1e0 build/cooja/mtype756.a(etimer.o)
                                        0x1f8 (size before relaxing)
 .eh_frame      0x000000000002ddf0       0x20 build/cooja/mtype756.a(node-id.o)
                                         0x38 (size before relaxing)
 .eh_frame      0x000000000002de10       0x60 build/cooja/mtype756.a(rtimer.o)
                                         0x78 (size before relaxing)
 .eh_frame      0x000000000002de70      0x1c4 build/cooja/mtype756.a(process.o)
                                        0x1dc (size before relaxing)
 .eh_frame      0x000000000002e034       0xa4 build/cooja/mtype756.a(timer.o)
                                         0xbc (size before relaxing)
 .eh_frame      0x000000000002e0d8      0x1a0 build/cooja/mtype756.a(list.o)
                                        0x1b8 (size before relaxing)
 .eh_frame      0x000000000002e278       0xa0 build/cooja/mtype756.a(memb.o)
                                         0xb8 (size before relaxing)
 .eh_frame      0x000000000002e318      0x144 build/cooja/mtype756.a(button-hal.o)
                                        0x15c (size before relaxing)
 .eh_frame      0x000000000002e45c       0x60 build/cooja/mtype756.a(serial-line.o)
                                         0x78 (size before relaxing)
 .eh_frame      0x000000000002e4bc       0xe0 build/cooja/mtype756.a(gpio-hal.o)
                                         0xf8 (size before relaxing)
 .eh_frame      0x000000000002e59c      0x1a0 build/cooja/mtype756.a(queuebuf.o)
                                        0x1b8 (size before relaxing)
 .eh_frame      0x000000000002e73c      0x28c build/cooja/mtype756.a(packetbuf.o)
                                        0x2a4 (size before relaxing)
 .eh_frame      0x000000000002e9c8       0x80 build/cooja/mtype756.a(netstack.o)
                                         0x98 (size before relaxing)
 .eh_frame      0x000000000002ea48       0x60 build/cooja/mtype756.a(linkaddr.o)
                                         0x78 (size before relaxing)
 .eh_frame      0x000000000002eaa8       0xe0 build/cooja/mtype756.a(csma.o)
                                         0xf8 (size before relaxing)
 .eh_frame      0x000000000002eb88      0x1d0 build/cooja/mtype756.a(csma-output.o)
                                        0x1e8 (size before relaxing)
 .eh_frame      0x000000000002ed58      0x328 build/cooja/mtype756.a(uip-ds6.o)
                                        0x340 (size before relaxing)
 .eh_frame      0x000000000002f080       0x40 build/cooja/mtype756.a(uip-udp-packet.)
                                         0x58 (size before relaxing)
 .eh_frame      0x000000000002f0c0      0x220 build/cooja/mtype756.a(uip-ds6-route.o)
                                        0x238 (size before relaxing)
 .eh_frame      0x000000000002f2e0      0x244 build/cooja/mtype756.a(tcpip.o)
                                        0x25c (size before relaxing)
 .eh_frame      0x000000000002f524      0x1e8 build/cooja/mtype756.a(uip6.o)
                                        0x200 (size before relaxing)
 .eh_frame      0x000000000002f70c      0x1c0 build/cooja/mtype756.a(uip-ds6-nbr.o)
                                        0x1d8 (size before relaxing)
 .eh_frame      0x000000000002f8cc       0x84 build/cooja/mtype756.a(uip-nd6.o)
                                         0x9c (size before relaxing)
 .eh_frame      0x000000000002f950      0x2f8 build/cooja/mtype756.a(sicslowpan.o)
                                        0x310 (size before relaxing)
 .eh_frame      0x000000000002fc48       0x88 build/cooja/mtype756.a(uiplib.o)
                                         0xa0 (size before relaxing)
 .eh_frame      0x000000000002fcd0      0x1e0 build/cooja/mtype756.a(rpl.o)
                                        0x1f8 (size before relaxing)
 .eh_frame      0x000000000002feb0      0x1c4 build/cooja/mtype756.a(rpl-icmp6.o)
                                        0x1dc (size before relaxing)
 .eh_frame      0x0000000000030074       0xa0 build/cooja/mtype756.a(rpl-dag-root.o)
                                         0xb8 (size before relaxing)
 .eh_frame      0x0000000000030114       0xa0 build/cooja/mtype756.a(watchdog.o)
                                         0xb8 (size before relaxing)
 .eh_frame      0x00000000000301b4       0x80 build/cooja/mtype756.a(int-master.o)
                                         0x98 (size before relaxing)
 .eh_frame      0x0000000000030234       0xa4 build/cooja/mtype756.a(coap-timer-defa)
                                         0xbc (size before relaxing)
 .eh_frame      0x00000000000302d8       0xc4 build/cooja/mtype756.a(stimer.o)
                                         0xdc (size before relaxing)
 .eh_frame      0x000000000003039c       0xa0 build/cooja/mtype756.a(ringbuf.o)
                                         0xb8 (size before relaxing)
 .eh_frame      0x000000000003043c       0x20 build/cooja/mtype756.a(assert.o)
                                         0x38 (size before relaxing)
 .eh_frame      0x000000000003045c      0x2ac build/cooja/mtype756.a(nbr-table.o)
                                        0x2c4 (size before relaxing)
 .eh_frame      0x0000000000030708      0x120 build/cooja/mtype756.a(link-stats.o)
                                        0x138 (size before relaxing)
 .eh_frame      0x0000000000030828       0x48 build/cooja/mtype756.a(mac-sequence.o)
                                         0x60 (size before relaxing)
 .eh_frame      0x0000000000030870       0x20 build/cooja/mtype756.a(mac.o)
                                         0x38 (size before relaxing)
 .eh_frame      0x0000000000030890       0xa4 build/cooja/mtype756.a(framer-802154.o)
                                         0xbc (size before relaxing)
 .eh_frame      0x0000000000030934      0x1a4 build/cooja/mtype756.a(frame802154.o)
                                        0x1bc (size before relaxing)
 .eh_frame      0x0000000000030ad8       0x40 build/cooja/mtype756.a(csma-security.o)
                                         0x58 (size before relaxing)
 .eh_frame      0x0000000000030b18      0x200 build/cooja/mtype756.a(uipbuf.o)
                                        0x218 (size before relaxing)
 .eh_frame      0x0000000000030d18      0x150 build/cooja/mtype756.a(uip-icmp6.o)
                                        0x168 (size before relaxing)
 .eh_frame      0x0000000000030e68      0x184 build/cooja/mtype756.a(uip-sr.o)
                                        0x19c (size before relaxing)
 .eh_frame      0x0000000000030fec       0xe0 build/cooja/mtype756.a(uip-packetqueue)
                                         0xf8 (size before relaxing)
 .eh_frame      0x00000000000310cc       0x80 build/cooja/mtype756.a(rpl-nbr-policy.)
                                         0x98 (size before relaxing)
 .eh_frame      0x000000000003114c      0x2d4 build/cooja/mtype756.a(rpl-neighbor.o)
                                        0x2ec (size before relaxing)
 .eh_frame      0x0000000000031420      0x370 build/cooja/mtype756.a(rpl-dag.o)
                                        0x388 (size before relaxing)
 .eh_frame      0x0000000000031790      0x3a8 build/cooja/mtype756.a(rpl-timers.o)
                                        0x3c0 (size before relaxing)
 .eh_frame      0x0000000000031b38      0x124 build/cooja/mtype756.a(rpl-ext-header.)
                                        0x13c (size before relaxing)
 .eh_frame      0x0000000000031c5c      0x148 build/cooja/mtype756.a(rpl-mrhof.o)
                                        0x160 (size before relaxing)
 .eh_frame      0x0000000000031da4       0x84 /usr/lib/gcc/i686-linux-gnu/5/libgcc.a(_udivdi3.o)
                                         0x9c (size before relaxing)
 .eh_frame      0x0000000000031e28        0x4 /usr/lib/gcc/i686-linux-gnu/5/crtendS.o
 *(.eh_frame.*)

.gcc_except_table
 *(.gcc_except_table .gcc_except_table.*)

.gnu_extab
 *(.gnu_extab*)

.exception_ranges
 *(.exception_ranges .exception_ranges*)
                0x0000000000032f10                . = DATA_SEGMENT_ALIGN (0x1000, 0x1000)

.eh_frame
 *(.eh_frame)
 *(.eh_frame.*)

.gnu_extab
 *(.gnu_extab)

.gcc_except_table
 *(.gcc_except_table .gcc_except_table.*)

.exception_ranges
 *(.exception_ranges .exception_ranges*)

.tdata
 *(.tdata .tdata.* .gnu.linkonce.td.*)

.tbss
 *(.tbss .tbss.* .gnu.linkonce.tb.*)
 *(.tcommon)

.preinit_array
 *(.preinit_array)

.init_array     0x0000000000032f10        0x4
 *(SORT(.init_array.*) SORT(.ctors.*))
 *(.init_array EXCLUDE_FILE(*crtend?.o *crtend.o *crtbegin?.o *crtbegin.o) .ctors)
 .init_array    0x0000000000032f10        0x4 /usr/lib/gcc/i686-linux-gnu/5/crtbeginS.o

.fini_array     0x0000000000032f14        0x4
 *(SORT(.fini_array.*) SORT(.dtors.*))
 *(.fini_array EXCLUDE_FILE(*crtend?.o *crtend.o *crtbegin?.o *crtbegin.o) .dtors)
 .fini_array    0x0000000000032f14        0x4 /usr/lib/gcc/i686-linux-gnu/5/crtbeginS.o

.ctors
 *crtbegin.o(.ctors)
 *crtbegin?.o(.ctors)
 *(EXCLUDE_FILE(*crtend?.o *crtend.o) .ctors)
 *(SORT(.ctors.*))
 *(.ctors)

.dtors
 *crtbegin.o(.dtors)
 *crtbegin?.o(.dtors)
 *(EXCLUDE_FILE(*crtend?.o *crtend.o) .dtors)
 *(SORT(.dtors.*))
 *(.dtors)

.jcr            0x0000000000032f18        0x4
 *(.jcr)
 .jcr           0x0000000000032f18        0x0 /usr/lib/gcc/i686-linux-gnu/5/crtbeginS.o
 .jcr           0x0000000000032f18        0x4 /usr/lib/gcc/i686-linux-gnu/5/crtendS.o

.data.rel.ro
 *(.data.rel.ro.local* .gnu.linkonce.d.rel.ro.local.*)
 *(.data.rel.ro .data.rel.ro.* .gnu.linkonce.d.rel.ro.*)

.dynamic        0x0000000000032f1c       0xd0
 *(.dynamic)
 .dynamic       0x0000000000032f1c       0xd0 /usr/lib/gcc/i686-linux-gnu/5/../../../i386-linux-gnu/crti.o
                0x0000000000032f1c                _DYNAMIC

.got            0x0000000000032fec       0x14
 *(.got)
 .got           0x0000000000032fec       0x14 /usr/lib/gcc/i686-linux-gnu/5/../../../i386-linux-gnu/crti.o
 *(.igot)
                0x0000000000033ff4                . = DATA_SEGMENT_RELRO_END (., (SIZEOF (.got.plt) >= 0xc)?0xc:0x0)

.got.plt        0x0000000000033000        0xc
 *(.got.plt)
 .got.plt       0x0000000000033000        0xc /usr/lib/gcc/i686-linux-gnu/5/../../../i386-linux-gnu/crti.o
                0x0000000000033000                _GLOBAL_OFFSET_TABLE_
 *(.igot.plt)

.data           0x0000000000033020      0x444
 *(.data .data.* .gnu.linkonce.d.*)
 .data          0x0000000000033020        0x0 /usr/lib/gcc/i686-linux-gnu/5/../../../i386-linux-gnu/crti.o
 .data          0x0000000000033020        0x0 /usr/lib/gcc/i686-linux-gnu/5/crtbeginS.o
 .data.rel.local
                0x0000000000033020        0x4 /usr/lib/gcc/i686-linux-gnu/5/crtbeginS.o
                0x0000000000033020                __dso_handle
 .data          0x0000000000033024       0x14 sector.o
                0x0000000000033024                flag_process
 *fill*         0x0000000000033038        0x8 
 .data          0x0000000000033040       0x44 build/cooja/mtype756.o
                0x0000000000033040                simInterfaces
                0x0000000000033074                sensors
 .data          0x0000000000033084        0x0 build/cooja/mtype756.a(simEnvChange.o)
 .data          0x0000000000033084        0x0 build/cooja/mtype756.a(cooja_mt.o)
 .data          0x0000000000033084        0x0 build/cooja/mtype756.a(cooja_mtarch.o)
 .data          0x0000000000033084        0x0 build/cooja/mtype756.a(rtimer-arch.o)
 .data          0x0000000000033084        0x0 build/cooja/mtype756.a(beep.o)
 .data          0x0000000000033084        0x0 build/cooja/mtype756.a(leds-arch.o)
 .data          0x0000000000033084        0x0 build/cooja/mtype756.a(moteid.o)
 .data          0x0000000000033084        0x0 build/cooja/mtype756.a(pir-sensor.o)
 .data          0x0000000000033084        0x0 build/cooja/mtype756.a(rs232.o)
 .data          0x0000000000033084        0x0 build/cooja/mtype756.a(vib-sensor.o)
 .data          0x0000000000033084        0x0 build/cooja/mtype756.a(clock.o)
 .data          0x0000000000033084        0x0 build/cooja/mtype756.a(cooja-log.o)
 .data          0x0000000000033084        0x0 build/cooja/mtype756.a(cfs-cooja.o)
 .data          0x0000000000033084       0x2c build/cooja/mtype756.a(cooja-radio.o)
                0x0000000000033084                simRadioHWOn
                0x0000000000033088                simSignalStrength
                0x000000000003308c                simLastSignalStrength
                0x0000000000033090                simPower
                0x0000000000033094                simRadioChannel
                0x0000000000033098                simLQI
                0x00000000000330a0                cooja_radio_process
 .data          0x00000000000330b0        0x0 build/cooja/mtype756.a(eeprom.o)
 .data          0x00000000000330b0        0x0 build/cooja/mtype756.a(random.o)
 .data          0x00000000000330b0       0x10 build/cooja/mtype756.a(sensors.o)
                0x00000000000330b0                sensors_process
 .data          0x00000000000330c0        0x0 build/cooja/mtype756.a(leds.o)
 .data          0x00000000000330c0        0x0 build/cooja/mtype756.a(gpio-hal-arch.o)
 .data          0x00000000000330c0       0x78 build/cooja/mtype756.a(buttons.o)
                0x00000000000330c0                simButtonIsActive
                0x0000000000033130                button_hal_buttons
 *fill*         0x0000000000033138        0x8 
 .data          0x0000000000033140       0x24 build/cooja/mtype756.a(res_flag.o)
                0x0000000000033140                res_flag
 .data          0x0000000000033164        0x8 build/cooja/mtype756.a(coap-engine.o)
 *fill*         0x000000000003316c       0x14 
 .data          0x0000000000033180       0x24 build/cooja/mtype756.a(coap-res-well-k)
                0x0000000000033180                res_well_known_core
 .data          0x00000000000331a4       0x10 build/cooja/mtype756.a(coap-observe.o)
 .data          0x00000000000331b4       0x10 build/cooja/mtype756.a(coap-uip.o)
                0x00000000000331b4                coap_engine
 .data          0x00000000000331c4        0x4 build/cooja/mtype756.a(coap-timer.o)
 .data          0x00000000000331c8       0x10 build/cooja/mtype756.a(coap-transactio)
 .data          0x00000000000331d8        0x4 build/cooja/mtype756.a(coap.o)
                0x00000000000331d8                coap_error_message
 .data          0x00000000000331dc        0x0 build/cooja/mtype756.a(contiki-main.o)
 .data          0x00000000000331dc        0x0 build/cooja/mtype756.a(autostart.o)
 .data          0x00000000000331dc       0x14 build/cooja/mtype756.a(ctimer.o)
                0x00000000000331e0                ctimer_process
 *fill*         0x00000000000331f0       0x10 
 .data          0x0000000000033200       0xbc build/cooja/mtype756.a(log.o)
                0x0000000000033200                curr_log_level_main
                0x0000000000033220                all_modules
 .data          0x00000000000332bc        0x0 build/cooja/mtype756.a(energest.o)
 .data          0x00000000000332bc       0x10 build/cooja/mtype756.a(etimer.o)
                0x00000000000332bc                etimer_process
 .data          0x00000000000332cc        0x0 build/cooja/mtype756.a(node-id.o)
 .data          0x00000000000332cc        0x0 build/cooja/mtype756.a(rtimer.o)
 .data          0x00000000000332cc        0x0 build/cooja/mtype756.a(process.o)
 .data          0x00000000000332cc        0x0 build/cooja/mtype756.a(timer.o)
 .data          0x00000000000332cc        0x0 build/cooja/mtype756.a(list.o)
 .data          0x00000000000332cc        0x0 build/cooja/mtype756.a(memb.o)
 .data          0x00000000000332cc       0x10 build/cooja/mtype756.a(button-hal.o)
                0x00000000000332cc                button_hal_process
 .data          0x00000000000332dc       0x10 build/cooja/mtype756.a(serial-line.o)
                0x00000000000332dc                serial_line_process
 .data          0x00000000000332ec        0x4 build/cooja/mtype756.a(gpio-hal.o)
 .data          0x00000000000332f0       0x18 build/cooja/mtype756.a(queuebuf.o)
 .data          0x0000000000033308        0x4 build/cooja/mtype756.a(packetbuf.o)
 .data          0x000000000003330c        0x4 build/cooja/mtype756.a(netstack.o)
 .data          0x0000000000033310        0x0 build/cooja/mtype756.a(linkaddr.o)
 .data          0x0000000000033310        0x0 build/cooja/mtype756.a(csma.o)
 .data          0x0000000000033310       0x28 build/cooja/mtype756.a(csma-output.o)
 .data          0x0000000000033338        0x0 build/cooja/mtype756.a(uip-ds6.o)
 .data          0x0000000000033338        0x0 build/cooja/mtype756.a(uip-udp-packet.)
 .data          0x0000000000033338       0x10 build/cooja/mtype756.a(uip-ds6-route.o)
 .data          0x0000000000033348       0x10 build/cooja/mtype756.a(tcpip.o)
                0x0000000000033348                tcpip_process
 .data          0x0000000000033358        0x0 build/cooja/mtype756.a(uip6.o)
 .data          0x0000000000033358       0x14 build/cooja/mtype756.a(uip-ds6-nbr.o)
 .data          0x000000000003336c        0xc build/cooja/mtype756.a(uip-nd6.o)
 .data          0x0000000000033378        0x0 build/cooja/mtype756.a(sicslowpan.o)
 .data          0x0000000000033378        0x0 build/cooja/mtype756.a(uiplib.o)
 .data          0x0000000000033378        0x0 build/cooja/mtype756.a(rpl.o)
 .data          0x0000000000033378       0x30 build/cooja/mtype756.a(rpl-icmp6.o)
 .data          0x00000000000333a8        0x0 build/cooja/mtype756.a(rpl-dag-root.o)
 .data          0x00000000000333a8        0x0 build/cooja/mtype756.a(watchdog.o)
 .data          0x00000000000333a8        0x0 build/cooja/mtype756.a(int-master.o)
 .data          0x00000000000333a8       0x10 build/cooja/mtype756.a(coap-timer-defa)
                0x00000000000333a8                coap_timer_process
 .data          0x00000000000333b8        0x0 build/cooja/mtype756.a(stimer.o)
 .data          0x00000000000333b8        0x0 build/cooja/mtype756.a(ringbuf.o)
 .data          0x00000000000333b8        0x0 build/cooja/mtype756.a(assert.o)
 .data          0x00000000000333b8       0x10 build/cooja/mtype756.a(nbr-table.o)
 .data          0x00000000000333c8       0x14 build/cooja/mtype756.a(link-stats.o)
 .data          0x00000000000333dc        0x0 build/cooja/mtype756.a(mac-sequence.o)
 .data          0x00000000000333dc        0x0 build/cooja/mtype756.a(mac.o)
 .data          0x00000000000333dc        0x0 build/cooja/mtype756.a(framer-802154.o)
 .data          0x00000000000333dc        0x2 build/cooja/mtype756.a(frame802154.o)
 .data          0x00000000000333de        0x0 build/cooja/mtype756.a(csma-security.o)
 .data          0x00000000000333de        0x0 build/cooja/mtype756.a(uipbuf.o)
 *fill*         0x00000000000333de        0x2 
 .data          0x00000000000333e0       0x20 build/cooja/mtype756.a(uip-icmp6.o)
 .data          0x0000000000033400       0x10 build/cooja/mtype756.a(uip-sr.o)
 .data          0x0000000000033410        0xc build/cooja/mtype756.a(uip-packetqueue)
 .data          0x000000000003341c        0x0 build/cooja/mtype756.a(rpl-nbr-policy.)
 .data          0x000000000003341c       0x14 build/cooja/mtype756.a(rpl-neighbor.o)
                0x000000000003342c                rpl_neighbors
 .data          0x0000000000033430        0x0 build/cooja/mtype756.a(rpl-dag.o)
 .data          0x0000000000033430        0x0 build/cooja/mtype756.a(rpl-timers.o)
 .data          0x0000000000033430        0x0 build/cooja/mtype756.a(rpl-ext-header.)
 *fill*         0x0000000000033430       0x10 
 .data          0x0000000000033440       0x24 build/cooja/mtype756.a(rpl-mrhof.o)
                0x0000000000033440                rpl_mrhof
 .data          0x0000000000033464        0x0 /usr/lib/gcc/i686-linux-gnu/5/libgcc.a(_udivdi3.o)
 .data          0x0000000000033464        0x0 /usr/lib/gcc/i686-linux-gnu/5/crtendS.o
 .data          0x0000000000033464        0x0 /usr/lib/gcc/i686-linux-gnu/5/../../../i386-linux-gnu/crtn.o

.tm_clone_table
                0x0000000000033464        0x0
 .tm_clone_table
                0x0000000000033464        0x0 /usr/lib/gcc/i686-linux-gnu/5/crtbeginS.o
 .tm_clone_table
                0x0000000000033464        0x0 /usr/lib/gcc/i686-linux-gnu/5/crtendS.o

.data1
 *(.data1)
                0x0000000000033464                _edata = .
                [!provide]                        PROVIDE (edata, .)
                0x0000000000033464                . = .
                0x0000000000033464                __bss_start = .

.bss            0x0000000000033480    0x13e44
 *(.dynbss)
 .dynbss        0x0000000000033480        0x0 /usr/lib/gcc/i686-linux-gnu/5/../../../i386-linux-gnu/crti.o
 *(.bss .bss.* .gnu.linkonce.b.*)
 .bss           0x0000000000033480        0x0 /usr/lib/gcc/i686-linux-gnu/5/../../../i386-linux-gnu/crti.o
 .bss           0x0000000000033480        0x1 /usr/lib/gcc/i686-linux-gnu/5/crtbeginS.o
 *fill*         0x0000000000033481        0x3 
 .bss           0x0000000000033484       0x11 sector.o
 *fill*         0x0000000000033495        0xb 
 .bss           0x00000000000334a0     0x2030 build/cooja/mtype756.o
 .bss           0x00000000000354d0        0x1 build/cooja/mtype756.a(simEnvChange.o)
                0x00000000000354d0                simDontFallAsleep
 *fill*         0x00000000000354d1        0x3 
 .bss           0x00000000000354d4        0x4 build/cooja/mtype756.a(cooja_mt.o)
 .bss           0x00000000000354d8        0x4 build/cooja/mtype756.a(cooja_mtarch.o)
 .bss           0x00000000000354dc        0x0 build/cooja/mtype756.a(rtimer-arch.o)
 .bss           0x00000000000354dc        0x0 build/cooja/mtype756.a(beep.o)
 .bss           0x00000000000354dc        0x1 build/cooja/mtype756.a(leds-arch.o)
                0x00000000000354dc                simLedsValue
 .bss           0x00000000000354dd        0x0 build/cooja/mtype756.a(moteid.o)
 .bss           0x00000000000354dd        0x1 build/cooja/mtype756.a(pir-sensor.o)
                0x00000000000354dd                simPirValue
 *fill*         0x00000000000354de        0x2 
 .bss           0x00000000000354e0        0x4 build/cooja/mtype756.a(rs232.o)
 .bss           0x00000000000354e4        0x1 build/cooja/mtype756.a(vib-sensor.o)
                0x00000000000354e4                simVibValue
 .bss           0x00000000000354e5        0x0 build/cooja/mtype756.a(clock.o)
 *fill*         0x00000000000354e5       0x1b 
 .bss           0x0000000000035500     0x2020 build/cooja/mtype756.a(cooja-log.o)
 .bss           0x0000000000037520      0xfc0 build/cooja/mtype756.a(cfs-cooja.o)
                0x0000000000037520                simCFSData
                0x00000000000384c0                simCFSSize
                0x00000000000384c4                simCFSChanged
                0x00000000000384c8                simCFSRead
                0x00000000000384cc                simCFSWritten
 .bss           0x00000000000384e0       0x24 build/cooja/mtype756.a(cooja-radio.o)
                0x00000000000384e0                simReceiving
                0x00000000000384e4                simInSize
                0x00000000000384e8                simLastPacketTimestamp
                0x00000000000384f0                simOutSize
 .bss           0x0000000000038504        0xc build/cooja/mtype756.a(eeprom.o)
                0x0000000000038504                simEEPROMChanged
                0x0000000000038508                simEEPROMRead
                0x000000000003850c                simEEPROMWritten
 .bss           0x0000000000038510        0x0 build/cooja/mtype756.a(random.o)
 .bss           0x0000000000038510        0xc build/cooja/mtype756.a(sensors.o)
 .bss           0x000000000003851c        0x0 build/cooja/mtype756.a(leds.o)
 .bss           0x000000000003851c       0x24 build/cooja/mtype756.a(gpio-hal-arch.o)
 .bss           0x0000000000038540        0x0 build/cooja/mtype756.a(buttons.o)
 .bss           0x0000000000038540        0x4 build/cooja/mtype756.a(res_flag.o)
                0x0000000000038540                actual_flag
 *fill*         0x0000000000038544       0x1c 
 .bss           0x0000000000038560      0x190 build/cooja/mtype756.a(coap-engine.o)
 .bss           0x00000000000386f0        0x0 build/cooja/mtype756.a(coap-res-well-k)
 *fill*         0x00000000000386f0       0x10 
 .bss           0x0000000000038700      0x120 build/cooja/mtype756.a(coap-observe.o)
 .bss           0x0000000000038820       0x18 build/cooja/mtype756.a(coap-uip.o)
 .bss           0x0000000000038838        0x5 build/cooja/mtype756.a(coap-timer.o)
 *fill*         0x000000000003883d        0x3 
 .bss           0x0000000000038840      0x334 build/cooja/mtype756.a(coap-transactio)
 .bss           0x0000000000038b74        0x6 build/cooja/mtype756.a(coap.o)
                0x0000000000038b74                coap_status_code
 .bss           0x0000000000038b7a        0x0 build/cooja/mtype756.a(contiki-main.o)
 .bss           0x0000000000038b7a        0x0 build/cooja/mtype756.a(autostart.o)
 *fill*         0x0000000000038b7a        0x2 
 .bss           0x0000000000038b7c        0x5 build/cooja/mtype756.a(ctimer.o)
 *fill*         0x0000000000038b81        0x3 
 .bss           0x0000000000038b84       0x2c build/cooja/mtype756.a(log.o)
                0x0000000000038b84                curr_log_level_rpl
                0x0000000000038b88                curr_log_level_tcpip
                0x0000000000038b8c                curr_log_level_ipv6
                0x0000000000038b90                curr_log_level_6lowpan
                0x0000000000038b94                curr_log_level_nullnet
                0x0000000000038b98                curr_log_level_mac
                0x0000000000038b9c                curr_log_level_framer
                0x0000000000038ba0                curr_log_level_6top
                0x0000000000038ba4                curr_log_level_coap
                0x0000000000038ba8                curr_log_level_snmp
                0x0000000000038bac                curr_log_level_lwm2m
 .bss           0x0000000000038bb0        0x0 build/cooja/mtype756.a(energest.o)
 .bss           0x0000000000038bb0        0x8 build/cooja/mtype756.a(etimer.o)
 .bss           0x0000000000038bb8        0x2 build/cooja/mtype756.a(node-id.o)
                0x0000000000038bb8                node_id
 *fill*         0x0000000000038bba        0x2 
 .bss           0x0000000000038bbc        0x4 build/cooja/mtype756.a(rtimer.o)
 .bss           0x0000000000038bc0      0x1a1 build/cooja/mtype756.a(process.o)
                0x0000000000038bc0                process_list
                0x0000000000038bc4                process_current
 .bss           0x0000000000038d61        0x0 build/cooja/mtype756.a(timer.o)
 .bss           0x0000000000038d61        0x0 build/cooja/mtype756.a(list.o)
 .bss           0x0000000000038d61        0x0 build/cooja/mtype756.a(memb.o)
 *fill*         0x0000000000038d61        0x3 
 .bss           0x0000000000038d64       0x10 build/cooja/mtype756.a(button-hal.o)
 *fill*         0x0000000000038d74        0xc 
 .bss           0x0000000000038d80      0x140 build/cooja/mtype756.a(serial-line.o)
 .bss           0x0000000000038ec0        0x4 build/cooja/mtype756.a(gpio-hal.o)
 *fill*         0x0000000000038ec4       0x1c 
 .bss           0x0000000000038ee0     0x2c80 build/cooja/mtype756.a(queuebuf.o)
 .bss           0x000000000003bb60       0xa0 build/cooja/mtype756.a(packetbuf.o)
 .bss           0x000000000003bc00        0x4 build/cooja/mtype756.a(netstack.o)
 .bss           0x000000000003bc04        0x0 build/cooja/mtype756.a(linkaddr.o)
 .bss           0x000000000003bc04        0x0 build/cooja/mtype756.a(csma.o)
 *fill*         0x000000000003bc04       0x1c 
 .bss           0x000000000003bc20      0x726 build/cooja/mtype756.a(csma-output.o)
 *fill*         0x000000000003c346        0x2 
 .bss           0x000000000003c348       0x30 build/cooja/mtype756.a(uip-ds6.o)
 .bss           0x000000000003c378        0x0 build/cooja/mtype756.a(uip-udp-packet.)
 *fill*         0x000000000003c378        0x8 
 .bss           0x000000000003c380       0x60 build/cooja/mtype756.a(uip-ds6-route.o)
 .bss           0x000000000003c3e0       0x10 build/cooja/mtype756.a(tcpip.o)
 .bss           0x000000000003c3f0        0x8 build/cooja/mtype756.a(uip6.o)
                0x000000000003c3f0                uip_ext_bitmap
                0x000000000003c3f2                uip_ext_len
                0x000000000003c3f4                uip_last_proto
 *fill*         0x000000000003c3f8        0x8 
 .bss           0x000000000003c400     0x1c20 build/cooja/mtype756.a(uip-ds6-nbr.o)
 .bss           0x000000000003e020       0x10 build/cooja/mtype756.a(uip-nd6.o)
 *fill*         0x000000000003e030       0x10 
 .bss           0x000000000003e040      0x724 build/cooja/mtype756.a(sicslowpan.o)
 .bss           0x000000000003e764        0x0 build/cooja/mtype756.a(uiplib.o)
 .bss           0x000000000003e764        0x1 build/cooja/mtype756.a(rpl.o)
 .bss           0x000000000003e765        0x0 build/cooja/mtype756.a(rpl-icmp6.o)
 *fill*         0x000000000003e765        0x3 
 .bss           0x000000000003e768       0x11 build/cooja/mtype756.a(rpl-dag-root.o)
 .bss           0x000000000003e779        0x0 build/cooja/mtype756.a(watchdog.o)
 *fill*         0x000000000003e779        0x3 
 .bss           0x000000000003e77c        0x4 build/cooja/mtype756.a(int-master.o)
 .bss           0x000000000003e780       0x1c build/cooja/mtype756.a(coap-timer-defa)
 .bss           0x000000000003e79c        0x0 build/cooja/mtype756.a(stimer.o)
 .bss           0x000000000003e79c        0x0 build/cooja/mtype756.a(ringbuf.o)
 .bss           0x000000000003e79c        0x0 build/cooja/mtype756.a(assert.o)
 *fill*         0x000000000003e79c        0x4 
 .bss           0x000000000003e7a0     0x1214 build/cooja/mtype756.a(nbr-table.o)
 *fill*         0x000000000003f9b4        0xc 